ASxxxx Linker V03.00 + NoICE + sdld,  page 1.
Hexadecimal  [32-Bits]

Area                       Addr        Size        Decimal Bytes (Attributes)
--------------------       ----        ----        ------- ----- ------------
.  .ABS.               00000000    00000000 =           0. bytes (ABS,CON)

        Value  Global            Value  Global            Value  Global    
        -----  ------            -----  ------            -----  ------    
     00000000  .__.ABS.  |    00000000  _rRAMG    |    00000000  l__BASE  
     00000000  l__BSS    |    00000000  l__CABS   |    00000000  l__CODE_1
     00000000  l__DABS   |    00000000  l__HEADER |    00000000  l__HEAP  
     00000000  l__HRAM   |    00000000  l__LIT    |    00000000  s__CABS  
     00000000  s__DABS   |    00000000  s__HEADER |    00000000  s__HEADER
     00000000  s__HEADER |    00000000  s__HEADER |    00000000  s__HEADER
     00000000  s__HEADER |    00000000  s__HEADER |    00000000  s__HEADER
     00000000  s__HEADER |    00000000  s__HEADER |    00000000  s__HEADER
     00000000  s__HEADER |    00000000  s__HEADER |    00000000  s__HEADER
     00000000  s__HEADER |    00000000  s__HEADER |    00000000  s__HEADER
     00000000  s__HEADER |    00000000  s__HEADER |    00000000  s__HRAM  
     00000000  s__HRAM12 |    00000001  l__GSFINA |    00000001  l__HEADER
     00000001  l__HEADER |    00000001  l__HEADER |    00000001  l__HEADER
     00000001  l__HEADER |    00000001  l__HEADER |    00000001  l__HEADER
     00000002  l__HEADER |    00000002  l__HEADER |    00000002  l__HEADER
     00000003  l__HEADER |    00000003  l__HRAM12 |    00000004  ___bank_L
     00000004  ___bank_S |    00000005  ___bank_L |    00000005  l__HEADER
     00000006  ___bank_L |    00000006  l__HEADER |    00000007  ___bank_L
     00000007  l__HEADER |    00000008  ___bank_L |    00000008  l__HEADER
     0000000C  l__GSINIT |    0000002E  l__CODE_2 |    00000030  l__HEADER
     0000004F  l__HEADER |    00000065  ___bank_W |    00000082  l__HEADER
     00000082  l__INITIA |    00000082  l__INITIA |    000000E6  ___bank_W
     000001A0  l__CODE_4 |    00000200  s__CODE   |    000003A5  l__DATA  
     000005A0  l__CODE_1 |    000005A0  l__CODE_2 |    00000708  l__CODE_8
     0000084A  l__CODE_3 |    00000E10  l__CODE_6 |    00000E35  l__CODE  
     00001035  s__HOME   |    0000110A  l__CODE_2 |    00001578  l__HOME  
     000016A1  l__CODE_0 |    000017B2  l__CODE_5 |    000017D3  l__CODE_7
     00001AE0  l__CODE_1 |    00001AF4  l__CODE_2 |    00002000  _rROMB0  
     000025AD  s__BASE   |    000025AD  s__CODE_0 |    00003000  _rROMB1  
     00003C4E  s__INITIA |    00003C4E  s__LIT    |    00003CD0  s__GSINIT
     00003CDC  s__GSFINA |    00004000  _rRAMB    |    00008000  __VRAM   
     00008000  __VRAM800 |    00008800  __VRAM880 |    00009000  __VRAM900
     00009800  __SCRN0   |    00009C00  __SCRN1   |    0000A000  __SRAM   
     0000C000  __RAM     |    0000C000  _shadow_O |    0000C0A0  s__DATA  
     0000C445  s__BSS    |    0000C445  s__INITIA |    0000C4C7  s__HEAP  
     0000D000  __RAMBANK |    0000E000  .STACK    |    0000FE00  __OAMRAM 
     0000FF00  _P1_REG   |    0000FF00  __IO      |    0000FF01  _SB_REG  
     0000FF02  _SC_REG   |    0000FF04  _DIV_REG  |    0000FF05  _TIMA_REG
     0000FF06  _TMA_REG  |    0000FF07  _TAC_REG  |    0000FF0F  _IF_REG  
     0000FF10  _NR10_REG |    0000FF11  _NR11_REG |    0000FF12  _NR12_REG
     0000FF13  _NR13_REG |    0000FF14  _NR14_REG |    0000FF16  _NR21_REG
     0000FF17  _NR22_REG |    0000FF18  _NR23_REG |    0000FF19  _NR24_REG
     0000FF1A  _NR30_REG |    0000FF1B  _NR31_REG |    0000FF1C  _NR32_REG
     0000FF1D  _NR33_REG |    0000FF1E  _NR34_REG |    0000FF20  _NR41_REG
     0000FF21  _NR42_REG |    0000FF22  _NR43_REG |    0000FF23  _NR44_REG
     0000FF24  _NR50_REG |    0000FF25  _NR51_REG |    0000FF26  _NR52_REG
     0000FF30  _PCM_SAMP |    0000FF30  __AUD3WAV |    0000FF40  _LCDC_REG
     0000FF41  _STAT_REG |    0000FF42  _SCY_REG  |    0000FF43  _SCX_REG 
     0000FF44  _LY_REG   |    0000FF45  _LYC_REG  |    0000FF46  _DMA_REG 
     0000FF47  _BGP_REG  |    0000FF48  _OBP0_REG |    0000FF49  _OBP1_REG
ASxxxx Linker V03.00 + NoICE + sdld,  page 2.
Hexadecimal  [32-Bits]

Area                       Addr        Size        Decimal Bytes (Attributes)
--------------------       ----        ----        ------- ----- ------------
.  .ABS.               00000000    00000000 =           0. bytes (ABS,CON)

        Value  Global            Value  Global            Value  Global    
        -----  ------            -----  ------            -----  ------    
     0000FF4A  _WY_REG   |    0000FF4B  _WX_REG   |    0000FF4D  _KEY1_REG
     0000FF4F  _VBK_REG  |    0000FF51  _HDMA1_RE |    0000FF52  _HDMA2_RE
     0000FF53  _HDMA3_RE |    0000FF54  _HDMA4_RE |    0000FF55  _HDMA5_RE
     0000FF56  _RP_REG   |    0000FF68  _BCPS_REG |    0000FF69  _BCPD_REG
     0000FF6A  _OCPS_REG |    0000FF6B  _OCPD_REG |    0000FF70  _SVBK_REG
     0000FF76  _PCM12_RE |    0000FF77  _PCM34_RE |    0000FF80  .refresh_
     0000FF80  __HRAM    |    0000FFFF  _IE_REG   |    00034000  s__CODE_3
     00044000  s__CODE_4 |    00054000  s__CODE_5 |    00064000  s__CODE_6
     00074000  s__CODE_7 |    00084000  s__CODE_8 |    000A4000  s__CODE_1
     00644000  s__CODE_1 |    00654000  s__CODE_1 |    00C84000  s__CODE_2
     00C94000  s__CODE_2 |    00E14000  s__CODE_2 |    00E64000  s__CODE_2
ASxxxx Linker V03.00 + NoICE + sdld,  page 3.
Hexadecimal  [32-Bits]

Area                       Addr        Size        Decimal Bytes (Attributes)
--------------------       ----        ----        ------- ----- ------------
_CODE                  00000200    00000E35 =        3637. bytes (REL,CON)

        Value  Global            Value  Global            Value  Global    
        -----  ------            -----  ------            -----  ------    
     00000200  _set_came |    00000503  _set_worl |    0000082A  _set_leve
     00000873  _render_c |    0000095E  _performa |    0000096B  _main    
     00000A58  _load_lev |    00000ADE  _switch_d |    00000B22  _switch_j
     00000BA6  _switch_i |    00000BF0  _switch_o |    00000C25  _switch_o
     00000C5A  _switch_l |    00000D0A  _switch_l |    00000D4D  _switch_c
     00000D88  _LEFT_RIG |    00000DC1  _jump     |    00000E3D  _land    
     00000E9C  _setGameB |    00000EA7  _gameover |    00000F08  _NPC_rese
     00000F27  ___hide_m |    00000F47  ___move_m |    00000F7F  ___move_m
     00000FBB  ___move_m |    00000FF7  ___move_m
ASxxxx Linker V03.00 + NoICE + sdld,  page 4.
Hexadecimal  [32-Bits]

Area                       Addr        Size        Decimal Bytes (Attributes)
--------------------       ----        ----        ------- ----- ------------
_HEADER0               00000000    00000001 =           1. bytes (ABS,CON)

        Value  Global            Value  Global            Value  Global    
        -----  ------            -----  ------            -----  ------    
     00000020  .call_hl 
ASxxxx Linker V03.00 + NoICE + sdld,  page 5.
Hexadecimal  [32-Bits]

Area                       Addr        Size        Decimal Bytes (Attributes)
--------------------       ----        ----        ------- ----- ------------
_HEADER1               00000000    00000005 =           5. bytes (ABS,CON)

        Value  Global            Value  Global            Value  Global    
        -----  ------            -----  ------            -----  ------    
     00000028  .MemsetSm
ASxxxx Linker V03.00 + NoICE + sdld,  page 6.
Hexadecimal  [32-Bits]

Area                       Addr        Size        Decimal Bytes (Attributes)
--------------------       ----        ----        ------- ----- ------------
_HEADER2               00000000    00000007 =           7. bytes (ABS,CON)

        Value  Global            Value  Global            Value  Global    
        -----  ------            -----  ------            -----  ------    
     00000030  .MemcpySm
ASxxxx Linker V03.00 + NoICE + sdld,  page 7.
Hexadecimal  [32-Bits]

Area                       Addr        Size        Decimal Bytes (Attributes)
--------------------       ----        ----        ------- ----- ------------
_HEADER3               00000000    00000008 =           8. bytes (ABS,CON)

        Value  Global            Value  Global            Value  Global    
        -----  ------            -----  ------            -----  ------    
ASxxxx Linker V03.00 + NoICE + sdld,  page 8.
Hexadecimal  [32-Bits]

Area                       Addr        Size        Decimal Bytes (Attributes)
--------------------       ----        ----        ------- ----- ------------
_HEADER4               00000000    0000004F =          79. bytes (ABS,CON)

        Value  Global            Value  Global            Value  Global    
        -----  ------            -----  ------            -----  ------    
     00000080  .int      |    0000008F  _wait_int |    0000009C  __standar
     000000AC  _refresh_
ASxxxx Linker V03.00 + NoICE + sdld,  page 9.
Hexadecimal  [32-Bits]

Area                       Addr        Size        Decimal Bytes (Attributes)
--------------------       ----        ----        ------- ----- ------------
_HEADER5               00000000    00000002 =           2. bytes (ABS,CON)

        Value  Global            Value  Global            Value  Global    
        -----  ------            -----  ------            -----  ------    
ASxxxx Linker V03.00 + NoICE + sdld,  page 10.
Hexadecimal  [32-Bits]

Area                       Addr        Size        Decimal Bytes (Attributes)
--------------------       ----        ----        ------- ----- ------------
_HEADER6               00000000    00000030 =          48. bytes (ABS,CON)

        Value  Global            Value  Global            Value  Global    
        -----  ------            -----  ------            -----  ------    
ASxxxx Linker V03.00 + NoICE + sdld,  page 11.
Hexadecimal  [32-Bits]

Area                       Addr        Size        Decimal Bytes (Attributes)
--------------------       ----        ----        ------- ----- ------------
_HEADER7               00000000    00000006 =           6. bytes (ABS,CON)

        Value  Global            Value  Global            Value  Global    
        -----  ------            -----  ------            -----  ------    
ASxxxx Linker V03.00 + NoICE + sdld,  page 12.
Hexadecimal  [32-Bits]

Area                       Addr        Size        Decimal Bytes (Attributes)
--------------------       ----        ----        ------- ----- ------------
_HEADER8               00000000    00000003 =           3. bytes (ABS,CON)

        Value  Global            Value  Global            Value  Global    
        -----  ------            -----  ------            -----  ------    
ASxxxx Linker V03.00 + NoICE + sdld,  page 13.
Hexadecimal  [32-Bits]

Area                       Addr        Size        Decimal Bytes (Attributes)
--------------------       ----        ----        ------- ----- ------------
_HEADER9               00000000    00000001 =           1. bytes (ABS,CON)

        Value  Global            Value  Global            Value  Global    
        -----  ------            -----  ------            -----  ------    
ASxxxx Linker V03.00 + NoICE + sdld,  page 14.
Hexadecimal  [32-Bits]

Area                       Addr        Size        Decimal Bytes (Attributes)
--------------------       ----        ----        ------- ----- ------------
_HEADERa               00000000    00000001 =           1. bytes (ABS,CON)

        Value  Global            Value  Global            Value  Global    
        -----  ------            -----  ------            -----  ------    
ASxxxx Linker V03.00 + NoICE + sdld,  page 15.
Hexadecimal  [32-Bits]

Area                       Addr        Size        Decimal Bytes (Attributes)
--------------------       ----        ----        ------- ----- ------------
_HEADERb               00000000    00000001 =           1. bytes (ABS,CON)

        Value  Global            Value  Global            Value  Global    
        -----  ------            -----  ------            -----  ------    
ASxxxx Linker V03.00 + NoICE + sdld,  page 16.
Hexadecimal  [32-Bits]

Area                       Addr        Size        Decimal Bytes (Attributes)
--------------------       ----        ----        ------- ----- ------------
_HEADERc               00000000    00000002 =           2. bytes (ABS,CON)

        Value  Global            Value  Global            Value  Global    
        -----  ------            -----  ------            -----  ------    
ASxxxx Linker V03.00 + NoICE + sdld,  page 17.
Hexadecimal  [32-Bits]

Area                       Addr        Size        Decimal Bytes (Attributes)
--------------------       ----        ----        ------- ----- ------------
_HEADERd               00000000    00000001 =           1. bytes (ABS,CON)

        Value  Global            Value  Global            Value  Global    
        -----  ------            -----  ------            -----  ------    
ASxxxx Linker V03.00 + NoICE + sdld,  page 18.
Hexadecimal  [32-Bits]

Area                       Addr        Size        Decimal Bytes (Attributes)
--------------------       ----        ----        ------- ----- ------------
_HEADERe               00000000    00000001 =           1. bytes (ABS,CON)

        Value  Global            Value  Global            Value  Global    
        -----  ------            -----  ------            -----  ------    
ASxxxx Linker V03.00 + NoICE + sdld,  page 19.
Hexadecimal  [32-Bits]

Area                       Addr        Size        Decimal Bytes (Attributes)
--------------------       ----        ----        ------- ----- ------------
_HEADERf               00000000    00000002 =           2. bytes (ABS,CON)

        Value  Global            Value  Global            Value  Global    
        -----  ------            -----  ------            -----  ------    
ASxxxx Linker V03.00 + NoICE + sdld,  page 20.
Hexadecimal  [32-Bits]

Area                       Addr        Size        Decimal Bytes (Attributes)
--------------------       ----        ----        ------- ----- ------------
_HEADER10              00000000    00000082 =         130. bytes (ABS,CON)

        Value  Global            Value  Global            Value  Global    
        -----  ------            -----  ------            -----  ------    
     00000150  .reset    |    00000150  _reset    |    00000157  .code_sta
     000001B7  _exit     |    000001BB  _set_inte
ASxxxx Linker V03.00 + NoICE + sdld,  page 21.
Hexadecimal  [32-Bits]

Area                       Addr        Size        Decimal Bytes (Attributes)
--------------------       ----        ----        ------- ----- ------------
_HEADER11              00000000    00000001 =           1. bytes (ABS,CON)

        Value  Global            Value  Global            Value  Global    
        -----  ------            -----  ------            -----  ------    
ASxxxx Linker V03.00 + NoICE + sdld,  page 22.
Hexadecimal  [32-Bits]

Area                       Addr        Size        Decimal Bytes (Attributes)
--------------------       ----        ----        ------- ----- ------------
_HOME                  00001035    00001578 =        5496. bytes (REL,CON)

        Value  Global            Value  Global            Value  Global    
        -----  ------            -----  ------            -----  ------    
     00001035  .memset_s |    0000103E  .memcpy_s |    0000105B  .remove_V
     0000105E  .remove_i |    0000107B  .add_VBL  |    0000107E  .add_int 
     00001089  .wait_vbl |    00001089  _wait_vbl |    00001099  .display_
     00001099  _display_ |    000010B1  _remove_V |    000010BC  _add_VBL 
     000010C7  _set_bkg_ |    000010EC  _set_bkg_ |    0000111B  _load_sce
     000014AC  _reload_N |    00001752  _load_bul |    00001953  _render_p
     00001E97  _render_w |    000022BA  _abs      |    000022C9  __mulsuch
     000022D3  __mulusch |    000022DD  __mulscha |    000022EF  __mulucha
     000022FB  __mulint  |    00002321  _set_tile |    00002326  _set_bkg_
     00002326  _set_win_ |    0000232E  _set_spri |    0000235E  _set_bkg_
     000023A2  .set_xy_w |    000023AB  .set_xy_b |    000023BA  .set_xy_s
     00002400  .padup    |    00002400  _waitpadu |    00002410  .jpad    
     00002410  _joypad   |    00002438  _waitpad  |    0000243B  .wait_pad
     00002442  ___sdcc_c |    00002443  ___memcpy |    00002443  _memcpy  
     00002486  __divsuch |    00002493  __modsuch |    0000249D  __divusch
     000024AF  __modusch |    000024BF  __divscha |    000024CB  __modscha
     000024D5  __divsint |    000024E6  __modsint |    000024F5  __divucha
     00002501  __moducha |    0000250B  __divuint |    0000251C  __moduint
     0000252B  .div8     |    0000252B  .mod8     |    00002533  .div16   
     00002533  .mod16    |    00002569  .divu8    |    00002569  .modu8   
     0000256C  .divu16   |    0000256C  .modu16  
ASxxxx Linker V03.00 + NoICE + sdld,  page 23.
Hexadecimal  [32-Bits]

Area                       Addr        Size        Decimal Bytes (Attributes)
--------------------       ----        ----        ------- ----- ------------
_CODE_0                000025AD    000016A1 =        5793. bytes (REL,CON)

        Value  Global            Value  Global            Value  Global    
        -----  ------            -----  ------            -----  ------    
     000025AD  _check_LR |    0000298A  _check_J  |    0000302B  _check_UD
     0000364A  _check_Dr |    00003748  _check_C  |    00003837  _check_wo
     000039FD  _check_wo |    00003B82  _overlap 
ASxxxx Linker V03.00 + NoICE + sdld,  page 24.
Hexadecimal  [32-Bits]

Area                       Addr        Size        Decimal Bytes (Attributes)
--------------------       ----        ----        ------- ----- ------------
_INITIALIZER           00003C4E    00000082 =         130. bytes (REL,CON)

        Value  Global            Value  Global            Value  Global    
        -----  ------            -----  ------            -----  ------    
ASxxxx Linker V03.00 + NoICE + sdld,  page 25.
Hexadecimal  [32-Bits]

Area                       Addr        Size        Decimal Bytes (Attributes)
--------------------       ----        ----        ------- ----- ------------
_GSINIT                00003CD0    0000000C =          12. bytes (REL,CON)

        Value  Global            Value  Global            Value  Global    
        -----  ------            -----  ------            -----  ------    
     00003CD0  gsinit   
ASxxxx Linker V03.00 + NoICE + sdld,  page 26.
Hexadecimal  [32-Bits]

Area                       Addr        Size        Decimal Bytes (Attributes)
--------------------       ----        ----        ------- ----- ------------
_GSFINAL               00003CDC    00000001 =           1. bytes (REL,CON)

        Value  Global            Value  Global            Value  Global    
        -----  ------            -----  ------            -----  ------    
ASxxxx Linker V03.00 + NoICE + sdld,  page 27.
Hexadecimal  [32-Bits]

Area                       Addr        Size        Decimal Bytes (Attributes)
--------------------       ----        ----        ------- ----- ------------
_DATA                  0000C0A0    000003A5 =         933. bytes (REL,CON)

        Value  Global            Value  Global            Value  Global    
        -----  ------            -----  ------            -----  ------    
     0000C0A0  __cpu     |    0000C0A1  __is_GBA  |    0000C0A2  .mode    
     0000C0A3  .sys_time |    0000C0A3  _sys_time |    0000C0A5  .int_0x40
     0000C0B9  _bkg      |    0000C0DB  _CAM      |    0000C0DC  _SPAWN   
     0000C0DD  _Gravity  |    0000C0DE  _JUMP     |    0000C0DF  _CROUCH  
     0000C0E0  _canCROUC |    0000C0E1  _DROP     |    0000C0E2  _x_Adjust
     0000C0E3  _L_LEFT   |    0000C0E4  _L_RIGHT  |    0000C0E5  _canCROUC
     0000C0E6  _canCROUC |    0000C0E7  _DROP_tim |    0000C0E8  _LR_Offse
     0000C0E9  _LR_Offse |    0000C0EA  _UD_Offse |    0000C0EB  _UD_Offse
     0000C0EC  _UD_Offse |    0000C0ED  _COLLISIO |    0000C0EF  _COLLISIO
     0000C0F0  _COLLISIO |    0000C0F1  _ONTO_Lad |    0000C0F2  _DOWN_LAD
     0000C0F3  _UP_LADDE |    0000C0F4  _OFF_LADD |    0000C0F5  _LADDER  
     0000C0F6  _ONTO_Lad |    0000C0F7  _DOWN_LAD |    0000C0F8  _DOWN_LAD
     0000C0F9  _UP_LADDE |    0000C0FA  _OFF_LADD |    0000C0FB  _LADDER_R
     0000C0FC  _joy      |    0000C0FD  _last_joy |    0000C0FE  _px      
     0000C0FF  _py       |    0000C100  _GAMEOVER |    0000C101  _EXIT1   
     0000C102  _EXIT2    |    0000C103  _JOYLOCK  |    0000C104  _ANIMATIO
     0000C105  _WALKSTAT |    0000C106  _GAMESTAT |    0000C107  _current_
     0000C109  _ATTACH   |    0000C10A  _x_Collid |    0000C10B  _y_Collid
     0000C10C  _current_ |    0000C10D  _dir      |    0000C10E  _last_dir
     0000C10F  _active_a |    0000C373  _active_b |    0000C43F  _total_ac
     0000C440  _hiwater  |    0000C441  .image_ti |    0000C442  ___curren
     0000C444  ___curren
ASxxxx Linker V03.00 + NoICE + sdld,  page 28.
Hexadecimal  [32-Bits]

Area                       Addr        Size        Decimal Bytes (Attributes)
--------------------       ----        ----        ------- ----- ------------
_INITIALIZED           0000C445    00000082 =         130. bytes (REL,CON)

        Value  Global            Value  Global            Value  Global    
        -----  ------            -----  ------            -----  ------    
     0000C445  _lvl1_cam |    0000C449  _lvl1_cam |    0000C44C  _lvl1_cam
     0000C44F  _lvl1_cam |    0000C451  _lvl1_cam |    0000C454  _lvl1_cam
     0000C456  _lvl1_cam |    0000C458  _lvl1_cam |    0000C459  _lvl2_cam
     0000C45D  _lvl2_cam |    0000C460  _lvl2_cam |    0000C463  _lvl2_cam
     0000C465  _lvl2_cam |    0000C468  _lvl2_cam |    0000C46A  _lvl2_cam
     0000C46C  _lvl2_cam |    0000C46D  _shadow_s |    0000C46E  _shadow_s
     0000C46F  _cam_ptr  |    0000C471  _render_a |    0000C472  _PLAYER_b
     0000C473  _animate_ |    0000C475  _collide_ |    0000C477  _load_sub
     0000C479  _animatio |    0000C47A  _worldtes |    0000C47C  _worldtes
     0000C47F  _worldtes |    0000C480  _worldtes |    0000C482  _worldtes
     0000C483  _worldtes |    0000C484  _worldtes |    0000C485  _worldtes
     0000C486  _WORLD1_T |    0000C4C6  ___render
ASxxxx Linker V03.00 + NoICE + sdld,  page 29.
Hexadecimal  [32-Bits]

Area                       Addr        Size        Decimal Bytes (Attributes)
--------------------       ----        ----        ------- ----- ------------
_HRAM12                00000000    00000003 =           3. bytes (ABS,CON)

        Value  Global            Value  Global            Value  Global    
        -----  ------            -----  ------            -----  ------    
     0000FF90  __current |    0000FF92  __shadow_
ASxxxx Linker V03.00 + NoICE + sdld,  page 30.
Hexadecimal  [32-Bits]

Area                       Addr        Size        Decimal Bytes (Attributes)
--------------------       ----        ----        ------- ----- ------------
_CODE_3                00034000    0000084A =        2122. bytes (REL,CON)

        Value  Global            Value  Global            Value  Global    
        -----  ------            -----  ------            -----  ------    
     00034000  _check_LA |    0003483F  _ladder  
ASxxxx Linker V03.00 + NoICE + sdld,  page 31.
Hexadecimal  [32-Bits]

Area                       Addr        Size        Decimal Bytes (Attributes)
--------------------       ----        ----        ------- ----- ------------
_CODE_5                00054000    000017B2 =        6066. bytes (REL,CON)

        Value  Global            Value  Global            Value  Global    
        -----  ------            -----  ------            -----  ------    
     00054000  _anim_lev |    000548B5  _level1   |    000548C1  _level1_a
     00054ABF  _level1_b |    00054B25  _spawn_bu |    00054C55  _npc_coll
     00054FB2  _init_sub |    000550DC  _setup_lv |    00055123  _enter_lv
ASxxxx Linker V03.00 + NoICE + sdld,  page 32.
Hexadecimal  [32-Bits]

Area                       Addr        Size        Decimal Bytes (Attributes)
--------------------       ----        ----        ------- ----- ------------
_CODE_7                00074000    000017D3 =        6099. bytes (REL,CON)

        Value  Global            Value  Global            Value  Global    
        -----  ------            -----  ------            -----  ------    
     00074000  _anim_lev |    000748BE  _level2   |    000748CA  _level2_a
     00074AC8  _level2_b |    00074B94  _spawn_bu |    00074C6F  _npc_coll
     00074FCC  _init_sub |    000750F6  _setup_lv |    0007513D  _enter_lv
ASxxxx Linker V03.00 + NoICE + sdld,  page 33.
Hexadecimal  [32-Bits]

Area                       Addr        Size        Decimal Bytes (Attributes)
--------------------       ----        ----        ------- ----- ------------
_CODE_100              00644000    00001AE0 =        6880. bytes (REL,CON)

        Value  Global            Value  Global            Value  Global    
        -----  ------            -----  ------            -----  ------    
     00644000  _anim_wor |    006446AB  _worldtes |    006446B7  _worldtes
     006448B5  _worldtes |    0064491B  _spawn_bu |    00644A4B  _npc_coll
     00644F1C  _init_sub |    00645058  _setup_wo |    006450A9  _enter_wo
ASxxxx Linker V03.00 + NoICE + sdld,  page 34.
Hexadecimal  [32-Bits]

Area                       Addr        Size        Decimal Bytes (Attributes)
--------------------       ----        ----        ------- ----- ------------
_CODE_201              00C94000    0000002E =          46. bytes (REL,CON)

        Value  Global            Value  Global            Value  Global    
        -----  ------            -----  ------            -----  ------    
     00C94000  _bullet_d |    00C94020  _bullet_m |    00C94028  _bullet_m
     00C9402A  _bullet_s
ASxxxx Linker V03.00 + NoICE + sdld,  page 35.
Hexadecimal  [32-Bits]

Area                       Addr        Size        Decimal Bytes (Attributes)
--------------------       ----        ----        ------- ----- ------------
_CODE_200              00C84000    0000110A =        4362. bytes (REL,CON)

        Value  Global            Value  Global            Value  Global    
        -----  ------            -----  ------            -----  ------    
     00C84000  _detectiv |    00C84220  _detectiv |    00C8422C  _detectiv
     00C84238  _detectiv |    00C84244  _detectiv |    00C84250  _detectiv
     00C8425C  _detectiv |    00C84268  _detectiv |    00C84274  _detectiv
     00C84280  _detectiv |    00C8428C  _detectiv |    00C84298  _detectiv
     00C842A4  _detectiv |    00C842B0  _detectiv |    00C842C8  _detectiv
     00C842D2  _detectiv |    00C842DC  _detectiv |    00C842E6  _detectiv
     00C842EA  _detectiv |    00C84DAA  _detectiv |    00C84DC2  _detectiv
     00C84DDA  _detectiv |    00C84DF6  _detectiv |    00C84E0E  _detectiv
     00C84E2A  _detectiv |    00C84E46  _detectiv |    00C84E62  _detectiv
     00C84E7E  _detectiv |    00C84E9A  _detectiv |    00C84EB6  _detectiv
     00C84ED2  _detectiv |    00C84EEE  _detectiv |    00C84F0A  _detectiv
     00C84F26  _detectiv |    00C84F42  _detectiv |    00C84F5A  _detectiv
     00C84F76  _detectiv |    00C84F92  _detectiv |    00C84FB6  _detectiv
     00C84FC8  _detectiv |    00C84FCC  _detectiv |    00C84FD6  _detectiv
     00C84FE0  _detectiv |    00C84FE6  _detectiv |    00C84FEA  _detectiv
     00C84FF2  _detectiv |    00C84FF6  _detectiv |    00C84FFE  _detectiv
     00C85006  _elevator |    00C85046  _elevator |    00C85062  _elevator
     00C85064  _elevator |    00C85068  _NPC_elec |    00C850E8  _NPC_elec
     00C850F4  _NPC_elec |    00C85100  _NPC_elec |    00C85104  _NPC_elec
ASxxxx Linker V03.00 + NoICE + sdld,  page 36.
Hexadecimal  [32-Bits]

Area                       Addr        Size        Decimal Bytes (Attributes)
--------------------       ----        ----        ------- ----- ------------
_CODE_225              00E14000    00001AF4 =        6900. bytes (REL,CON)

        Value  Global            Value  Global            Value  Global    
        -----  ------            -----  ------            -----  ------    
     00E14000  _LEVEL_1_ |    00E148FC  _LEVEL_2_ |    00E151F8  _STAGE_DR
ASxxxx Linker V03.00 + NoICE + sdld,  page 37.
Hexadecimal  [32-Bits]

Area                       Addr        Size        Decimal Bytes (Attributes)
--------------------       ----        ----        ------- ----- ------------
_CODE_6                00064000    00000E10 =        3600. bytes (REL,CON)

        Value  Global            Value  Global            Value  Global    
        -----  ------            -----  ------            -----  ------    
     00064000  _LEVEL_1_ |    00064708  _STAGE_DR
ASxxxx Linker V03.00 + NoICE + sdld,  page 38.
Hexadecimal  [32-Bits]

Area                       Addr        Size        Decimal Bytes (Attributes)
--------------------       ----        ----        ------- ----- ------------
_CODE_8                00084000    00000708 =        1800. bytes (REL,CON)

        Value  Global            Value  Global            Value  Global    
        -----  ------            -----  ------            -----  ------    
     00084000  _LEVEL_2_
ASxxxx Linker V03.00 + NoICE + sdld,  page 39.
Hexadecimal  [32-Bits]

Area                       Addr        Size        Decimal Bytes (Attributes)
--------------------       ----        ----        ------- ----- ------------
_CODE_4                00044000    000001A0 =         416. bytes (REL,CON)

        Value  Global            Value  Global            Value  Global    
        -----  ------            -----  ------            -----  ------    
     00044000  _LEVEL_TI |    000440D0  _STAGE_DR
ASxxxx Linker V03.00 + NoICE + sdld,  page 40.
Hexadecimal  [32-Bits]

Area                       Addr        Size        Decimal Bytes (Attributes)
--------------------       ----        ----        ------- ----- ------------
_CODE_230              00E64000    000005A0 =        1440. bytes (REL,CON)

        Value  Global            Value  Global            Value  Global    
        -----  ------            -----  ------            -----  ------    
     00E64000  _WORLD1_C
ASxxxx Linker V03.00 + NoICE + sdld,  page 41.
Hexadecimal  [32-Bits]

Area                       Addr        Size        Decimal Bytes (Attributes)
--------------------       ----        ----        ------- ----- ------------
_CODE_101              00654000    000005A0 =        1440. bytes (REL,CON)

        Value  Global            Value  Global            Value  Global    
        -----  ------            -----  ------            -----  ------    
     00654000  _WORLD1_M
ASxxxx Linker V03.00 + NoICE + sdld,  page 42.

Files Linked                              [ module(s) ]

C:\c_code\gbdk\lib/small/asxxxx/gb/crt0.o
                                          [ Runtime ]
C:\Users\EMART~1\AppData\Local\Temp/lcc145040.rel
                                          [ camera ]
C:\Users\EMART~1\AppData\Local\Temp/lcc145041.rel
                                          [ collisions ]
C:\Users\EMART~1\AppData\Local\Temp/lcc145042.rel
                                          [ ladder ]
C:\Users\EMART~1\AppData\Local\Temp/lcc145043.rel
                                          [ level1 ]
C:\Users\EMART~1\AppData\Local\Temp/lcc145044.rel
                                          [ level2 ]
C:\Users\EMART~1\AppData\Local\Temp/lcc145045.rel
                                          [ main ]
C:\Users\EMART~1\AppData\Local\Temp/lcc145046.rel
                                          [ scene ]
C:\Users\EMART~1\AppData\Local\Temp/lcc145047.rel
                                          [ worldtest ]
C:\Users\EMART~1\AppData\Local\Temp/lcc145048.rel
                                          [ bullet ]
C:\Users\EMART~1\AppData\Local\Temp/lcc145049.rel
                                          [ detective_16 ]
C:\Users\EMART~1\AppData\Local\Temp/lcc1450410.rel
                                          [ detective_large ]
C:\Users\EMART~1\AppData\Local\Temp/lcc1450411.rel
                                          [ elevator ]
C:\Users\EMART~1\AppData\Local\Temp/lcc1450412.rel
                                          [ level_1_collision ]
C:\Users\EMART~1\AppData\Local\Temp/lcc1450413.rel
                                          [ level_1_map ]
C:\Users\EMART~1\AppData\Local\Temp/lcc1450414.rel
                                          [ level_2_collision ]
C:\Users\EMART~1\AppData\Local\Temp/lcc1450415.rel
                                          [ level_2_map ]
C:\Users\EMART~1\AppData\Local\Temp/lcc1450416.rel
                                          [ level_tileset ]
C:\Users\EMART~1\AppData\Local\Temp/lcc1450417.rel
                                          [ NPC_electric ]
C:\Users\EMART~1\AppData\Local\Temp/lcc1450418.rel
                                          [ stage_drop_collision ]
C:\Users\EMART~1\AppData\Local\Temp/lcc1450419.rel
                                          [ stage_drop_map ]
C:\Users\EMART~1\AppData\Local\Temp/lcc1450420.rel
                                          [ stage_drop_tiles ]
C:\Users\EMART~1\AppData\Local\Temp/lcc1450421.rel
                                          [ world1_collision ]
C:\Users\EMART~1\AppData\Local\Temp/lcc1450422.rel
                                          [ world1_map ]
C:\Users\EMART~1\AppData\Local\Temp/lcc1450423.rel
                                          [ world1_tiles ]


Libraries Linked                          [ object file ]

C:\c_code\gbdk\lib/small/asxxxx/gb/gb.lib
                                          [ sfr.o ]
C:\c_code\gbdk\lib/small/asxxxx/gb/gb.lib
                                          [ metasprites_hide.o ]
C:\c_code\gbdk\lib/small/asxxxx/gbz80/gbz80.lib
                                          [ abs.o ]
C:\c_code\gbdk\lib/small/asxxxx/gbz80/gbz80.lib
                                          [ mul.o ]
C:\c_code\gbdk\lib/small/asxxxx/gb/gb.lib
                                          [ set_data.o ]
C:\c_code\gbdk\lib/small/asxxxx/gb/gb.lib
                                          [ set_tile_submap.o ]
C:\c_code\gbdk\lib/small/asxxxx/gb/gb.lib
                                          [ pad.o ]
C:\c_code\gbdk\lib/small/asxxxx/gb/gb.lib
                                          [ metasprites.o ]
C:\c_code\gbdk\lib/small/asxxxx/gbz80/gbz80.lib
                                          [ __sdcc_call_hl.o ]
C:\c_code\gbdk\lib/small/asxxxx/gbz80/gbz80.lib
                                          [ _memcpy.o ]
C:\c_code\gbdk\lib/small/asxxxx/gb/gb.lib
                                          [ metasprites_flip.o ]
C:\c_code\gbdk\lib/small/asxxxx/gbz80/gbz80.lib
                                          [ div.o ]

ASxxxx Linker V03.00 + NoICE + sdld,  page 43.

User Base Address Definitions

_DATA=0xC0A0
_CODE=0x0200
ASxxxx Linker V03.00 + NoICE + sdld,  page 44.

User Global Definitions

_shadow_OAM=0xC000
.STACK=0xE000
.refresh_OAM=0xFF80

