ASxxxx Linker V03.00 + NoICE + sdld,  page 1.
Hexadecimal  [32-Bits]

Area                       Addr        Size        Decimal Bytes (Attributes)
--------------------       ----        ----        ------- ----- ------------
.  .ABS.               00000000    00000000 =           0. bytes (ABS,CON)

        Value  Global            Value  Global            Value  Global    
        -----  ------            -----  ------            -----  ------    
     00000000  .__.ABS.  |    00000000  _rRAMG    |    00000000  l__BASE  
     00000000  l__BSS    |    00000000  l__CABS   |    00000000  l__CODE_1
     00000000  l__DABS   |    00000000  l__HEADER |    00000000  l__HEAP  
     00000000  l__HRAM   |    00000000  l__LIT    |    00000000  s__CABS  
     00000000  s__DABS   |    00000000  s__HEADER |    00000000  s__HEADER
     00000000  s__HEADER |    00000000  s__HEADER |    00000000  s__HEADER
     00000000  s__HEADER |    00000000  s__HEADER |    00000000  s__HEADER
     00000000  s__HEADER |    00000000  s__HEADER |    00000000  s__HEADER
     00000000  s__HEADER |    00000000  s__HEADER |    00000000  s__HEADER
     00000000  s__HEADER |    00000000  s__HEADER |    00000000  s__HEADER
     00000000  s__HEADER |    00000000  s__HEADER |    00000000  s__HRAM  
     00000000  s__HRAM12 |    00000001  l__GSFINA |    00000001  l__HEADER
     00000001  l__HEADER |    00000001  l__HEADER |    00000001  l__HEADER
     00000001  l__HEADER |    00000001  l__HEADER |    00000001  l__HEADER
     00000002  l__HEADER |    00000002  l__HEADER |    00000002  l__HEADER
     00000003  l__HEADER |    00000003  l__HRAM12 |    00000004  G$__bank_
     00000004  G$__bank_ |    00000004  ___bank_L |    00000004  ___bank_S
     00000005  G$__bank_ |    00000005  ___bank_L |    00000005  l__HEADER
     00000006  G$__bank_ |    00000006  ___bank_L |    00000006  l__HEADER
     00000007  G$__bank_ |    00000007  ___bank_L |    00000007  l__HEADER
     00000008  G$__bank_ |    00000008  ___bank_L |    00000008  l__HEADER
     0000000C  l__GSINIT |    0000002E  l__CODE_2 |    00000030  l__HEADER
     0000004F  l__HEADER |    00000065  G$__bank_ |    00000065  ___bank_W
     0000007F  l__INITIA |    0000007F  l__INITIA |    00000082  l__HEADER
     000000E6  G$__bank_ |    000000E6  ___bank_W |    000001A0  l__CODE_4
     00000200  s__CODE   |    000003D5  l__DATA   |    000005A0  l__CODE_1
     000005A0  l__CODE_2 |    00000E10  l__CODE_6 |    00000E10  l__CODE_8
     00000EDE  l__CODE   |    000010DE  s__HOME   |    00001112  l__CODE_2
     000011F8  l__CODE_2 |    00001580  l__HOME   |    000016A1  l__CODE_0
     000017D9  l__CODE_5 |    00001AFB  l__CODE_1 |    00002000  _rROMB0  
     0000265E  s__BASE   |    0000265E  s__CODE_0 |    00002A50  l__CODE_7
     00003000  _rROMB1   |    00003CFF  s__INITIA |    00003CFF  s__LIT   
     00003D7E  s__GSINIT |    00003D8A  s__GSFINA |    00004000  _rRAMB   
     00008000  __VRAM    |    00008000  __VRAM800 |    00008800  __VRAM880
     00009000  __VRAM900 |    00009800  __SCRN0   |    00009C00  __SCRN1  
     0000A000  __SRAM    |    0000C000  __RAM     |    0000C000  _shadow_O
     0000C0A0  s__DATA   |    0000C475  s__BSS    |    0000C475  s__INITIA
     0000C4F4  s__HEAP   |    0000D000  __RAMBANK |    0000E000  .STACK   
     0000FE00  __OAMRAM  |    0000FF00  _P1_REG   |    0000FF00  __IO     
     0000FF01  _SB_REG   |    0000FF02  _SC_REG   |    0000FF04  _DIV_REG 
     0000FF05  _TIMA_REG |    0000FF06  _TMA_REG  |    0000FF07  _TAC_REG 
     0000FF0F  _IF_REG   |    0000FF10  _NR10_REG |    0000FF11  _NR11_REG
     0000FF12  _NR12_REG |    0000FF13  _NR13_REG |    0000FF14  _NR14_REG
     0000FF16  _NR21_REG |    0000FF17  _NR22_REG |    0000FF18  _NR23_REG
     0000FF19  _NR24_REG |    0000FF1A  _NR30_REG |    0000FF1B  _NR31_REG
     0000FF1C  _NR32_REG |    0000FF1D  _NR33_REG |    0000FF1E  _NR34_REG
     0000FF20  _NR41_REG |    0000FF21  _NR42_REG |    0000FF22  _NR43_REG
     0000FF23  _NR44_REG |    0000FF24  _NR50_REG |    0000FF25  _NR51_REG
     0000FF26  _NR52_REG |    0000FF30  _PCM_SAMP |    0000FF30  __AUD3WAV
     0000FF40  _LCDC_REG |    0000FF41  _STAT_REG |    0000FF42  _SCY_REG 
ASxxxx Linker V03.00 + NoICE + sdld,  page 2.
Hexadecimal  [32-Bits]

Area                       Addr        Size        Decimal Bytes (Attributes)
--------------------       ----        ----        ------- ----- ------------
.  .ABS.               00000000    00000000 =           0. bytes (ABS,CON)

        Value  Global            Value  Global            Value  Global    
        -----  ------            -----  ------            -----  ------    
     0000FF43  _SCX_REG  |    0000FF44  _LY_REG   |    0000FF45  _LYC_REG 
     0000FF46  _DMA_REG  |    0000FF47  _BGP_REG  |    0000FF48  _OBP0_REG
     0000FF49  _OBP1_REG |    0000FF4A  _WY_REG   |    0000FF4B  _WX_REG  
     0000FF4D  _KEY1_REG |    0000FF4F  _VBK_REG  |    0000FF51  _HDMA1_RE
     0000FF52  _HDMA2_RE |    0000FF53  _HDMA3_RE |    0000FF54  _HDMA4_RE
     0000FF55  _HDMA5_RE |    0000FF56  _RP_REG   |    0000FF68  _BCPS_REG
     0000FF69  _BCPD_REG |    0000FF6A  _OCPS_REG |    0000FF6B  _OCPD_REG
     0000FF70  _SVBK_REG |    0000FF76  _PCM12_RE |    0000FF77  _PCM34_RE
     0000FF80  .refresh_ |    0000FF80  __HRAM    |    0000FFFF  _IE_REG  
     00044000  s__CODE_4 |    00054000  s__CODE_5 |    00064000  s__CODE_6
     00074000  s__CODE_7 |    00084000  s__CODE_8 |    000A4000  s__CODE_1
     00644000  s__CODE_1 |    00654000  s__CODE_1 |    00C84000  s__CODE_2
     00C94000  s__CODE_2 |    00E14000  s__CODE_2 |    00E64000  s__CODE_2
ASxxxx Linker V03.00 + NoICE + sdld,  page 3.
Hexadecimal  [32-Bits]

Area                       Addr        Size        Decimal Bytes (Attributes)
--------------------       ----        ----        ------- ----- ------------
_CODE                  00000200    00000EDE =        3806. bytes (REL,CON)

        Value  Global            Value  Global            Value  Global    
        -----  ------            -----  ------            -----  ------    
     00000200  A$lcc8968 |    00000200  C$camera. |    00000200  G$set_cam
     00000200  _set_came |    00000202  A$lcc8968 |    00000202  C$camera.
     00000205  A$lcc8968 |    00000208  A$lcc8968 |    00000208  C$camera.
     0000020B  A$lcc8968 |    0000020C  A$lcc8968 |    0000020D  A$lcc8968
     0000020E  A$lcc8968 |    00000210  A$lcc8968 |    00000212  A$lcc8968
     00000214  A$lcc8968 |    00000216  A$lcc8968 |    00000218  A$lcc8968
     0000021A  A$lcc8968 |    0000021C  A$lcc8968 |    0000021E  A$lcc8968
     00000221  A$lcc8968 |    00000222  A$lcc8968 |    00000222  C$camera.
     00000225  A$lcc8968 |    00000226  A$lcc8968 |    00000227  A$lcc8968
     00000228  A$lcc8968 |    0000022A  A$lcc8968 |    0000022C  A$lcc8968
     0000022E  A$lcc8968 |    00000230  A$lcc8968 |    00000232  A$lcc8968
     00000234  A$lcc8968 |    00000237  A$lcc8968 |    00000238  A$lcc8968
     0000023B  A$lcc8968 |    0000023D  A$lcc8968 |    0000023E  A$lcc8968
     00000241  A$lcc8968 |    00000242  A$lcc8968 |    00000242  C$camera.
     00000242  C$camera. |    00000243  A$lcc8968 |    00000244  A$lcc8968
     00000247  A$lcc8968 |    00000247  C$camera. |    0000024A  A$lcc8968
     0000024B  A$lcc8968 |    0000024C  A$lcc8968 |    0000024D  A$lcc8968
     00000250  A$lcc8968 |    00000251  A$lcc8968 |    00000252  A$lcc8968
     00000253  A$lcc8968 |    00000254  A$lcc8968 |    00000255  A$lcc8968
     00000256  A$lcc8968 |    00000257  A$lcc8968 |    00000258  A$lcc8968
     00000259  A$lcc8968 |    0000025B  A$lcc8968 |    0000025D  A$lcc8968
     0000025F  A$lcc8968 |    00000261  A$lcc8968 |    00000262  A$lcc8968
     00000264  A$lcc8968 |    00000266  A$lcc8968 |    00000268  A$lcc8968
     00000269  A$lcc8968 |    0000026B  A$lcc8968 |    0000026B  C$camera.
     0000026E  A$lcc8968 |    00000270  A$lcc8968 |    00000271  A$lcc8968
     00000274  A$lcc8968 |    00000275  A$lcc8968 |    00000278  A$lcc8968
     00000279  A$lcc8968 |    0000027B  A$lcc8968 |    0000027C  A$lcc8968
     0000027D  A$lcc8968 |    0000027E  A$lcc8968 |    0000027F  A$lcc8968
     00000280  A$lcc8968 |    00000282  A$lcc8968 |    00000285  A$lcc8968
     00000286  A$lcc8968 |    00000287  A$lcc8968 |    00000289  A$lcc8968
     0000028A  A$lcc8968 |    0000028B  A$lcc8968 |    0000028D  A$lcc8968
     0000028E  A$lcc8968 |    00000290  A$lcc8968 |    00000291  A$lcc8968
     00000292  A$lcc8968 |    00000293  A$lcc8968 |    00000294  A$lcc8968
     00000295  A$lcc8968 |    00000297  A$lcc8968 |    00000298  A$lcc8968
     0000029A  A$lcc8968 |    0000029B  A$lcc8968 |    0000029D  A$lcc8968
     0000029F  A$lcc8968 |    000002A1  A$lcc8968 |    000002A2  A$lcc8968
     000002A4  A$lcc8968 |    000002A5  A$lcc8968 |    000002A7  A$lcc8968
     000002A8  A$lcc8968 |    000002A9  A$lcc8968 |    000002AA  A$lcc8968
     000002AB  A$lcc8968 |    000002AC  A$lcc8968 |    000002AD  A$lcc8968
     000002AF  A$lcc8968 |    000002B0  A$lcc8968 |    000002B1  A$lcc8968
     000002B2  A$lcc8968 |    000002B3  A$lcc8968 |    000002B5  A$lcc8968
     000002B6  A$lcc8968 |    000002B7  A$lcc8968 |    000002B8  A$lcc8968
     000002B9  A$lcc8968 |    000002BB  A$lcc8968 |    000002BC  A$lcc8968
     000002BD  A$lcc8968 |    000002BE  A$lcc8968 |    000002C0  A$lcc8968
     000002C1  A$lcc8968 |    000002C2  A$lcc8968 |    000002C3  A$lcc8968
     000002C6  A$lcc8968 |    000002C8  A$lcc8968 |    000002CB  A$lcc8968
     000002CB  C$camera. |    000002CE  A$lcc8968 |    000002CF  A$lcc8968
     000002D1  A$lcc8968 |    000002D2  A$lcc8968 |    000002D4  A$lcc8968
     000002D5  A$lcc8968 |    000002D6  A$lcc8968 |    000002D8  A$lcc8968
     000002D9  A$lcc8968 |    000002DB  A$lcc8968 |    000002DC  A$lcc8968
ASxxxx Linker V03.00 + NoICE + sdld,  page 4.
Hexadecimal  [32-Bits]

Area                       Addr        Size        Decimal Bytes (Attributes)
--------------------       ----        ----        ------- ----- ------------
_CODE                  00000200    00000EDE =        3806. bytes (REL,CON)

        Value  Global            Value  Global            Value  Global    
        -----  ------            -----  ------            -----  ------    
     000002DE  A$lcc8968 |    000002DF  A$lcc8968 |    000002E0  A$lcc8968
     000002E1  A$lcc8968 |    000002E2  A$lcc8968 |    000002E4  A$lcc8968
     000002E4  C$camera. |    000002E7  A$lcc8968 |    000002E8  A$lcc8968
     000002EB  A$lcc8968 |    000002ED  A$lcc8968 |    000002EE  A$lcc8968
     000002F1  A$lcc8968 |    000002F2  A$lcc8968 |    000002F4  A$lcc8968
     000002F5  A$lcc8968 |    000002F6  A$lcc8968 |    000002F7  A$lcc8968
     000002F8  A$lcc8968 |    000002F9  A$lcc8968 |    000002FA  A$lcc8968
     000002FC  A$lcc8968 |    000002FF  A$lcc8968 |    00000300  A$lcc8968
     00000301  A$lcc8968 |    00000303  A$lcc8968 |    00000304  A$lcc8968
     00000305  A$lcc8968 |    00000307  A$lcc8968 |    00000308  A$lcc8968
     0000030A  A$lcc8968 |    0000030B  A$lcc8968 |    0000030C  A$lcc8968
     0000030D  A$lcc8968 |    0000030E  A$lcc8968 |    0000030F  A$lcc8968
     00000311  A$lcc8968 |    00000312  A$lcc8968 |    00000314  A$lcc8968
     00000315  A$lcc8968 |    00000317  A$lcc8968 |    0000031A  A$lcc8968
     0000031C  A$lcc8968 |    0000031E  A$lcc8968 |    0000031F  A$lcc8968
     00000321  A$lcc8968 |    00000322  A$lcc8968 |    00000323  A$lcc8968
     00000325  A$lcc8968 |    00000326  A$lcc8968 |    00000328  A$lcc8968
     00000329  A$lcc8968 |    0000032A  A$lcc8968 |    0000032B  A$lcc8968
     0000032D  A$lcc8968 |    0000032E  A$lcc8968 |    0000032F  A$lcc8968
     00000330  A$lcc8968 |    00000332  A$lcc8968 |    00000333  A$lcc8968
     00000334  A$lcc8968 |    00000335  A$lcc8968 |    00000336  A$lcc8968
     00000338  A$lcc8968 |    00000339  A$lcc8968 |    0000033A  A$lcc8968
     0000033B  A$lcc8968 |    0000033C  A$lcc8968 |    0000033D  A$lcc8968
     0000033E  A$lcc8968 |    0000033F  A$lcc8968 |    00000341  A$lcc8968
     00000342  A$lcc8968 |    00000343  A$lcc8968 |    00000344  A$lcc8968
     00000347  A$lcc8968 |    00000349  A$lcc8968 |    00000349  C$camera.
     0000034C  A$lcc8968 |    0000034F  A$lcc8968 |    0000034F  C$camera.
     00000352  A$lcc8968 |    00000353  A$lcc8968 |    00000354  A$lcc8968
     00000355  A$lcc8968 |    00000357  A$lcc8968 |    00000359  A$lcc8968
     0000035B  A$lcc8968 |    0000035D  A$lcc8968 |    0000035F  A$lcc8968
     00000361  A$lcc8968 |    00000363  A$lcc8968 |    00000365  A$lcc8968
     00000367  A$lcc8968 |    00000369  A$lcc8968 |    0000036B  A$lcc8968
     0000036D  A$lcc8968 |    0000036F  A$lcc8968 |    00000371  A$lcc8968
     00000374  A$lcc8968 |    00000375  A$lcc8968 |    00000378  A$lcc8968
     0000037A  A$lcc8968 |    0000037B  A$lcc8968 |    0000037E  A$lcc8968
     0000037F  A$lcc8968 |    0000037F  C$camera. |    0000037F  C$camera.
     00000380  A$lcc8968 |    00000381  A$lcc8968 |    00000384  A$lcc8968
     00000387  A$lcc8968 |    00000388  A$lcc8968 |    00000389  A$lcc8968
     0000038A  A$lcc8968 |    0000038D  A$lcc8968 |    0000038E  A$lcc8968
     00000390  A$lcc8968 |    00000391  A$lcc8968 |    00000392  A$lcc8968
     00000393  A$lcc8968 |    00000394  A$lcc8968 |    00000394  C$camera.
     00000397  A$lcc8968 |    00000399  A$lcc8968 |    0000039A  A$lcc8968
     0000039A  C$camera. |    0000039C  A$lcc8968 |    0000039D  A$lcc8968
     0000039E  A$lcc8968 |    0000039F  A$lcc8968 |    000003A0  A$lcc8968
     000003A1  A$lcc8968 |    000003A2  A$lcc8968 |    000003A3  A$lcc8968
     000003A5  A$lcc8968 |    000003A7  A$lcc8968 |    000003A9  A$lcc8968
     000003AB  A$lcc8968 |    000003AC  A$lcc8968 |    000003AE  A$lcc8968
     000003B0  A$lcc8968 |    000003B2  A$lcc8968 |    000003B3  A$lcc8968
     000003B6  A$lcc8968 |    000003B9  A$lcc8968 |    000003BB  A$lcc8968
     000003BC  A$lcc8968 |    000003BF  A$lcc8968 |    000003C0  A$lcc8968
     000003C2  A$lcc8968 |    000003C3  A$lcc8968 |    000003C4  A$lcc8968
ASxxxx Linker V03.00 + NoICE + sdld,  page 5.
Hexadecimal  [32-Bits]

Area                       Addr        Size        Decimal Bytes (Attributes)
--------------------       ----        ----        ------- ----- ------------
_CODE                  00000200    00000EDE =        3806. bytes (REL,CON)

        Value  Global            Value  Global            Value  Global    
        -----  ------            -----  ------            -----  ------    
     000003C5  A$lcc8968 |    000003C6  A$lcc8968 |    000003C9  A$lcc8968
     000003CB  A$lcc8968 |    000003CC  A$lcc8968 |    000003CD  A$lcc8968
     000003CE  A$lcc8968 |    000003D0  A$lcc8968 |    000003D3  A$lcc8968
     000003D3  C$camera. |    000003D5  A$lcc8968 |    000003D6  A$lcc8968
     000003D7  A$lcc8968 |    000003D8  A$lcc8968 |    000003DA  A$lcc8968
     000003DC  A$lcc8968 |    000003DD  A$lcc8968 |    000003DE  A$lcc8968
     000003DF  A$lcc8968 |    000003E0  A$lcc8968 |    000003E1  A$lcc8968
     000003E2  A$lcc8968 |    000003E3  A$lcc8968 |    000003E4  A$lcc8968
     000003E5  A$lcc8968 |    000003E6  A$lcc8968 |    000003E7  A$lcc8968
     000003E8  A$lcc8968 |    000003E9  A$lcc8968 |    000003EB  A$lcc8968
     000003EC  A$lcc8968 |    000003ED  A$lcc8968 |    000003EF  A$lcc8968
     000003F0  A$lcc8968 |    000003F1  A$lcc8968 |    000003F3  A$lcc8968
     000003F4  A$lcc8968 |    000003F6  A$lcc8968 |    000003F8  A$lcc8968
     000003FA  A$lcc8968 |    000003FB  A$lcc8968 |    000003FC  A$lcc8968
     000003FD  A$lcc8968 |    000003FF  A$lcc8968 |    00000401  A$lcc8968
     00000402  A$lcc8968 |    00000404  A$lcc8968 |    00000405  A$lcc8968
     00000407  A$lcc8968 |    00000408  A$lcc8968 |    00000409  A$lcc8968
     0000040A  A$lcc8968 |    0000040C  A$lcc8968 |    0000040E  A$lcc8968
     0000040F  A$lcc8968 |    00000411  A$lcc8968 |    00000412  A$lcc8968
     00000413  A$lcc8968 |    00000414  A$lcc8968 |    00000416  A$lcc8968
     00000417  A$lcc8968 |    00000418  A$lcc8968 |    00000419  A$lcc8968
     0000041B  A$lcc8968 |    0000041C  A$lcc8968 |    0000041D  A$lcc8968
     0000041E  A$lcc8968 |    0000041F  A$lcc8968 |    00000420  A$lcc8968
     00000422  A$lcc8968 |    00000423  A$lcc8968 |    00000425  A$lcc8968
     00000426  A$lcc8968 |    00000427  A$lcc8968 |    00000428  A$lcc8968
     0000042A  A$lcc8968 |    0000042B  A$lcc8968 |    0000042C  A$lcc8968
     0000042D  A$lcc8968 |    00000430  A$lcc8968 |    00000432  A$lcc8968
     00000435  A$lcc8968 |    00000435  C$camera. |    00000437  A$lcc8968
     00000438  A$lcc8968 |    00000439  A$lcc8968 |    0000043A  A$lcc8968
     0000043B  A$lcc8968 |    0000043C  A$lcc8968 |    0000043D  A$lcc8968
     0000043E  A$lcc8968 |    0000043F  A$lcc8968 |    00000442  A$lcc8968
     00000443  A$lcc8968 |    00000444  A$lcc8968 |    00000445  A$lcc8968
     00000446  A$lcc8968 |    00000447  A$lcc8968 |    00000449  A$lcc8968
     0000044A  A$lcc8968 |    0000044B  A$lcc8968 |    0000044D  A$lcc8968
     0000044E  A$lcc8968 |    00000450  A$lcc8968 |    00000451  A$lcc8968
     00000453  A$lcc8968 |    00000455  A$lcc8968 |    00000456  A$lcc8968
     00000457  A$lcc8968 |    00000459  A$lcc8968 |    0000045A  A$lcc8968
     0000045B  A$lcc8968 |    0000045C  A$lcc8968 |    0000045D  A$lcc8968
     0000045E  A$lcc8968 |    0000045F  A$lcc8968 |    00000462  A$lcc8968
     00000465  A$lcc8968 |    00000467  A$lcc8968 |    00000468  A$lcc8968
     0000046A  A$lcc8968 |    0000046B  A$lcc8968 |    0000046D  A$lcc8968
     0000046E  A$lcc8968 |    00000471  A$lcc8968 |    00000472  A$lcc8968
     00000473  A$lcc8968 |    00000474  A$lcc8968 |    00000475  A$lcc8968
     00000476  A$lcc8968 |    00000479  A$lcc8968 |    0000047B  A$lcc8968
     0000047C  A$lcc8968 |    0000047D  A$lcc8968 |    0000047E  A$lcc8968
     00000480  A$lcc8968 |    00000480  C$camera. |    00000483  A$lcc8968
     00000483  C$camera. |    00000485  A$lcc8968 |    00000486  A$lcc8968
     00000487  A$lcc8968 |    00000488  A$lcc8968 |    0000048A  A$lcc8968
     0000048C  A$lcc8968 |    0000048D  A$lcc8968 |    0000048E  A$lcc8968
     0000048F  A$lcc8968 |    00000490  A$lcc8968 |    00000491  A$lcc8968
     00000492  A$lcc8968 |    00000493  A$lcc8968 |    00000494  A$lcc8968
ASxxxx Linker V03.00 + NoICE + sdld,  page 6.
Hexadecimal  [32-Bits]

Area                       Addr        Size        Decimal Bytes (Attributes)
--------------------       ----        ----        ------- ----- ------------
_CODE                  00000200    00000EDE =        3806. bytes (REL,CON)

        Value  Global            Value  Global            Value  Global    
        -----  ------            -----  ------            -----  ------    
     00000495  A$lcc8968 |    00000496  A$lcc8968 |    00000497  A$lcc8968
     00000498  A$lcc8968 |    00000499  A$lcc8968 |    0000049B  A$lcc8968
     0000049C  A$lcc8968 |    0000049D  A$lcc8968 |    0000049F  A$lcc8968
     000004A0  A$lcc8968 |    000004A1  A$lcc8968 |    000004A3  A$lcc8968
     000004A4  A$lcc8968 |    000004A6  A$lcc8968 |    000004A8  A$lcc8968
     000004AA  A$lcc8968 |    000004AB  A$lcc8968 |    000004AC  A$lcc8968
     000004AD  A$lcc8968 |    000004AF  A$lcc8968 |    000004B1  A$lcc8968
     000004B2  A$lcc8968 |    000004B4  A$lcc8968 |    000004B5  A$lcc8968
     000004B7  A$lcc8968 |    000004B8  A$lcc8968 |    000004BA  A$lcc8968
     000004BC  A$lcc8968 |    000004BD  A$lcc8968 |    000004BF  A$lcc8968
     000004C0  A$lcc8968 |    000004C2  A$lcc8968 |    000004C3  A$lcc8968
     000004C4  A$lcc8968 |    000004C5  A$lcc8968 |    000004C7  A$lcc8968
     000004C8  A$lcc8968 |    000004C9  A$lcc8968 |    000004CA  A$lcc8968
     000004CC  A$lcc8968 |    000004CD  A$lcc8968 |    000004CE  A$lcc8968
     000004CF  A$lcc8968 |    000004D0  A$lcc8968 |    000004D1  A$lcc8968
     000004D2  A$lcc8968 |    000004D4  A$lcc8968 |    000004D5  A$lcc8968
     000004D6  A$lcc8968 |    000004D8  A$lcc8968 |    000004D9  A$lcc8968
     000004DA  A$lcc8968 |    000004DB  A$lcc8968 |    000004DC  A$lcc8968
     000004DD  A$lcc8968 |    000004E0  A$lcc8968 |    000004E2  A$lcc8968
     000004E2  C$camera. |    000004E5  A$lcc8968 |    000004E8  A$lcc8968
     000004E8  C$camera. |    000004EB  A$lcc8968 |    000004EC  A$lcc8968
     000004ED  A$lcc8968 |    000004EE  A$lcc8968 |    000004F1  A$lcc8968
     000004F2  A$lcc8968 |    000004F3  A$lcc8968 |    000004F4  A$lcc8968
     000004F7  A$lcc8968 |    000004F8  A$lcc8968 |    000004F9  A$lcc8968
     000004FA  A$lcc8968 |    000004FD  A$lcc8968 |    000004FE  A$lcc8968
     000004FF  A$lcc8968 |    00000500  A$lcc8968 |    00000502  A$lcc8968
     00000502  C$camera. |    00000502  XG$set_ca |    00000503  A$lcc8968
     00000503  C$camera. |    00000503  G$set_wor |    00000503  _set_worl
     00000505  A$lcc8968 |    00000505  C$camera. |    00000508  A$lcc8968
     00000509  A$lcc8968 |    0000050A  A$lcc8968 |    0000050B  A$lcc8968
     0000050D  A$lcc8968 |    0000050F  A$lcc8968 |    00000511  A$lcc8968
     00000513  A$lcc8968 |    00000515  A$lcc8968 |    00000517  A$lcc8968
     00000519  A$lcc8968 |    0000051B  A$lcc8968 |    0000051E  A$lcc8968
     0000051F  A$lcc8968 |    0000051F  C$camera. |    00000522  A$lcc8968
     00000523  A$lcc8968 |    00000524  A$lcc8968 |    00000525  A$lcc8968
     00000527  A$lcc8968 |    00000529  A$lcc8968 |    0000052B  A$lcc8968
     0000052D  A$lcc8968 |    0000052F  A$lcc8968 |    00000531  A$lcc8968
     00000533  A$lcc8968 |    00000535  A$lcc8968 |    00000538  A$lcc8968
     00000539  A$lcc8968 |    00000539  C$camera. |    0000053C  A$lcc8968
     0000053D  A$lcc8968 |    0000053E  A$lcc8968 |    0000053F  A$lcc8968
     00000541  A$lcc8968 |    00000543  A$lcc8968 |    00000545  A$lcc8968
     00000547  A$lcc8968 |    00000549  A$lcc8968 |    0000054B  A$lcc8968
     0000054D  A$lcc8968 |    0000054F  A$lcc8968 |    00000551  A$lcc8968
     00000553  A$lcc8968 |    00000555  A$lcc8968 |    00000557  A$lcc8968
     00000559  A$lcc8968 |    0000055B  A$lcc8968 |    0000055E  A$lcc8968
     0000055F  A$lcc8968 |    00000562  A$lcc8968 |    00000564  A$lcc8968
     00000565  A$lcc8968 |    00000568  A$lcc8968 |    00000569  A$lcc8968
     00000569  C$camera. |    00000569  C$camera. |    0000056A  A$lcc8968
     0000056B  A$lcc8968 |    0000056E  A$lcc8968 |    0000056E  C$camera.
     00000571  A$lcc8968 |    00000572  A$lcc8968 |    00000573  A$lcc8968
     00000574  A$lcc8968 |    00000577  A$lcc8968 |    00000578  A$lcc8968
ASxxxx Linker V03.00 + NoICE + sdld,  page 7.
Hexadecimal  [32-Bits]

Area                       Addr        Size        Decimal Bytes (Attributes)
--------------------       ----        ----        ------- ----- ------------
_CODE                  00000200    00000EDE =        3806. bytes (REL,CON)

        Value  Global            Value  Global            Value  Global    
        -----  ------            -----  ------            -----  ------    
     00000579  A$lcc8968 |    0000057A  A$lcc8968 |    0000057B  A$lcc8968
     0000057C  A$lcc8968 |    0000057D  A$lcc8968 |    0000057E  A$lcc8968
     0000057F  A$lcc8968 |    00000580  A$lcc8968 |    00000582  A$lcc8968
     00000584  A$lcc8968 |    00000586  A$lcc8968 |    00000588  A$lcc8968
     00000589  A$lcc8968 |    0000058B  A$lcc8968 |    0000058D  A$lcc8968
     0000058F  A$lcc8968 |    00000590  A$lcc8968 |    00000592  A$lcc8968
     00000592  C$camera. |    00000595  A$lcc8968 |    00000597  A$lcc8968
     00000598  A$lcc8968 |    0000059B  A$lcc8968 |    0000059C  A$lcc8968
     0000059F  A$lcc8968 |    000005A0  A$lcc8968 |    000005A2  A$lcc8968
     000005A3  A$lcc8968 |    000005A4  A$lcc8968 |    000005A5  A$lcc8968
     000005A6  A$lcc8968 |    000005A7  A$lcc8968 |    000005A9  A$lcc8968
     000005AC  A$lcc8968 |    000005AD  A$lcc8968 |    000005AE  A$lcc8968
     000005B0  A$lcc8968 |    000005B1  A$lcc8968 |    000005B2  A$lcc8968
     000005B4  A$lcc8968 |    000005B5  A$lcc8968 |    000005B7  A$lcc8968
     000005B8  A$lcc8968 |    000005B9  A$lcc8968 |    000005BA  A$lcc8968
     000005BB  A$lcc8968 |    000005BC  A$lcc8968 |    000005BE  A$lcc8968
     000005BF  A$lcc8968 |    000005C1  A$lcc8968 |    000005C2  A$lcc8968
     000005C4  A$lcc8968 |    000005C6  A$lcc8968 |    000005C8  A$lcc8968
     000005C9  A$lcc8968 |    000005CB  A$lcc8968 |    000005CC  A$lcc8968
     000005CE  A$lcc8968 |    000005CF  A$lcc8968 |    000005D0  A$lcc8968
     000005D1  A$lcc8968 |    000005D2  A$lcc8968 |    000005D3  A$lcc8968
     000005D4  A$lcc8968 |    000005D6  A$lcc8968 |    000005D7  A$lcc8968
     000005D8  A$lcc8968 |    000005D9  A$lcc8968 |    000005DA  A$lcc8968
     000005DC  A$lcc8968 |    000005DD  A$lcc8968 |    000005DE  A$lcc8968
     000005DF  A$lcc8968 |    000005E0  A$lcc8968 |    000005E2  A$lcc8968
     000005E3  A$lcc8968 |    000005E4  A$lcc8968 |    000005E5  A$lcc8968
     000005E7  A$lcc8968 |    000005E8  A$lcc8968 |    000005E9  A$lcc8968
     000005EA  A$lcc8968 |    000005ED  A$lcc8968 |    000005EF  A$lcc8968
     000005F2  A$lcc8968 |    000005F2  C$camera. |    000005F5  A$lcc8968
     000005F6  A$lcc8968 |    000005F8  A$lcc8968 |    000005F9  A$lcc8968
     000005FB  A$lcc8968 |    000005FC  A$lcc8968 |    000005FD  A$lcc8968
     000005FF  A$lcc8968 |    00000600  A$lcc8968 |    00000602  A$lcc8968
     00000603  A$lcc8968 |    00000605  A$lcc8968 |    00000606  A$lcc8968
     00000607  A$lcc8968 |    00000608  A$lcc8968 |    00000609  A$lcc8968
     0000060B  A$lcc8968 |    0000060B  C$camera. |    0000060E  A$lcc8968
     0000060F  A$lcc8968 |    00000612  A$lcc8968 |    00000614  A$lcc8968
     00000615  A$lcc8968 |    00000618  A$lcc8968 |    00000619  A$lcc8968
     0000061B  A$lcc8968 |    0000061C  A$lcc8968 |    0000061D  A$lcc8968
     0000061E  A$lcc8968 |    0000061F  A$lcc8968 |    00000620  A$lcc8968
     00000621  A$lcc8968 |    00000623  A$lcc8968 |    00000626  A$lcc8968
     00000627  A$lcc8968 |    00000628  A$lcc8968 |    0000062A  A$lcc8968
     0000062B  A$lcc8968 |    0000062C  A$lcc8968 |    0000062E  A$lcc8968
     0000062F  A$lcc8968 |    00000631  A$lcc8968 |    00000632  A$lcc8968
     00000633  A$lcc8968 |    00000634  A$lcc8968 |    00000635  A$lcc8968
     00000636  A$lcc8968 |    00000638  A$lcc8968 |    00000639  A$lcc8968
     0000063B  A$lcc8968 |    0000063C  A$lcc8968 |    0000063E  A$lcc8968
     00000641  A$lcc8968 |    00000643  A$lcc8968 |    00000645  A$lcc8968
     00000646  A$lcc8968 |    00000648  A$lcc8968 |    00000649  A$lcc8968
     0000064A  A$lcc8968 |    0000064C  A$lcc8968 |    0000064D  A$lcc8968
     0000064F  A$lcc8968 |    00000650  A$lcc8968 |    00000651  A$lcc8968
     00000652  A$lcc8968 |    00000654  A$lcc8968 |    00000655  A$lcc8968
ASxxxx Linker V03.00 + NoICE + sdld,  page 8.
Hexadecimal  [32-Bits]

Area                       Addr        Size        Decimal Bytes (Attributes)
--------------------       ----        ----        ------- ----- ------------
_CODE                  00000200    00000EDE =        3806. bytes (REL,CON)

        Value  Global            Value  Global            Value  Global    
        -----  ------            -----  ------            -----  ------    
     00000656  A$lcc8968 |    00000657  A$lcc8968 |    00000659  A$lcc8968
     0000065A  A$lcc8968 |    0000065B  A$lcc8968 |    0000065C  A$lcc8968
     0000065D  A$lcc8968 |    0000065F  A$lcc8968 |    00000660  A$lcc8968
     00000661  A$lcc8968 |    00000662  A$lcc8968 |    00000663  A$lcc8968
     00000664  A$lcc8968 |    00000665  A$lcc8968 |    00000666  A$lcc8968
     00000668  A$lcc8968 |    00000669  A$lcc8968 |    0000066A  A$lcc8968
     0000066B  A$lcc8968 |    0000066E  A$lcc8968 |    00000670  A$lcc8968
     00000670  C$camera. |    00000673  A$lcc8968 |    00000676  A$lcc8968
     00000676  C$camera. |    00000679  A$lcc8968 |    0000067A  A$lcc8968
     0000067B  A$lcc8968 |    0000067C  A$lcc8968 |    0000067E  A$lcc8968
     00000680  A$lcc8968 |    00000682  A$lcc8968 |    00000684  A$lcc8968
     00000686  A$lcc8968 |    00000688  A$lcc8968 |    0000068A  A$lcc8968
     0000068C  A$lcc8968 |    0000068E  A$lcc8968 |    00000690  A$lcc8968
     00000692  A$lcc8968 |    00000694  A$lcc8968 |    00000696  A$lcc8968
     00000698  A$lcc8968 |    0000069B  A$lcc8968 |    0000069C  A$lcc8968
     0000069F  A$lcc8968 |    000006A1  A$lcc8968 |    000006A2  A$lcc8968
     000006A5  A$lcc8968 |    000006A6  A$lcc8968 |    000006A6  C$camera.
     000006A6  C$camera. |    000006A7  A$lcc8968 |    000006A8  A$lcc8968
     000006AB  A$lcc8968 |    000006AE  A$lcc8968 |    000006AF  A$lcc8968
     000006B0  A$lcc8968 |    000006B1  A$lcc8968 |    000006B4  A$lcc8968
     000006B5  A$lcc8968 |    000006B7  A$lcc8968 |    000006B8  A$lcc8968
     000006B9  A$lcc8968 |    000006BA  A$lcc8968 |    000006BB  A$lcc8968
     000006BB  C$camera. |    000006BE  A$lcc8968 |    000006C0  A$lcc8968
     000006C1  A$lcc8968 |    000006C1  C$camera. |    000006C3  A$lcc8968
     000006C4  A$lcc8968 |    000006C5  A$lcc8968 |    000006C6  A$lcc8968
     000006C7  A$lcc8968 |    000006C8  A$lcc8968 |    000006C9  A$lcc8968
     000006CA  A$lcc8968 |    000006CC  A$lcc8968 |    000006CE  A$lcc8968
     000006D0  A$lcc8968 |    000006D2  A$lcc8968 |    000006D3  A$lcc8968
     000006D5  A$lcc8968 |    000006D7  A$lcc8968 |    000006D9  A$lcc8968
     000006DA  A$lcc8968 |    000006DD  A$lcc8968 |    000006E0  A$lcc8968
     000006E2  A$lcc8968 |    000006E3  A$lcc8968 |    000006E6  A$lcc8968
     000006E7  A$lcc8968 |    000006E9  A$lcc8968 |    000006EA  A$lcc8968
     000006EB  A$lcc8968 |    000006EC  A$lcc8968 |    000006ED  A$lcc8968
     000006F0  A$lcc8968 |    000006F2  A$lcc8968 |    000006F3  A$lcc8968
     000006F4  A$lcc8968 |    000006F5  A$lcc8968 |    000006F7  A$lcc8968
     000006FA  A$lcc8968 |    000006FA  C$camera. |    000006FC  A$lcc8968
     000006FD  A$lcc8968 |    000006FE  A$lcc8968 |    000006FF  A$lcc8968
     00000701  A$lcc8968 |    00000703  A$lcc8968 |    00000704  A$lcc8968
     00000705  A$lcc8968 |    00000706  A$lcc8968 |    00000707  A$lcc8968
     00000708  A$lcc8968 |    00000709  A$lcc8968 |    0000070A  A$lcc8968
     0000070B  A$lcc8968 |    0000070C  A$lcc8968 |    0000070D  A$lcc8968
     0000070E  A$lcc8968 |    0000070F  A$lcc8968 |    00000710  A$lcc8968
     00000712  A$lcc8968 |    00000713  A$lcc8968 |    00000714  A$lcc8968
     00000716  A$lcc8968 |    00000717  A$lcc8968 |    00000718  A$lcc8968
     0000071A  A$lcc8968 |    0000071B  A$lcc8968 |    0000071D  A$lcc8968
     0000071F  A$lcc8968 |    00000721  A$lcc8968 |    00000722  A$lcc8968
     00000723  A$lcc8968 |    00000724  A$lcc8968 |    00000726  A$lcc8968
     00000728  A$lcc8968 |    00000729  A$lcc8968 |    0000072B  A$lcc8968
     0000072C  A$lcc8968 |    0000072E  A$lcc8968 |    0000072F  A$lcc8968
     00000730  A$lcc8968 |    00000731  A$lcc8968 |    00000733  A$lcc8968
     00000735  A$lcc8968 |    00000736  A$lcc8968 |    00000738  A$lcc8968
ASxxxx Linker V03.00 + NoICE + sdld,  page 9.
Hexadecimal  [32-Bits]

Area                       Addr        Size        Decimal Bytes (Attributes)
--------------------       ----        ----        ------- ----- ------------
_CODE                  00000200    00000EDE =        3806. bytes (REL,CON)

        Value  Global            Value  Global            Value  Global    
        -----  ------            -----  ------            -----  ------    
     00000739  A$lcc8968 |    0000073A  A$lcc8968 |    0000073B  A$lcc8968
     0000073D  A$lcc8968 |    0000073E  A$lcc8968 |    0000073F  A$lcc8968
     00000740  A$lcc8968 |    00000742  A$lcc8968 |    00000743  A$lcc8968
     00000744  A$lcc8968 |    00000745  A$lcc8968 |    00000746  A$lcc8968
     00000747  A$lcc8968 |    00000749  A$lcc8968 |    0000074A  A$lcc8968
     0000074C  A$lcc8968 |    0000074D  A$lcc8968 |    0000074E  A$lcc8968
     0000074F  A$lcc8968 |    00000751  A$lcc8968 |    00000752  A$lcc8968
     00000753  A$lcc8968 |    00000754  A$lcc8968 |    00000757  A$lcc8968
     00000759  A$lcc8968 |    0000075C  A$lcc8968 |    0000075C  C$camera.
     0000075E  A$lcc8968 |    0000075F  A$lcc8968 |    00000760  A$lcc8968
     00000761  A$lcc8968 |    00000762  A$lcc8968 |    00000763  A$lcc8968
     00000764  A$lcc8968 |    00000765  A$lcc8968 |    00000766  A$lcc8968
     00000769  A$lcc8968 |    0000076A  A$lcc8968 |    0000076B  A$lcc8968
     0000076C  A$lcc8968 |    0000076D  A$lcc8968 |    0000076E  A$lcc8968
     00000770  A$lcc8968 |    00000771  A$lcc8968 |    00000772  A$lcc8968
     00000774  A$lcc8968 |    00000775  A$lcc8968 |    00000777  A$lcc8968
     00000778  A$lcc8968 |    0000077A  A$lcc8968 |    0000077C  A$lcc8968
     0000077D  A$lcc8968 |    0000077E  A$lcc8968 |    00000780  A$lcc8968
     00000781  A$lcc8968 |    00000782  A$lcc8968 |    00000783  A$lcc8968
     00000784  A$lcc8968 |    00000785  A$lcc8968 |    00000786  A$lcc8968
     00000789  A$lcc8968 |    0000078C  A$lcc8968 |    0000078E  A$lcc8968
     0000078F  A$lcc8968 |    00000791  A$lcc8968 |    00000792  A$lcc8968
     00000794  A$lcc8968 |    00000795  A$lcc8968 |    00000798  A$lcc8968
     00000799  A$lcc8968 |    0000079A  A$lcc8968 |    0000079B  A$lcc8968
     0000079C  A$lcc8968 |    0000079D  A$lcc8968 |    000007A0  A$lcc8968
     000007A2  A$lcc8968 |    000007A3  A$lcc8968 |    000007A4  A$lcc8968
     000007A5  A$lcc8968 |    000007A7  A$lcc8968 |    000007A7  C$camera.
     000007AA  A$lcc8968 |    000007AA  C$camera. |    000007AC  A$lcc8968
     000007AD  A$lcc8968 |    000007AE  A$lcc8968 |    000007AF  A$lcc8968
     000007B1  A$lcc8968 |    000007B3  A$lcc8968 |    000007B4  A$lcc8968
     000007B5  A$lcc8968 |    000007B6  A$lcc8968 |    000007B7  A$lcc8968
     000007B8  A$lcc8968 |    000007B9  A$lcc8968 |    000007BA  A$lcc8968
     000007BB  A$lcc8968 |    000007BC  A$lcc8968 |    000007BD  A$lcc8968
     000007BE  A$lcc8968 |    000007BF  A$lcc8968 |    000007C0  A$lcc8968
     000007C2  A$lcc8968 |    000007C3  A$lcc8968 |    000007C4  A$lcc8968
     000007C6  A$lcc8968 |    000007C7  A$lcc8968 |    000007C8  A$lcc8968
     000007CA  A$lcc8968 |    000007CB  A$lcc8968 |    000007CD  A$lcc8968
     000007CF  A$lcc8968 |    000007D1  A$lcc8968 |    000007D2  A$lcc8968
     000007D3  A$lcc8968 |    000007D4  A$lcc8968 |    000007D6  A$lcc8968
     000007D8  A$lcc8968 |    000007D9  A$lcc8968 |    000007DB  A$lcc8968
     000007DC  A$lcc8968 |    000007DE  A$lcc8968 |    000007DF  A$lcc8968
     000007E1  A$lcc8968 |    000007E3  A$lcc8968 |    000007E4  A$lcc8968
     000007E6  A$lcc8968 |    000007E7  A$lcc8968 |    000007E9  A$lcc8968
     000007EA  A$lcc8968 |    000007EB  A$lcc8968 |    000007EC  A$lcc8968
     000007EE  A$lcc8968 |    000007EF  A$lcc8968 |    000007F0  A$lcc8968
     000007F1  A$lcc8968 |    000007F3  A$lcc8968 |    000007F4  A$lcc8968
     000007F5  A$lcc8968 |    000007F6  A$lcc8968 |    000007F7  A$lcc8968
     000007F8  A$lcc8968 |    000007F9  A$lcc8968 |    000007FB  A$lcc8968
     000007FC  A$lcc8968 |    000007FD  A$lcc8968 |    000007FF  A$lcc8968
     00000800  A$lcc8968 |    00000801  A$lcc8968 |    00000802  A$lcc8968
     00000803  A$lcc8968 |    00000804  A$lcc8968 |    00000807  A$lcc8968
ASxxxx Linker V03.00 + NoICE + sdld,  page 10.
Hexadecimal  [32-Bits]

Area                       Addr        Size        Decimal Bytes (Attributes)
--------------------       ----        ----        ------- ----- ------------
_CODE                  00000200    00000EDE =        3806. bytes (REL,CON)

        Value  Global            Value  Global            Value  Global    
        -----  ------            -----  ------            -----  ------    
     00000809  A$lcc8968 |    00000809  C$camera. |    0000080C  A$lcc8968
     0000080F  A$lcc8968 |    0000080F  C$camera. |    00000812  A$lcc8968
     00000813  A$lcc8968 |    00000814  A$lcc8968 |    00000815  A$lcc8968
     00000818  A$lcc8968 |    00000819  A$lcc8968 |    0000081A  A$lcc8968
     0000081B  A$lcc8968 |    0000081E  A$lcc8968 |    0000081F  A$lcc8968
     00000820  A$lcc8968 |    00000821  A$lcc8968 |    00000824  A$lcc8968
     00000825  A$lcc8968 |    00000826  A$lcc8968 |    00000827  A$lcc8968
     00000829  A$lcc8968 |    00000829  C$camera. |    00000829  XG$set_wo
     0000082A  A$lcc8968 |    0000082A  C$camera. |    0000082A  C$camera.
     0000082A  G$set_lev |    0000082A  _set_leve |    0000082D  A$lcc8968
     0000082F  A$lcc8968 |    0000082F  C$camera. |    00000830  A$lcc8968
     00000831  A$lcc8968 |    00000834  A$lcc8968 |    00000834  C$camera.
     00000835  A$lcc8968 |    00000836  A$lcc8968 |    00000839  A$lcc8968
     0000083A  A$lcc8968 |    0000083B  A$lcc8968 |    0000083C  A$lcc8968
     0000083C  C$camera. |    0000083D  A$lcc8968 |    0000083E  A$lcc8968
     0000083F  A$lcc8968 |    00000840  A$lcc8968 |    00000842  A$lcc8968
     00000844  A$lcc8968 |    00000845  A$lcc8968 |    00000846  A$lcc8968
     00000848  A$lcc8968 |    00000849  A$lcc8968 |    0000084A  A$lcc8968
     0000084B  A$lcc8968 |    0000084C  A$lcc8968 |    0000084D  A$lcc8968
     0000084E  A$lcc8968 |    00000851  A$lcc8968 |    00000852  A$lcc8968
     00000853  A$lcc8968 |    00000854  A$lcc8968 |    00000854  C$camera.
     00000856  A$lcc8968 |    00000857  A$lcc8968 |    00000859  A$lcc8968
     0000085B  A$lcc8968 |    0000085C  A$lcc8968 |    0000085D  A$lcc8968
     0000085F  A$lcc8968 |    00000860  A$lcc8968 |    00000861  A$lcc8968
     00000862  A$lcc8968 |    00000863  A$lcc8968 |    00000864  A$lcc8968
     00000865  A$lcc8968 |    00000868  A$lcc8968 |    00000869  A$lcc8968
     0000086A  A$lcc8968 |    0000086B  A$lcc8968 |    0000086B  C$camera.
     0000086E  A$lcc8968 |    00000870  A$lcc8968 |    00000871  A$lcc8968
     00000872  A$lcc8968 |    00000872  C$camera. |    00000872  XG$set_le
     00000873  A$lcc8968 |    00000873  C$camera. |    00000873  G$render_
     00000873  _render_c |    00000874  A$lcc8968 |    00000874  C$camera.
     00000876  A$lcc8968 |    00000877  A$lcc8968 |    00000878  A$lcc8968
     00000879  A$lcc8968 |    0000087B  A$lcc8968 |    0000087C  A$lcc8968
     0000087E  A$lcc8968 |    0000087F  A$lcc8968 |    00000881  A$lcc8968
     00000883  A$lcc8968 |    00000885  A$lcc8968 |    00000887  A$lcc8968
     00000888  A$lcc8968 |    0000088A  A$lcc8968 |    0000088C  A$lcc8968
     0000088E  A$lcc8968 |    0000088F  A$lcc8968 |    00000891  A$lcc8968
     00000894  A$lcc8968 |    00000895  A$lcc8968 |    00000896  A$lcc8968
     00000897  A$lcc8968 |    00000899  A$lcc8968 |    0000089A  A$lcc8968
     0000089B  A$lcc8968 |    0000089C  A$lcc8968 |    0000089D  A$lcc8968
     0000089E  A$lcc8968 |    0000089F  A$lcc8968 |    000008A0  A$lcc8968
     000008A2  A$lcc8968 |    000008A2  C$camera. |    000008A5  A$lcc8968
     000008A6  A$lcc8968 |    000008A7  A$lcc8968 |    000008A8  A$lcc8968
     000008AB  A$lcc8968 |    000008AC  A$lcc8968 |    000008AD  A$lcc8968
     000008AE  A$lcc8968 |    000008AF  A$lcc8968 |    000008B0  A$lcc8968
     000008B1  A$lcc8968 |    000008B4  A$lcc8968 |    000008B5  A$lcc8968
     000008B6  A$lcc8968 |    000008B7  A$lcc8968 |    000008B7  C$camera.
     000008BA  A$lcc8968 |    000008BC  A$lcc8968 |    000008BE  A$lcc8968
     000008BE  C$camera. |    000008C1  A$lcc8968 |    000008C2  A$lcc8968
     000008C3  A$lcc8968 |    000008C4  A$lcc8968 |    000008C7  A$lcc8968
     000008C8  A$lcc8968 |    000008C9  A$lcc8968 |    000008CA  A$lcc8968
ASxxxx Linker V03.00 + NoICE + sdld,  page 11.
Hexadecimal  [32-Bits]

Area                       Addr        Size        Decimal Bytes (Attributes)
--------------------       ----        ----        ------- ----- ------------
_CODE                  00000200    00000EDE =        3806. bytes (REL,CON)

        Value  Global            Value  Global            Value  Global    
        -----  ------            -----  ------            -----  ------    
     000008CB  A$lcc8968 |    000008CC  A$lcc8968 |    000008CD  A$lcc8968
     000008D0  A$lcc8968 |    000008D1  A$lcc8968 |    000008D2  A$lcc8968
     000008D3  A$lcc8968 |    000008D5  A$lcc8968 |    000008D6  A$lcc8968
     000008D7  A$lcc8968 |    000008D8  A$lcc8968 |    000008D9  A$lcc8968
     000008D9  C$camera. |    000008DC  A$lcc8968 |    000008DE  A$lcc8968
     000008DF  A$lcc8968 |    000008DF  C$camera. |    000008E0  A$lcc8968
     000008E1  A$lcc8968 |    000008E2  A$lcc8968 |    000008E3  A$lcc8968
     000008E4  A$lcc8968 |    000008E6  A$lcc8968 |    000008E8  A$lcc8968
     000008EA  A$lcc8968 |    000008EC  A$lcc8968 |    000008ED  A$lcc8968
     000008EF  A$lcc8968 |    000008F1  A$lcc8968 |    000008F3  A$lcc8968
     000008F4  A$lcc8968 |    000008F6  A$lcc8968 |    000008F6  C$camera.
     000008F7  A$lcc8968 |    000008F9  A$lcc8968 |    000008FB  A$lcc8968
     000008FC  A$lcc8968 |    000008FE  A$lcc8968 |    00000900  A$lcc8968
     00000901  A$lcc8968 |    00000903  A$lcc8968 |    00000905  A$lcc8968
     00000905  C$camera. |    00000908  A$lcc8968 |    00000909  A$lcc8968
     0000090A  A$lcc8968 |    0000090B  A$lcc8968 |    0000090E  A$lcc8968
     0000090F  A$lcc8968 |    00000910  A$lcc8968 |    00000911  A$lcc8968
     00000912  A$lcc8968 |    00000913  A$lcc8968 |    00000914  A$lcc8968
     00000917  A$lcc8968 |    00000918  A$lcc8968 |    00000919  A$lcc8968
     0000091A  A$lcc8968 |    0000091A  C$camera. |    0000091D  A$lcc8968
     0000091F  A$lcc8968 |    00000921  A$lcc8968 |    00000921  C$camera.
     00000923  A$lcc8968 |    00000924  A$lcc8968 |    00000925  A$lcc8968
     00000926  A$lcc8968 |    00000927  A$lcc8968 |    0000092A  A$lcc8968
     0000092B  A$lcc8968 |    0000092C  A$lcc8968 |    0000092D  A$lcc8968
     0000092E  A$lcc8968 |    0000092F  A$lcc8968 |    00000930  A$lcc8968
     00000931  A$lcc8968 |    00000933  A$lcc8968 |    00000933  C$camera.
     00000934  A$lcc8968 |    00000936  A$lcc8968 |    00000938  A$lcc8968
     00000939  A$lcc8968 |    0000093B  A$lcc8968 |    0000093D  A$lcc8968
     0000093F  A$lcc8968 |    00000940  A$lcc8968 |    00000942  A$lcc8968
     00000942  C$camera. |    00000945  A$lcc8968 |    00000946  A$lcc8968
     00000947  A$lcc8968 |    00000948  A$lcc8968 |    0000094B  A$lcc8968
     0000094C  A$lcc8968 |    0000094D  A$lcc8968 |    0000094E  A$lcc8968
     0000094F  A$lcc8968 |    00000950  A$lcc8968 |    00000951  A$lcc8968
     00000954  A$lcc8968 |    00000955  A$lcc8968 |    00000956  A$lcc8968
     00000957  A$lcc8968 |    00000957  C$camera. |    0000095A  A$lcc8968
     0000095C  A$lcc8968 |    0000095D  A$lcc8968 |    0000095D  C$camera.
     0000095D  XG$render |    0000095E  A$lcc8968 |    0000095E  C$camera.
     0000095E  G$perform |    0000095E  _performa |    00000960  A$lcc8968
     00000961  A$lcc8968 |    00000963  A$lcc8968 |    00000964  A$lcc8968
     00000965  A$lcc8968 |    00000965  C$camera. |    00000968  A$lcc8968
     00000968  C$camera. |    00000969  A$lcc8968 |    00000969  C$camera.
     00000969  XG$perfor |    0000096B  A$lcc8968 |    0000096B  C$main.c$
     0000096B  C$main.c$ |    0000096B  G$main$0$ |    0000096B  _main    
     0000096C  A$lcc8968 |    0000096E  A$lcc8968 |    0000096E  C$main.c$
     00000970  A$lcc8968 |    00000972  A$lcc8968 |    00000972  C$main.c$
     00000974  A$lcc8968 |    00000976  A$lcc8968 |    00000976  C$main.c$
     00000978  A$lcc8968 |    0000097A  A$lcc8968 |    0000097A  C$main.c$
     0000097C  A$lcc8968 |    0000097E  A$lcc8968 |    00000980  A$lcc8968
     00000980  C$main.c$ |    00000982  A$lcc8968 |    00000984  A$lcc8968
     00000986  A$lcc8968 |    00000986  C$main.c$ |    00000988  A$lcc8968
     0000098A  A$lcc8968 |    0000098C  A$lcc8968 |    0000098C  C$main.c$
ASxxxx Linker V03.00 + NoICE + sdld,  page 12.
Hexadecimal  [32-Bits]

Area                       Addr        Size        Decimal Bytes (Attributes)
--------------------       ----        ----        ------- ----- ------------
_CODE                  00000200    00000EDE =        3806. bytes (REL,CON)

        Value  Global            Value  Global            Value  Global    
        -----  ------            -----  ------            -----  ------    
     0000098F  A$lcc8968 |    00000991  A$lcc8968 |    00000994  A$lcc8968
     00000996  A$lcc8968 |    00000999  A$lcc8968 |    0000099B  A$lcc8968
     0000099E  A$lcc8968 |    000009A0  A$lcc8968 |    000009A3  A$lcc8968
     000009A5  A$lcc8968 |    000009A8  A$lcc8968 |    000009AA  A$lcc8968
     000009AD  A$lcc8968 |    000009AF  A$lcc8968 |    000009B2  A$lcc8968
     000009B4  A$lcc8968 |    000009B7  A$lcc8968 |    000009B9  A$lcc8968
     000009BC  A$lcc8968 |    000009BE  A$lcc8968 |    000009C1  A$lcc8968
     000009C3  A$lcc8968 |    000009C6  A$lcc8968 |    000009C8  A$lcc8968
     000009CB  A$lcc8968 |    000009CD  A$lcc8968 |    000009D0  A$lcc8968
     000009D2  A$lcc8968 |    000009D5  A$lcc8968 |    000009D7  A$lcc8968
     000009DA  A$lcc8968 |    000009DC  A$lcc8968 |    000009DF  A$lcc8968
     000009E1  A$lcc8968 |    000009E4  A$lcc8968 |    000009E6  A$lcc8968
     000009E9  A$lcc8968 |    000009EB  A$lcc8968 |    000009EB  C$main.c$
     000009EE  A$lcc8968 |    000009F0  A$lcc8968 |    000009F3  A$lcc8968
     000009F5  A$lcc8968 |    000009F8  A$lcc8968 |    000009FA  A$lcc8968
     000009FA  C$main.c$ |    000009FD  A$lcc8968 |    000009FF  A$lcc8968
     000009FF  C$main.c$ |    00000A02  A$lcc8968 |    00000A04  A$lcc8968
     00000A04  C$main.c$ |    00000A07  A$lcc8968 |    00000A09  A$lcc8968
     00000A09  C$main.c$ |    00000A0C  A$lcc8968 |    00000A0E  A$lcc8968
     00000A0E  C$main.c$ |    00000A11  A$lcc8968 |    00000A13  A$lcc8968
     00000A16  A$lcc8968 |    00000A18  A$lcc8968 |    00000A18  C$main.c$
     00000A18  C$main.c$ |    00000A1B  A$lcc8968 |    00000A1C  A$lcc8968
     00000A1E  A$lcc8968 |    00000A21  A$lcc8968 |    00000A23  A$lcc8968
     00000A25  A$lcc8968 |    00000A28  A$lcc8968 |    00000A2A  A$lcc8968
     00000A2C  A$lcc8968 |    00000A2E  A$lcc8968 |    00000A2E  C$main.c$
     00000A2E  C$main.c$ |    00000A30  A$lcc8968 |    00000A32  A$lcc8968
     00000A35  A$lcc8968 |    00000A37  A$lcc8968 |    00000A37  C$main.c$
     00000A3A  A$lcc8968 |    00000A3A  C$main.c$ |    00000A3C  A$lcc8968
     00000A3C  C$main.c$ |    00000A3C  C$main.c$ |    00000A3E  A$lcc8968
     00000A40  A$lcc8968 |    00000A43  A$lcc8968 |    00000A45  A$lcc8968
     00000A45  C$main.c$ |    00000A48  A$lcc8968 |    00000A48  C$main.c$
     00000A4A  A$lcc8968 |    00000A4A  C$main.c$ |    00000A4A  C$main.c$
     00000A4C  A$lcc8968 |    00000A4E  A$lcc8968 |    00000A51  A$lcc8968
     00000A53  A$lcc8968 |    00000A53  C$main.c$ |    00000A56  A$lcc8968
     00000A56  C$main.c$ |    00000A56  C$main.c$ |    00000A56  XG$main$0
     00000A58  A$lcc8968 |    00000A58  C$scene.c |    00000A58  G$load_le
     00000A58  _load_lev |    00000A59  A$lcc8968 |    00000A5A  A$lcc8968
     00000A5A  C$scene.c |    00000A5C  A$lcc8968 |    00000A5D  A$lcc8968
     00000A5E  A$lcc8968 |    00000A5E  C$scene.c |    00000A61  A$lcc8968
     00000A61  C$scene.c |    00000A63  A$lcc8968 |    00000A64  A$lcc8968
     00000A66  A$lcc8968 |    00000A67  A$lcc8968 |    00000A69  A$lcc8968
     00000A6A  A$lcc8968 |    00000A6C  A$lcc8968 |    00000A6D  A$lcc8968
     00000A6E  A$lcc8968 |    00000A6F  A$lcc8968 |    00000A72  A$lcc8968
     00000A73  A$lcc8968 |    00000A74  A$lcc8968 |    00000A75  A$lcc8968
     00000A76  A$lcc8968 |    00000A77  A$lcc8968 |    00000A78  A$lcc8968
     00000A79  A$lcc8968 |    00000A7A  A$lcc8968 |    00000A7B  A$lcc8968
     00000A7C  A$lcc8968 |    00000A7D  A$lcc8968 |    00000A7E  A$lcc8968
     00000A7F  A$lcc8968 |    00000A80  A$lcc8968 |    00000A81  A$lcc8968
     00000A82  A$lcc8968 |    00000A83  A$lcc8968 |    00000A86  A$lcc8968
     00000A88  A$lcc8968 |    00000A88  C$scene.c |    00000A89  A$lcc8968
     00000A8A  A$lcc8968 |    00000A8D  A$lcc8968 |    00000A8E  A$lcc8968
ASxxxx Linker V03.00 + NoICE + sdld,  page 13.
Hexadecimal  [32-Bits]

Area                       Addr        Size        Decimal Bytes (Attributes)
--------------------       ----        ----        ------- ----- ------------
_CODE                  00000200    00000EDE =        3806. bytes (REL,CON)

        Value  Global            Value  Global            Value  Global    
        -----  ------            -----  ------            -----  ------    
     00000A8F  A$lcc8968 |    00000A90  A$lcc8968 |    00000A91  A$lcc8968
     00000A92  A$lcc8968 |    00000A93  A$lcc8968 |    00000A94  A$lcc8968
     00000A97  A$lcc8968 |    00000A98  A$lcc8968 |    00000A99  A$lcc8968
     00000A9A  A$lcc8968 |    00000A9B  A$lcc8968 |    00000A9E  A$lcc8968
     00000A9F  A$lcc8968 |    00000AA0  A$lcc8968 |    00000AA1  A$lcc8968
     00000AA2  A$lcc8968 |    00000AA3  A$lcc8968 |    00000AA6  A$lcc8968
     00000AA8  A$lcc8968 |    00000AA8  C$scene.c |    00000AA9  A$lcc8968
     00000AAA  A$lcc8968 |    00000AAB  A$lcc8968 |    00000AAC  A$lcc8968
     00000AAD  A$lcc8968 |    00000AAE  A$lcc8968 |    00000AB1  A$lcc8968
     00000AB2  A$lcc8968 |    00000AB3  A$lcc8968 |    00000AB4  A$lcc8968
     00000AB5  A$lcc8968 |    00000AB5  C$scene.c |    00000AB6  A$lcc8968
     00000AB7  A$lcc8968 |    00000AB9  A$lcc8968 |    00000AB9  C$scene.c
     00000ABC  A$lcc8968 |    00000ABD  A$lcc8968 |    00000AC0  A$lcc8968
     00000AC1  A$lcc8968 |    00000AC4  A$lcc8968 |    00000AC4  C$scene.c
     00000AC5  A$lcc8968 |    00000AC6  A$lcc8968 |    00000AC9  A$lcc8968
     00000ACA  A$lcc8968 |    00000ACB  A$lcc8968 |    00000ACC  A$lcc8968
     00000ACD  A$lcc8968 |    00000ACE  A$lcc8968 |    00000ACF  A$lcc8968
     00000AD2  A$lcc8968 |    00000AD3  A$lcc8968 |    00000AD4  A$lcc8968
     00000AD5  A$lcc8968 |    00000AD6  A$lcc8968 |    00000AD6  C$scene.c
     00000AD7  A$lcc8968 |    00000AD8  A$lcc8968 |    00000ADB  A$lcc8968
     00000ADC  A$lcc8968 |    00000ADD  A$lcc8968 |    00000ADE  A$lcc8968
     00000ADF  A$lcc8968 |    00000AE0  A$lcc8968 |    00000AE1  A$lcc8968
     00000AE4  A$lcc8968 |    00000AE5  A$lcc8968 |    00000AE6  A$lcc8968
     00000AE7  A$lcc8968 |    00000AE8  A$lcc8968 |    00000AE9  A$lcc8968
     00000AEA  A$lcc8968 |    00000AEA  C$scene.c |    00000AEA  XG$load_l
     00000AEB  A$lcc8968 |    00000AEB  C$scene.c |    00000AEB  C$scene.c
     00000AEB  G$switch_ |    00000AEB  _switch_d |    00000AEE  A$lcc8968
     00000AEF  A$lcc8968 |    00000AF1  A$lcc8968 |    00000AF3  A$lcc8968
     00000AF5  A$lcc8968 |    00000AF7  A$lcc8968 |    00000AF9  A$lcc8968
     00000AFB  A$lcc8968 |    00000AFD  A$lcc8968 |    00000AFF  A$lcc8968
     00000B01  A$lcc8968 |    00000B03  A$lcc8968 |    00000B05  A$lcc8968
     00000B08  A$lcc8968 |    00000B09  A$lcc8968 |    00000B0A  A$lcc8968
     00000B0C  A$lcc8968 |    00000B0D  A$lcc8968 |    00000B10  A$lcc8968
     00000B11  A$lcc8968 |    00000B13  A$lcc8968 |    00000B14  A$lcc8968
     00000B17  A$lcc8968 |    00000B19  A$lcc8968 |    00000B19  C$scene.c
     00000B1A  A$lcc8968 |    00000B1D  A$lcc8968 |    00000B1E  A$lcc8968
     00000B1F  A$lcc8968 |    00000B21  A$lcc8968 |    00000B22  A$lcc8968
     00000B25  A$lcc8968 |    00000B26  A$lcc8968 |    00000B28  A$lcc8968
     00000B29  A$lcc8968 |    00000B2C  A$lcc8968 |    00000B2E  A$lcc8968
     00000B2E  C$scene.c |    00000B2E  C$scene.c |    00000B2E  XG$switch
     00000B2F  A$lcc8968 |    00000B2F  C$scene.c |    00000B2F  C$scene.c
     00000B2F  G$switch_ |    00000B2F  _switch_j |    00000B32  A$lcc8968
     00000B33  A$lcc8968 |    00000B35  A$lcc8968 |    00000B37  A$lcc8968
     00000B39  A$lcc8968 |    00000B3B  A$lcc8968 |    00000B3D  A$lcc8968
     00000B3F  A$lcc8968 |    00000B41  A$lcc8968 |    00000B43  A$lcc8968
     00000B45  A$lcc8968 |    00000B47  A$lcc8968 |    00000B49  A$lcc8968
     00000B4B  A$lcc8968 |    00000B4D  A$lcc8968 |    00000B50  A$lcc8968
     00000B51  A$lcc8968 |    00000B53  A$lcc8968 |    00000B53  C$scene.c
     00000B56  A$lcc8968 |    00000B57  A$lcc8968 |    00000B59  A$lcc8968
     00000B5C  A$lcc8968 |    00000B5D  A$lcc8968 |    00000B5E  A$lcc8968
     00000B60  A$lcc8968 |    00000B61  A$lcc8968 |    00000B64  A$lcc8968
ASxxxx Linker V03.00 + NoICE + sdld,  page 14.
Hexadecimal  [32-Bits]

Area                       Addr        Size        Decimal Bytes (Attributes)
--------------------       ----        ----        ------- ----- ------------
_CODE                  00000200    00000EDE =        3806. bytes (REL,CON)

        Value  Global            Value  Global            Value  Global    
        -----  ------            -----  ------            -----  ------    
     00000B65  A$lcc8968 |    00000B67  A$lcc8968 |    00000B68  A$lcc8968
     00000B6B  A$lcc8968 |    00000B6D  A$lcc8968 |    00000B6D  C$scene.c
     00000B6E  A$lcc8968 |    00000B71  A$lcc8968 |    00000B72  A$lcc8968
     00000B73  A$lcc8968 |    00000B75  A$lcc8968 |    00000B76  A$lcc8968
     00000B79  A$lcc8968 |    00000B7A  A$lcc8968 |    00000B7C  A$lcc8968
     00000B7D  A$lcc8968 |    00000B80  A$lcc8968 |    00000B82  A$lcc8968
     00000B82  C$scene.c |    00000B83  A$lcc8968 |    00000B83  C$scene.c
     00000B86  A$lcc8968 |    00000B87  A$lcc8968 |    00000B89  A$lcc8968
     00000B8C  A$lcc8968 |    00000B8D  A$lcc8968 |    00000B8E  A$lcc8968
     00000B90  A$lcc8968 |    00000B91  A$lcc8968 |    00000B94  A$lcc8968
     00000B95  A$lcc8968 |    00000B97  A$lcc8968 |    00000B98  A$lcc8968
     00000B9B  A$lcc8968 |    00000B9D  A$lcc8968 |    00000B9D  C$scene.c
     00000B9E  A$lcc8968 |    00000BA1  A$lcc8968 |    00000BA2  A$lcc8968
     00000BA3  A$lcc8968 |    00000BA5  A$lcc8968 |    00000BA6  A$lcc8968
     00000BA9  A$lcc8968 |    00000BAA  A$lcc8968 |    00000BAC  A$lcc8968
     00000BAD  A$lcc8968 |    00000BB0  A$lcc8968 |    00000BB2  A$lcc8968
     00000BB2  C$scene.c |    00000BB2  C$scene.c |    00000BB2  XG$switch
     00000BB3  A$lcc8968 |    00000BB3  C$scene.c |    00000BB3  C$scene.c
     00000BB3  G$switch_ |    00000BB3  _switch_i |    00000BB6  A$lcc8968
     00000BB7  A$lcc8968 |    00000BB9  A$lcc8968 |    00000BBB  A$lcc8968
     00000BBD  A$lcc8968 |    00000BBF  A$lcc8968 |    00000BC1  A$lcc8968
     00000BC3  A$lcc8968 |    00000BC5  A$lcc8968 |    00000BC7  A$lcc8968
     00000BC9  A$lcc8968 |    00000BCB  A$lcc8968 |    00000BCD  A$lcc8968
     00000BD0  A$lcc8968 |    00000BD1  A$lcc8968 |    00000BD3  A$lcc8968
     00000BD6  A$lcc8968 |    00000BD7  A$lcc8968 |    00000BD8  A$lcc8968
     00000BDA  A$lcc8968 |    00000BDB  A$lcc8968 |    00000BDE  A$lcc8968
     00000BDF  A$lcc8968 |    00000BE1  A$lcc8968 |    00000BE2  A$lcc8968
     00000BE5  A$lcc8968 |    00000BE7  A$lcc8968 |    00000BE7  C$scene.c
     00000BE8  A$lcc8968 |    00000BEB  A$lcc8968 |    00000BEC  A$lcc8968
     00000BED  A$lcc8968 |    00000BEF  A$lcc8968 |    00000BF0  A$lcc8968
     00000BF3  A$lcc8968 |    00000BF4  A$lcc8968 |    00000BF6  A$lcc8968
     00000BF7  A$lcc8968 |    00000BFA  A$lcc8968 |    00000BFC  A$lcc8968
     00000BFC  C$scene.c |    00000BFC  C$scene.c |    00000BFC  XG$switch
     00000BFD  A$lcc8968 |    00000BFD  C$scene.c |    00000BFD  C$scene.c
     00000BFD  G$switch_ |    00000BFD  _switch_i |    00000C00  A$lcc8968
     00000C01  A$lcc8968 |    00000C02  A$lcc8968 |    00000C03  A$lcc8968
     00000C05  A$lcc8968 |    00000C06  A$lcc8968 |    00000C07  A$lcc8968
     00000C09  A$lcc8968 |    00000C0A  A$lcc8968 |    00000C0C  A$lcc8968
     00000C0E  A$lcc8968 |    00000C10  A$lcc8968 |    00000C12  A$lcc8968
     00000C14  A$lcc8968 |    00000C16  A$lcc8968 |    00000C18  A$lcc8968
     00000C1A  A$lcc8968 |    00000C1B  A$lcc8968 |    00000C1B  C$scene.c
     00000C1E  A$lcc8968 |    00000C1F  A$lcc8968 |    00000C20  A$lcc8968
     00000C22  A$lcc8968 |    00000C23  A$lcc8968 |    00000C26  A$lcc8968
     00000C27  A$lcc8968 |    00000C29  A$lcc8968 |    00000C2A  A$lcc8968
     00000C2D  A$lcc8968 |    00000C2F  A$lcc8968 |    00000C2F  C$scene.c
     00000C30  A$lcc8968 |    00000C30  C$scene.c |    00000C33  A$lcc8968
     00000C34  A$lcc8968 |    00000C35  A$lcc8968 |    00000C37  A$lcc8968
     00000C38  A$lcc8968 |    00000C3B  A$lcc8968 |    00000C3C  A$lcc8968
     00000C3E  A$lcc8968 |    00000C3F  A$lcc8968 |    00000C42  A$lcc8968
     00000C44  A$lcc8968 |    00000C44  C$scene.c |    00000C45  A$lcc8968
     00000C45  C$scene.c |    00000C48  A$lcc8968 |    00000C49  A$lcc8968
ASxxxx Linker V03.00 + NoICE + sdld,  page 15.
Hexadecimal  [32-Bits]

Area                       Addr        Size        Decimal Bytes (Attributes)
--------------------       ----        ----        ------- ----- ------------
_CODE                  00000200    00000EDE =        3806. bytes (REL,CON)

        Value  Global            Value  Global            Value  Global    
        -----  ------            -----  ------            -----  ------    
     00000C4A  A$lcc8968 |    00000C4C  A$lcc8968 |    00000C4D  A$lcc8968
     00000C50  A$lcc8968 |    00000C51  A$lcc8968 |    00000C53  A$lcc8968
     00000C54  A$lcc8968 |    00000C57  A$lcc8968 |    00000C59  A$lcc8968
     00000C59  C$scene.c |    00000C5A  A$lcc8968 |    00000C5A  C$scene.c
     00000C5D  A$lcc8968 |    00000C5E  A$lcc8968 |    00000C5F  A$lcc8968
     00000C61  A$lcc8968 |    00000C62  A$lcc8968 |    00000C65  A$lcc8968
     00000C66  A$lcc8968 |    00000C68  A$lcc8968 |    00000C69  A$lcc8968
     00000C6C  A$lcc8968 |    00000C6E  A$lcc8968 |    00000C6E  C$scene.c
     00000C6F  A$lcc8968 |    00000C6F  C$scene.c |    00000C72  A$lcc8968
     00000C73  A$lcc8968 |    00000C74  A$lcc8968 |    00000C76  A$lcc8968
     00000C77  A$lcc8968 |    00000C7A  A$lcc8968 |    00000C7B  A$lcc8968
     00000C7D  A$lcc8968 |    00000C7E  A$lcc8968 |    00000C81  A$lcc8968
     00000C83  A$lcc8968 |    00000C83  C$scene.c |    00000C84  A$lcc8968
     00000C84  C$scene.c |    00000C87  A$lcc8968 |    00000C88  A$lcc8968
     00000C89  A$lcc8968 |    00000C8B  A$lcc8968 |    00000C8C  A$lcc8968
     00000C8F  A$lcc8968 |    00000C90  A$lcc8968 |    00000C92  A$lcc8968
     00000C93  A$lcc8968 |    00000C96  A$lcc8968 |    00000C98  A$lcc8968
     00000C98  C$scene.c |    00000C98  C$scene.c |    00000C98  XG$switch
     00000C99  A$lcc8968 |    00000C99  C$scene.c |    00000C99  C$scene.c
     00000C99  G$switch_ |    00000C99  _switch_o |    00000C9C  A$lcc8968
     00000C9D  A$lcc8968 |    00000C9F  A$lcc8968 |    00000CA2  A$lcc8968
     00000CA3  A$lcc8968 |    00000CA4  A$lcc8968 |    00000CA6  A$lcc8968
     00000CA7  A$lcc8968 |    00000CAA  A$lcc8968 |    00000CAB  A$lcc8968
     00000CAD  A$lcc8968 |    00000CAE  A$lcc8968 |    00000CB1  A$lcc8968
     00000CB3  A$lcc8968 |    00000CB3  C$scene.c |    00000CB4  A$lcc8968
     00000CB4  C$scene.c |    00000CB7  A$lcc8968 |    00000CB8  A$lcc8968
     00000CB9  A$lcc8968 |    00000CBC  A$lcc8968 |    00000CBD  A$lcc8968
     00000CBE  A$lcc8968 |    00000CC0  A$lcc8968 |    00000CC1  A$lcc8968
     00000CC4  A$lcc8968 |    00000CC5  A$lcc8968 |    00000CC7  A$lcc8968
     00000CC8  A$lcc8968 |    00000CCB  A$lcc8968 |    00000CCD  A$lcc8968
     00000CCD  C$scene.c |    00000CCD  C$scene.c |    00000CCD  XG$switch
     00000CCE  A$lcc8968 |    00000CCE  C$scene.c |    00000CCE  C$scene.c
     00000CCE  G$switch_ |    00000CCE  _switch_o |    00000CD1  A$lcc8968
     00000CD2  A$lcc8968 |    00000CD4  A$lcc8968 |    00000CD7  A$lcc8968
     00000CD8  A$lcc8968 |    00000CD9  A$lcc8968 |    00000CDB  A$lcc8968
     00000CDC  A$lcc8968 |    00000CDF  A$lcc8968 |    00000CE0  A$lcc8968
     00000CE2  A$lcc8968 |    00000CE3  A$lcc8968 |    00000CE6  A$lcc8968
     00000CE8  A$lcc8968 |    00000CE8  C$scene.c |    00000CE9  A$lcc8968
     00000CE9  C$scene.c |    00000CEC  A$lcc8968 |    00000CED  A$lcc8968
     00000CEE  A$lcc8968 |    00000CF1  A$lcc8968 |    00000CF2  A$lcc8968
     00000CF3  A$lcc8968 |    00000CF5  A$lcc8968 |    00000CF6  A$lcc8968
     00000CF9  A$lcc8968 |    00000CFA  A$lcc8968 |    00000CFC  A$lcc8968
     00000CFD  A$lcc8968 |    00000D00  A$lcc8968 |    00000D02  A$lcc8968
     00000D02  C$scene.c |    00000D02  C$scene.c |    00000D02  XG$switch
     00000D03  A$lcc8968 |    00000D03  C$scene.c |    00000D03  G$switch_
     00000D03  _switch_l |    00000D04  A$lcc8968 |    00000D04  C$scene.c
     00000D07  A$lcc8968 |    00000D08  A$lcc8968 |    00000D0B  A$lcc8968
     00000D0B  C$scene.c |    00000D0E  A$lcc8968 |    00000D0F  A$lcc8968
     00000D11  A$lcc8968 |    00000D13  A$lcc8968 |    00000D15  A$lcc8968
     00000D17  A$lcc8968 |    00000D19  A$lcc8968 |    00000D1B  A$lcc8968
     00000D1D  A$lcc8968 |    00000D1F  A$lcc8968 |    00000D21  A$lcc8968
ASxxxx Linker V03.00 + NoICE + sdld,  page 16.
Hexadecimal  [32-Bits]

Area                       Addr        Size        Decimal Bytes (Attributes)
--------------------       ----        ----        ------- ----- ------------
_CODE                  00000200    00000EDE =        3806. bytes (REL,CON)

        Value  Global            Value  Global            Value  Global    
        -----  ------            -----  ------            -----  ------    
     00000D23  A$lcc8968 |    00000D25  A$lcc8968 |    00000D27  A$lcc8968
     00000D29  A$lcc8968 |    00000D2B  A$lcc8968 |    00000D2D  A$lcc8968
     00000D30  A$lcc8968 |    00000D31  A$lcc8968 |    00000D32  A$lcc8968
     00000D34  A$lcc8968 |    00000D36  A$lcc8968 |    00000D39  A$lcc8968
     00000D3A  A$lcc8968 |    00000D3C  A$lcc8968 |    00000D3D  A$lcc8968
     00000D40  A$lcc8968 |    00000D42  A$lcc8968 |    00000D42  C$scene.c
     00000D44  A$lcc8968 |    00000D47  A$lcc8968 |    00000D48  A$lcc8968
     00000D49  A$lcc8968 |    00000D4B  A$lcc8968 |    00000D4D  A$lcc8968
     00000D50  A$lcc8968 |    00000D51  A$lcc8968 |    00000D53  A$lcc8968
     00000D54  A$lcc8968 |    00000D57  A$lcc8968 |    00000D59  A$lcc8968
     00000D59  C$scene.c |    00000D5C  A$lcc8968 |    00000D5D  A$lcc8968
     00000D5D  C$scene.c |    00000D5D  C$scene.c |    00000D5E  A$lcc8968
     00000D60  A$lcc8968 |    00000D62  A$lcc8968 |    00000D65  A$lcc8968
     00000D66  A$lcc8968 |    00000D68  A$lcc8968 |    00000D6B  A$lcc8968
     00000D6D  A$lcc8968 |    00000D6E  A$lcc8968 |    00000D70  A$lcc8968
     00000D72  A$lcc8968 |    00000D75  A$lcc8968 |    00000D77  A$lcc8968
     00000D78  A$lcc8968 |    00000D79  A$lcc8968 |    00000D7C  A$lcc8968
     00000D7E  A$lcc8968 |    00000D81  A$lcc8968 |    00000D83  A$lcc8968
     00000D83  C$scene.c |    00000D86  A$lcc8968 |    00000D89  A$lcc8968
     00000D8B  A$lcc8968 |    00000D8B  C$scene.c |    00000D8C  A$lcc8968
     00000D8E  A$lcc8968 |    00000D90  A$lcc8968 |    00000D93  A$lcc8968
     00000D94  A$lcc8968 |    00000D96  A$lcc8968 |    00000D99  A$lcc8968
     00000D9A  A$lcc8968 |    00000D9B  A$lcc8968 |    00000D9D  A$lcc8968
     00000D9F  A$lcc8968 |    00000DA2  A$lcc8968 |    00000DA3  A$lcc8968
     00000DA5  A$lcc8968 |    00000DA6  A$lcc8968 |    00000DA9  A$lcc8968
     00000DAB  A$lcc8968 |    00000DAB  C$scene.c |    00000DAE  A$lcc8968
     00000DB1  A$lcc8968 |    00000DB2  A$lcc8968 |    00000DB2  C$scene.c
     00000DB2  XG$switch |    00000DB3  A$lcc8968 |    00000DB3  C$scene.c
     00000DB3  C$scene.c |    00000DB3  G$switch_ |    00000DB3  _switch_l
     00000DB6  A$lcc8968 |    00000DB7  A$lcc8968 |    00000DB8  A$lcc8968
     00000DBA  A$lcc8968 |    00000DBC  A$lcc8968 |    00000DBF  A$lcc8968
     00000DC0  A$lcc8968 |    00000DC2  A$lcc8968 |    00000DC5  A$lcc8968
     00000DC6  A$lcc8968 |    00000DC7  A$lcc8968 |    00000DC9  A$lcc8968
     00000DCA  A$lcc8968 |    00000DCD  A$lcc8968 |    00000DCE  A$lcc8968
     00000DD0  A$lcc8968 |    00000DD1  A$lcc8968 |    00000DD4  A$lcc8968
     00000DD6  A$lcc8968 |    00000DD6  C$scene.c |    00000DD7  A$lcc8968
     00000DD7  C$scene.c |    00000DD8  A$lcc8968 |    00000DDA  A$lcc8968
     00000DDC  A$lcc8968 |    00000DDF  A$lcc8968 |    00000DE0  A$lcc8968
     00000DE1  A$lcc8968 |    00000DE4  A$lcc8968 |    00000DE5  A$lcc8968
     00000DE6  A$lcc8968 |    00000DE8  A$lcc8968 |    00000DE9  A$lcc8968
     00000DEC  A$lcc8968 |    00000DED  A$lcc8968 |    00000DEF  A$lcc8968
     00000DF0  A$lcc8968 |    00000DF3  A$lcc8968 |    00000DF5  A$lcc8968
     00000DF5  C$scene.c |    00000DF5  C$scene.c |    00000DF5  XG$switch
     00000DF6  A$lcc8968 |    00000DF6  C$scene.c |    00000DF6  C$scene.c
     00000DF6  G$switch_ |    00000DF6  _switch_c |    00000DF9  A$lcc8968
     00000DFC  A$lcc8968 |    00000DFD  A$lcc8968 |    00000DFE  A$lcc8968
     00000DFF  A$lcc8968 |    00000E01  A$lcc8968 |    00000E03  A$lcc8968
     00000E06  A$lcc8968 |    00000E07  A$lcc8968 |    00000E08  A$lcc8968
     00000E0A  A$lcc8968 |    00000E0B  A$lcc8968 |    00000E0E  A$lcc8968
     00000E0F  A$lcc8968 |    00000E11  A$lcc8968 |    00000E12  A$lcc8968
     00000E15  A$lcc8968 |    00000E17  A$lcc8968 |    00000E17  C$scene.c
ASxxxx Linker V03.00 + NoICE + sdld,  page 17.
Hexadecimal  [32-Bits]

Area                       Addr        Size        Decimal Bytes (Attributes)
--------------------       ----        ----        ------- ----- ------------
_CODE                  00000200    00000EDE =        3806. bytes (REL,CON)

        Value  Global            Value  Global            Value  Global    
        -----  ------            -----  ------            -----  ------    
     00000E18  A$lcc8968 |    00000E18  C$scene.c |    00000E19  A$lcc8968
     00000E1B  A$lcc8968 |    00000E1C  A$lcc8968 |    00000E1F  A$lcc8968
     00000E20  A$lcc8968 |    00000E21  A$lcc8968 |    00000E23  A$lcc8968
     00000E24  A$lcc8968 |    00000E27  A$lcc8968 |    00000E28  A$lcc8968
     00000E2A  A$lcc8968 |    00000E2B  A$lcc8968 |    00000E2E  A$lcc8968
     00000E30  A$lcc8968 |    00000E30  C$scene.c |    00000E30  C$scene.c
     00000E30  XG$switch |    00000E31  A$lcc8968 |    00000E31  C$scene.c
     00000E31  C$scene.c |    00000E31  G$LEFT_RI |    00000E31  _LEFT_RIG
     00000E34  A$lcc8968 |    00000E36  A$lcc8968 |    00000E38  A$lcc8968
     00000E3A  A$lcc8968 |    00000E3C  A$lcc8968 |    00000E3E  A$lcc8968
     00000E40  A$lcc8968 |    00000E42  A$lcc8968 |    00000E44  A$lcc8968
     00000E46  A$lcc8968 |    00000E48  A$lcc8968 |    00000E4A  A$lcc8968
     00000E4C  A$lcc8968 |    00000E4E  A$lcc8968 |    00000E50  A$lcc8968
     00000E52  A$lcc8968 |    00000E54  A$lcc8968 |    00000E54  C$scene.c
     00000E57  A$lcc8968 |    00000E59  A$lcc8968 |    00000E59  C$scene.c
     00000E5C  A$lcc8968 |    00000E5E  A$lcc8968 |    00000E5F  A$lcc8968
     00000E5F  C$scene.c |    00000E62  A$lcc8968 |    00000E64  A$lcc8968
     00000E64  C$scene.c |    00000E67  A$lcc8968 |    00000E69  A$lcc8968
     00000E69  C$scene.c |    00000E69  XG$LEFT_R |    00000E6A  A$lcc8968
     00000E6A  C$scene.c |    00000E6A  C$scene.c |    00000E6A  G$jump$0$
     00000E6A  _jump     |    00000E6D  A$lcc8968 |    00000E6E  A$lcc8968
     00000E6F  A$lcc8968 |    00000E70  A$lcc8968 |    00000E72  A$lcc8968
     00000E74  A$lcc8968 |    00000E76  A$lcc8968 |    00000E78  A$lcc8968
     00000E7A  A$lcc8968 |    00000E7C  A$lcc8968 |    00000E7E  A$lcc8968
     00000E80  A$lcc8968 |    00000E81  A$lcc8968 |    00000E81  C$scene.c
     00000E84  A$lcc8968 |    00000E85  A$lcc8968 |    00000E86  A$lcc8968
     00000E87  A$lcc8968 |    00000E89  A$lcc8968 |    00000E8B  A$lcc8968
     00000E8D  A$lcc8968 |    00000E8F  A$lcc8968 |    00000E91  A$lcc8968
     00000E93  A$lcc8968 |    00000E95  A$lcc8968 |    00000E97  A$lcc8968
     00000E98  A$lcc8968 |    00000E98  C$scene.c |    00000E98  C$scene.c
     00000E9B  A$lcc8968 |    00000E9C  A$lcc8968 |    00000E9E  A$lcc8968
     00000E9E  C$scene.c |    00000EA1  A$lcc8968 |    00000EA2  A$lcc8968
     00000EA3  A$lcc8968 |    00000EA4  A$lcc8968 |    00000EA6  A$lcc8968
     00000EA8  A$lcc8968 |    00000EAA  A$lcc8968 |    00000EAC  A$lcc8968
     00000EAE  A$lcc8968 |    00000EB0  A$lcc8968 |    00000EB2  A$lcc8968
     00000EB4  A$lcc8968 |    00000EB5  A$lcc8968 |    00000EB6  A$lcc8968
     00000EB7  A$lcc8968 |    00000EB8  A$lcc8968 |    00000EB9  A$lcc8968
     00000EBA  A$lcc8968 |    00000EBB  A$lcc8968 |    00000EBC  A$lcc8968
     00000EBF  A$lcc8968 |    00000EC1  A$lcc8968 |    00000EC2  A$lcc8968
     00000EC2  C$scene.c |    00000EC5  A$lcc8968 |    00000EC6  A$lcc8968
     00000EC7  A$lcc8968 |    00000EC8  A$lcc8968 |    00000ECA  A$lcc8968
     00000ECC  A$lcc8968 |    00000ECE  A$lcc8968 |    00000ED0  A$lcc8968
     00000ED2  A$lcc8968 |    00000ED4  A$lcc8968 |    00000ED6  A$lcc8968
     00000ED8  A$lcc8968 |    00000ED9  A$lcc8968 |    00000EDB  A$lcc8968
     00000EDC  A$lcc8968 |    00000EDD  A$lcc8968 |    00000EDE  A$lcc8968
     00000EDF  A$lcc8968 |    00000EE0  A$lcc8968 |    00000EE3  A$lcc8968
     00000EE5  A$lcc8968 |    00000EE5  C$scene.c |    00000EE5  XG$jump$0
     00000EE6  A$lcc8968 |    00000EE6  C$scene.c |    00000EE6  C$scene.c
     00000EE6  G$land$0$ |    00000EE6  _land     |    00000EE9  A$lcc8968
     00000EEA  A$lcc8968 |    00000EEB  A$lcc8968 |    00000EEC  A$lcc8968
     00000EEE  A$lcc8968 |    00000EF0  A$lcc8968 |    00000EF2  A$lcc8968
ASxxxx Linker V03.00 + NoICE + sdld,  page 18.
Hexadecimal  [32-Bits]

Area                       Addr        Size        Decimal Bytes (Attributes)
--------------------       ----        ----        ------- ----- ------------
_CODE                  00000200    00000EDE =        3806. bytes (REL,CON)

        Value  Global            Value  Global            Value  Global    
        -----  ------            -----  ------            -----  ------    
     00000EF4  A$lcc8968 |    00000EF6  A$lcc8968 |    00000EF8  A$lcc8968
     00000EFA  A$lcc8968 |    00000EFC  A$lcc8968 |    00000EFD  A$lcc8968
     00000EFE  A$lcc8968 |    00000F00  A$lcc8968 |    00000F02  A$lcc8968
     00000F05  A$lcc8968 |    00000F06  A$lcc8968 |    00000F08  A$lcc8968
     00000F0A  A$lcc8968 |    00000F0C  A$lcc8968 |    00000F0E  A$lcc8968
     00000F10  A$lcc8968 |    00000F12  A$lcc8968 |    00000F12  C$scene.c
     00000F14  A$lcc8968 |    00000F15  A$lcc8968 |    00000F16  A$lcc8968
     00000F17  A$lcc8968 |    00000F18  A$lcc8968 |    00000F19  A$lcc8968
     00000F1A  A$lcc8968 |    00000F1B  A$lcc8968 |    00000F1C  A$lcc8968
     00000F1D  A$lcc8968 |    00000F20  A$lcc8968 |    00000F21  A$lcc8968
     00000F22  A$lcc8968 |    00000F23  A$lcc8968 |    00000F23  C$scene.c
     00000F26  A$lcc8968 |    00000F27  A$lcc8968 |    00000F28  A$lcc8968
     00000F29  A$lcc8968 |    00000F29  C$scene.c |    00000F2C  A$lcc8968
     00000F2E  A$lcc8968 |    00000F31  A$lcc8968 |    00000F33  A$lcc8968
     00000F36  A$lcc8968 |    00000F38  A$lcc8968 |    00000F3B  A$lcc8968
     00000F3D  A$lcc8968 |    00000F40  A$lcc8968 |    00000F42  A$lcc8968
     00000F42  C$scene.c |    00000F42  C$scene.c |    00000F42  XG$land$0
     00000F45  A$lcc8968 |    00000F45  C$scene.c |    00000F45  C$scene.c
     00000F45  G$setGame |    00000F45  _setGameB |    00000F47  A$lcc8968
     00000F48  A$lcc8968 |    00000F4A  A$lcc8968 |    00000F4D  A$lcc8968
     00000F4E  A$lcc8968 |    00000F4F  A$lcc8968 |    00000F4F  C$scene.c
     00000F4F  XG$setGam |    00000F50  A$lcc8968 |    00000F50  C$scene.c
     00000F50  C$scene.c |    00000F50  G$gameove |    00000F50  _gameover
     00000F53  A$lcc8968 |    00000F53  C$scene.c |    00000F56  A$lcc8968
     00000F58  A$lcc8968 |    00000F58  C$scene.c |    00000F5B  A$lcc8968
     00000F5D  A$lcc8968 |    00000F60  A$lcc8968 |    00000F62  A$lcc8968
     00000F65  A$lcc8968 |    00000F67  A$lcc8968 |    00000F6A  A$lcc8968
     00000F6C  A$lcc8968 |    00000F6F  A$lcc8968 |    00000F71  A$lcc8968
     00000F74  A$lcc8968 |    00000F76  A$lcc8968 |    00000F79  A$lcc8968
     00000F7B  A$lcc8968 |    00000F7B  C$scene.c |    00000F7E  A$lcc8968
     00000F80  A$lcc8968 |    00000F83  A$lcc8968 |    00000F85  A$lcc8968
     00000F85  C$scene.c |    00000F88  A$lcc8968 |    00000F89  A$lcc8968
     00000F8A  A$lcc8968 |    00000F8B  A$lcc8968 |    00000F8C  A$lcc8968
     00000F8F  A$lcc8968 |    00000F90  A$lcc8968 |    00000F90  C$scene.c
     00000F93  A$lcc8968 |    00000F94  A$lcc8968 |    00000F95  A$lcc8968
     00000F97  A$lcc8968 |    00000F97  C$scene.c |    00000F9A  A$lcc8968
     00000F9B  A$lcc8968 |    00000F9E  A$lcc8968 |    00000F9F  A$lcc8968
     00000FA2  A$lcc8968 |    00000FA2  C$scene.c |    00000FA5  A$lcc8968
     00000FA5  C$scene.c |    00000FA8  A$lcc8968 |    00000FAA  A$lcc8968
     00000FAA  C$scene.c |    00000FAC  A$lcc8968 |    00000FAE  A$lcc8968
     00000FB0  A$lcc8968 |    00000FB0  C$scene.c |    00000FB0  XG$gameov
     00000FB1  A$lcc8968 |    00000FB1  C$scene.c |    00000FB1  C$scene.c
     00000FB1  C$scene.c |    00000FB1  G$NPC_res |    00000FB1  _NPC_rese
     00000FB4  A$lcc8968 |    00000FB6  A$lcc8968 |    00000FB7  A$lcc8968
     00000FB8  A$lcc8968 |    00000FB9  A$lcc8968 |    00000FBA  A$lcc8968
     00000FBB  A$lcc8968 |    00000FBB  C$scene.c |    00000FBE  A$lcc8968
     00000FBF  A$lcc8968 |    00000FC1  A$lcc8968 |    00000FC1  C$scene.c
     00000FC4  A$lcc8968 |    00000FC5  A$lcc8968 |    00000FC7  A$lcc8968
     00000FC7  C$scene.c |    00000FCA  A$lcc8968 |    00000FCB  A$lcc8968
     00000FCC  A$lcc8968 |    00000FCD  A$lcc8968 |    00000FCD  C$scene.c
     00000FCE  A$lcc8968 |    00000FCE  C$scene.c |    00000FCE  XG$NPC_re
ASxxxx Linker V03.00 + NoICE + sdld,  page 19.
Hexadecimal  [32-Bits]

Area                       Addr        Size        Decimal Bytes (Attributes)
--------------------       ----        ----        ------- ----- ------------
_CODE                  00000200    00000EDE =        3806. bytes (REL,CON)

        Value  Global            Value  Global            Value  Global    
        -----  ------            -----  ------            -----  ------    
     00000FD0  ___hide_m |    00000FF0  ___move_m |    00001028  ___move_m
     00001064  ___move_m |    000010A0  ___move_m
ASxxxx Linker V03.00 + NoICE + sdld,  page 20.
Hexadecimal  [32-Bits]

Area                       Addr        Size        Decimal Bytes (Attributes)
--------------------       ----        ----        ------- ----- ------------
_HEADER0               00000000    00000001 =           1. bytes (ABS,CON)

        Value  Global            Value  Global            Value  Global    
        -----  ------            -----  ------            -----  ------    
     00000020  .call_hl 
ASxxxx Linker V03.00 + NoICE + sdld,  page 21.
Hexadecimal  [32-Bits]

Area                       Addr        Size        Decimal Bytes (Attributes)
--------------------       ----        ----        ------- ----- ------------
_HEADER1               00000000    00000005 =           5. bytes (ABS,CON)

        Value  Global            Value  Global            Value  Global    
        -----  ------            -----  ------            -----  ------    
     00000028  .MemsetSm
ASxxxx Linker V03.00 + NoICE + sdld,  page 22.
Hexadecimal  [32-Bits]

Area                       Addr        Size        Decimal Bytes (Attributes)
--------------------       ----        ----        ------- ----- ------------
_HEADER2               00000000    00000007 =           7. bytes (ABS,CON)

        Value  Global            Value  Global            Value  Global    
        -----  ------            -----  ------            -----  ------    
     00000030  .MemcpySm
ASxxxx Linker V03.00 + NoICE + sdld,  page 23.
Hexadecimal  [32-Bits]

Area                       Addr        Size        Decimal Bytes (Attributes)
--------------------       ----        ----        ------- ----- ------------
_HEADER3               00000000    00000008 =           8. bytes (ABS,CON)

        Value  Global            Value  Global            Value  Global    
        -----  ------            -----  ------            -----  ------    
ASxxxx Linker V03.00 + NoICE + sdld,  page 24.
Hexadecimal  [32-Bits]

Area                       Addr        Size        Decimal Bytes (Attributes)
--------------------       ----        ----        ------- ----- ------------
_HEADER4               00000000    0000004F =          79. bytes (ABS,CON)

        Value  Global            Value  Global            Value  Global    
        -----  ------            -----  ------            -----  ------    
     00000080  .int      |    0000008F  _wait_int |    0000009C  __standar
     000000AC  _refresh_
ASxxxx Linker V03.00 + NoICE + sdld,  page 25.
Hexadecimal  [32-Bits]

Area                       Addr        Size        Decimal Bytes (Attributes)
--------------------       ----        ----        ------- ----- ------------
_HEADER5               00000000    00000002 =           2. bytes (ABS,CON)

        Value  Global            Value  Global            Value  Global    
        -----  ------            -----  ------            -----  ------    
ASxxxx Linker V03.00 + NoICE + sdld,  page 26.
Hexadecimal  [32-Bits]

Area                       Addr        Size        Decimal Bytes (Attributes)
--------------------       ----        ----        ------- ----- ------------
_HEADER6               00000000    00000030 =          48. bytes (ABS,CON)

        Value  Global            Value  Global            Value  Global    
        -----  ------            -----  ------            -----  ------    
ASxxxx Linker V03.00 + NoICE + sdld,  page 27.
Hexadecimal  [32-Bits]

Area                       Addr        Size        Decimal Bytes (Attributes)
--------------------       ----        ----        ------- ----- ------------
_HEADER7               00000000    00000006 =           6. bytes (ABS,CON)

        Value  Global            Value  Global            Value  Global    
        -----  ------            -----  ------            -----  ------    
ASxxxx Linker V03.00 + NoICE + sdld,  page 28.
Hexadecimal  [32-Bits]

Area                       Addr        Size        Decimal Bytes (Attributes)
--------------------       ----        ----        ------- ----- ------------
_HEADER8               00000000    00000003 =           3. bytes (ABS,CON)

        Value  Global            Value  Global            Value  Global    
        -----  ------            -----  ------            -----  ------    
ASxxxx Linker V03.00 + NoICE + sdld,  page 29.
Hexadecimal  [32-Bits]

Area                       Addr        Size        Decimal Bytes (Attributes)
--------------------       ----        ----        ------- ----- ------------
_HEADER9               00000000    00000001 =           1. bytes (ABS,CON)

        Value  Global            Value  Global            Value  Global    
        -----  ------            -----  ------            -----  ------    
ASxxxx Linker V03.00 + NoICE + sdld,  page 30.
Hexadecimal  [32-Bits]

Area                       Addr        Size        Decimal Bytes (Attributes)
--------------------       ----        ----        ------- ----- ------------
_HEADERa               00000000    00000001 =           1. bytes (ABS,CON)

        Value  Global            Value  Global            Value  Global    
        -----  ------            -----  ------            -----  ------    
ASxxxx Linker V03.00 + NoICE + sdld,  page 31.
Hexadecimal  [32-Bits]

Area                       Addr        Size        Decimal Bytes (Attributes)
[...]
     0064593A  A$lcc8968 |    0064593A  C$worldte |    0064593B  A$lcc8968
     0064593D  A$lcc8968 |    0064593E  A$lcc8968 |    00645940  A$lcc8968
ASxxxx Linker V03.00 + NoICE + sdld,  page 176.
Hexadecimal  [32-Bits]

Area                       Addr        Size        Decimal Bytes (Attributes)
--------------------       ----        ----        ------- ----- ------------
_CODE_100              00644000    00001AFB =        6907. bytes (REL,CON)

        Value  Global            Value  Global            Value  Global    
        -----  ------            -----  ------            -----  ------    
     00645941  A$lcc8968 |    00645943  A$lcc8968 |    00645944  A$lcc8968
     00645945  A$lcc8968 |    00645946  A$lcc8968 |    00645947  A$lcc8968
     00645949  A$lcc8968 |    0064594B  A$lcc8968 |    0064594E  A$lcc8968
     00645950  A$lcc8968 |    00645952  A$lcc8968 |    00645952  C$worldte
     00645954  A$lcc8968 |    00645955  A$lcc8968 |    00645956  A$lcc8968
     00645957  A$lcc8968 |    00645958  A$lcc8968 |    00645959  A$lcc8968
     0064595A  A$lcc8968 |    0064595B  A$lcc8968 |    0064595C  A$lcc8968
     0064595D  A$lcc8968 |    0064595E  A$lcc8968 |    00645961  A$lcc8968
     00645962  A$lcc8968 |    00645963  A$lcc8968 |    00645966  A$lcc8968
     00645967  A$lcc8968 |    00645969  A$lcc8968 |    0064596A  A$lcc8968
     0064596B  A$lcc8968 |    0064596C  A$lcc8968 |    0064596C  C$worldte
     0064596D  A$lcc8968 |    00645970  A$lcc8968 |    00645971  A$lcc8968
     00645972  A$lcc8968 |    00645973  A$lcc8968 |    00645974  A$lcc8968
     00645975  A$lcc8968 |    00645978  A$lcc8968 |    0064597A  A$lcc8968
     0064597B  A$lcc8968 |    0064597B  C$worldte |    0064597C  A$lcc8968
     0064597E  A$lcc8968 |    00645981  A$lcc8968 |    00645983  A$lcc8968
     00645986  A$lcc8968 |    00645986  C$worldte |    00645988  A$lcc8968
     00645989  A$lcc8968 |    0064598A  A$lcc8968 |    0064598A  C$worldte
     0064598B  A$lcc8968 |    0064598C  A$lcc8968 |    0064598D  A$lcc8968
     0064598F  A$lcc8968 |    00645991  A$lcc8968 |    00645991  C$worldte
     00645992  A$lcc8968 |    00645993  A$lcc8968 |    00645995  A$lcc8968
     00645997  A$lcc8968 |    00645998  A$lcc8968 |    00645999  A$lcc8968
     0064599A  A$lcc8968 |    0064599C  A$lcc8968 |    0064599E  A$lcc8968
     006459A0  A$lcc8968 |    006459A1  A$lcc8968 |    006459A2  A$lcc8968
     006459A4  A$lcc8968 |    006459A5  A$lcc8968 |    006459A7  A$lcc8968
     006459A8  A$lcc8968 |    006459AA  A$lcc8968 |    006459AC  A$lcc8968
     006459AE  A$lcc8968 |    006459B0  A$lcc8968 |    006459B1  A$lcc8968
     006459B3  A$lcc8968 |    006459B5  A$lcc8968 |    006459B7  A$lcc8968
     006459B8  A$lcc8968 |    006459BA  A$lcc8968 |    006459BD  A$lcc8968
     006459BF  A$lcc8968 |    006459C1  A$lcc8968 |    006459C1  C$worldte
     006459C3  A$lcc8968 |    006459C4  A$lcc8968 |    006459C5  A$lcc8968
     006459C6  A$lcc8968 |    006459C7  A$lcc8968 |    006459C8  A$lcc8968
     006459C9  A$lcc8968 |    006459CA  A$lcc8968 |    006459CB  A$lcc8968
     006459CE  A$lcc8968 |    006459CF  A$lcc8968 |    006459D0  A$lcc8968
     006459D1  A$lcc8968 |    006459D1  C$worldte |    006459D4  A$lcc8968
     006459D5  A$lcc8968 |    006459D6  A$lcc8968 |    006459D7  A$lcc8968
     006459D7  C$worldte |    006459D8  A$lcc8968 |    006459D9  A$lcc8968
     006459DA  A$lcc8968 |    006459DB  A$lcc8968 |    006459DC  A$lcc8968
     006459DE  A$lcc8968 |    006459E0  A$lcc8968 |    006459E2  A$lcc8968
     006459E4  A$lcc8968 |    006459E5  A$lcc8968 |    006459E7  A$lcc8968
     006459E9  A$lcc8968 |    006459EB  A$lcc8968 |    006459EC  A$lcc8968
     006459EE  A$lcc8968 |    006459EE  C$worldte |    006459EF  A$lcc8968
     006459F1  A$lcc8968 |    006459F2  A$lcc8968 |    006459F4  A$lcc8968
     006459F5  A$lcc8968 |    006459F7  A$lcc8968 |    006459F8  A$lcc8968
     006459F9  A$lcc8968 |    006459FA  A$lcc8968 |    006459FB  A$lcc8968
     006459FD  A$lcc8968 |    006459FF  A$lcc8968 |    00645A02  A$lcc8968
     00645A03  A$lcc8968 |    00645A05  A$lcc8968 |    00645A05  C$worldte
     00645A07  A$lcc8968 |    00645A08  A$lcc8968 |    00645A09  A$lcc8968
     00645A0A  A$lcc8968 |    00645A0B  A$lcc8968 |    00645A0C  A$lcc8968
     00645A0D  A$lcc8968 |    00645A0E  A$lcc8968 |    00645A0F  A$lcc8968
     00645A10  A$lcc8968 |    00645A11  A$lcc8968 |    00645A14  A$lcc8968
ASxxxx Linker V03.00 + NoICE + sdld,  page 177.
Hexadecimal  [32-Bits]

Area                       Addr        Size        Decimal Bytes (Attributes)
--------------------       ----        ----        ------- ----- ------------
_CODE_100              00644000    00001AFB =        6907. bytes (REL,CON)

        Value  Global            Value  Global            Value  Global    
        -----  ------            -----  ------            -----  ------    
     00645A15  A$lcc8968 |    00645A16  A$lcc8968 |    00645A16  C$worldte
     00645A19  A$lcc8968 |    00645A1A  A$lcc8968 |    00645A1C  A$lcc8968
     00645A1C  C$worldte |    00645A1F  A$lcc8968 |    00645A20  A$lcc8968
     00645A21  A$lcc8968 |    00645A22  A$lcc8968 |    00645A25  A$lcc8968
     00645A26  A$lcc8968 |    00645A27  A$lcc8968 |    00645A28  A$lcc8968
     00645A29  A$lcc8968 |    00645A2A  A$lcc8968 |    00645A2B  A$lcc8968
     00645A2E  A$lcc8968 |    00645A2F  A$lcc8968 |    00645A30  A$lcc8968
     00645A31  A$lcc8968 |    00645A31  C$worldte |    00645A34  A$lcc8968
     00645A35  A$lcc8968 |    00645A36  A$lcc8968 |    00645A37  A$lcc8968
     00645A39  A$lcc8968 |    00645A3B  A$lcc8968 |    00645A3D  A$lcc8968
     00645A3F  A$lcc8968 |    00645A41  A$lcc8968 |    00645A43  A$lcc8968
     00645A45  A$lcc8968 |    00645A47  A$lcc8968 |    00645A4A  A$lcc8968
     00645A4B  A$lcc8968 |    00645A4B  C$worldte |    00645A4E  A$lcc8968
     00645A4F  A$lcc8968 |    00645A50  A$lcc8968 |    00645A51  A$lcc8968
     00645A53  A$lcc8968 |    00645A55  A$lcc8968 |    00645A57  A$lcc8968
     00645A59  A$lcc8968 |    00645A5B  A$lcc8968 |    00645A5D  A$lcc8968
     00645A5F  A$lcc8968 |    00645A61  A$lcc8968 |    00645A64  A$lcc8968
     00645A65  A$lcc8968 |    00645A65  C$worldte |    00645A68  A$lcc8968
     00645A69  A$lcc8968 |    00645A6A  A$lcc8968 |    00645A6C  A$lcc8968
     00645A6F  A$lcc8968 |    00645A70  A$lcc8968 |    00645A71  A$lcc8968
     00645A73  A$lcc8968 |    00645A73  C$worldte |    00645A76  A$lcc8968
     00645A77  A$lcc8968 |    00645A79  A$lcc8968 |    00645A79  C$worldte
     00645A7C  A$lcc8968 |    00645A7C  C$worldte |    00645A7F  A$lcc8968
     00645A80  A$lcc8968 |    00645A81  A$lcc8968 |    00645A83  A$lcc8968
     00645A83  C$worldte |    00645A86  A$lcc8968 |    00645A87  A$lcc8968
     00645A8A  A$lcc8968 |    00645A8B  A$lcc8968 |    00645A8E  A$lcc8968
     00645A8E  C$worldte |    00645A91  A$lcc8968 |    00645A92  A$lcc8968
     00645A93  A$lcc8968 |    00645A95  A$lcc8968 |    00645A95  C$worldte
     00645A98  A$lcc8968 |    00645A99  A$lcc8968 |    00645A9C  A$lcc8968
     00645A9D  A$lcc8968 |    00645AA0  A$lcc8968 |    00645AA0  C$worldte
     00645AA3  A$lcc8968 |    00645AA3  C$worldte |    00645AA6  A$lcc8968
     00645AA7  A$lcc8968 |    00645AA9  A$lcc8968 |    00645AA9  C$worldte
     00645AAC  A$lcc8968 |    00645AAC  C$worldte |    00645AAF  A$lcc8968
     00645AAF  C$worldte |    00645AB2  A$lcc8968 |    00645AB2  C$worldte
     00645AB5  A$lcc8968 |    00645AB7  A$lcc8968 |    00645AB7  C$worldte
     00645ABA  A$lcc8968 |    00645ABC  A$lcc8968 |    00645ABC  C$worldte
     00645ABF  A$lcc8968 |    00645AC1  A$lcc8968 |    00645AC3  A$lcc8968
     00645AC3  C$worldte |    00645AC6  A$lcc8968 |    00645AC6  C$worldte
     00645AC9  A$lcc8968 |    00645AC9  C$worldte |    00645ACC  A$lcc8968
     00645ACD  A$lcc8968 |    00645ACF  A$lcc8968 |    00645ACF  C$worldte
     00645AD2  A$lcc8968 |    00645AD5  A$lcc8968 |    00645AD5  C$worldte
     00645AD8  A$lcc8968 |    00645AD9  A$lcc8968 |    00645ADA  A$lcc8968
     00645ADC  A$lcc8968 |    00645ADC  C$worldte |    00645ADE  A$lcc8968
     00645ADE  C$worldte |    00645AE1  A$lcc8968 |    00645AE3  A$lcc8968
     00645AE6  A$lcc8968 |    00645AE6  C$worldte |    00645AE9  A$lcc8968
     00645AEA  A$lcc8968 |    00645AEB  A$lcc8968 |    00645AEE  A$lcc8968
     00645AEE  C$worldte |    00645AF0  A$lcc8968 |    00645AF0  C$worldte
     00645AF3  A$lcc8968 |    00645AF5  A$lcc8968 |    00645AF8  A$lcc8968
     00645AFA  A$lcc8968 |    00645AFA  C$worldte |    00645AFA  XG$enter_
ASxxxx Linker V03.00 + NoICE + sdld,  page 178.
Hexadecimal  [32-Bits]

Area                       Addr        Size        Decimal Bytes (Attributes)
--------------------       ----        ----        ------- ----- ------------
_CODE_201              00C94000    0000002E =          46. bytes (REL,CON)

        Value  Global            Value  Global            Value  Global    
        -----  ------            -----  ------            -----  ------    
     00C94000  G$bullet_ |    00C94000  _bullet_d |    00C94020  G$bullet_
     00C94020  _bullet_m |    00C94028  G$bullet_ |    00C94028  _bullet_m
     00C9402A  G$bullet_ |    00C9402A  _bullet_s
ASxxxx Linker V03.00 + NoICE + sdld,  page 179.
Hexadecimal  [32-Bits]

Area                       Addr        Size        Decimal Bytes (Attributes)
--------------------       ----        ----        ------- ----- ------------
_CODE_200              00C84000    00001112 =        4370. bytes (REL,CON)

        Value  Global            Value  Global            Value  Global    
        -----  ------            -----  ------            -----  ------    
     00C84000  G$detecti |    00C84000  _detectiv |    00C84220  G$detecti
     00C84220  _detectiv |    00C8422C  G$detecti |    00C8422C  _detectiv
     00C84238  G$detecti |    00C84238  _detectiv |    00C84244  G$detecti
     00C84244  _detectiv |    00C84250  G$detecti |    00C84250  _detectiv
     00C8425C  G$detecti |    00C8425C  _detectiv |    00C84268  G$detecti
     00C84268  _detectiv |    00C84274  G$detecti |    00C84274  _detectiv
     00C84280  G$detecti |    00C84280  _detectiv |    00C8428C  G$detecti
     00C8428C  _detectiv |    00C84298  G$detecti |    00C84298  _detectiv
     00C842A4  G$detecti |    00C842A4  _detectiv |    00C842B0  G$detecti
     00C842B0  _detectiv |    00C842C8  G$detecti |    00C842C8  _detectiv
     00C842D2  G$detecti |    00C842D2  _detectiv |    00C842DC  G$detecti
     00C842DC  _detectiv |    00C842E6  G$detecti |    00C842E6  _detectiv
     00C842EA  G$detecti |    00C842EA  _detectiv |    00C842EE  G$detecti
     00C842EE  _detectiv |    00C842F2  G$detecti |    00C842F2  _detectiv
     00C84DB2  G$detecti |    00C84DB2  _detectiv |    00C84DCA  G$detecti
     00C84DCA  _detectiv |    00C84DE2  G$detecti |    00C84DE2  _detectiv
     00C84DFE  G$detecti |    00C84DFE  _detectiv |    00C84E16  G$detecti
     00C84E16  _detectiv |    00C84E32  G$detecti |    00C84E32  _detectiv
     00C84E4E  G$detecti |    00C84E4E  _detectiv |    00C84E6A  G$detecti
     00C84E6A  _detectiv |    00C84E86  G$detecti |    00C84E86  _detectiv
     00C84EA2  G$detecti |    00C84EA2  _detectiv |    00C84EBE  G$detecti
     00C84EBE  _detectiv |    00C84EDA  G$detecti |    00C84EDA  _detectiv
     00C84EF6  G$detecti |    00C84EF6  _detectiv |    00C84F12  G$detecti
     00C84F12  _detectiv |    00C84F2E  G$detecti |    00C84F2E  _detectiv
     00C84F4A  G$detecti |    00C84F4A  _detectiv |    00C84F62  G$detecti
     00C84F62  _detectiv |    00C84F7E  G$detecti |    00C84F7E  _detectiv
     00C84F9A  G$detecti |    00C84F9A  _detectiv |    00C84FBE  G$detecti
     00C84FBE  _detectiv |    00C84FD0  G$detecti |    00C84FD0  _detectiv
     00C84FD4  G$detecti |    00C84FD4  _detectiv |    00C84FDE  G$detecti
     00C84FDE  _detectiv |    00C84FE8  G$detecti |    00C84FE8  _detectiv
     00C84FEE  G$detecti |    00C84FEE  _detectiv |    00C84FF2  G$detecti
     00C84FF2  _detectiv |    00C84FFA  G$detecti |    00C84FFA  _detectiv
     00C84FFE  G$detecti |    00C84FFE  _detectiv |    00C85006  G$detecti
     00C85006  _detectiv |    00C8500E  G$elevato |    00C8500E  _elevator
     00C8504E  G$elevato |    00C8504E  _elevator |    00C8506A  G$elevato
     00C8506A  _elevator |    00C8506C  G$elevato |    00C8506C  _elevator
     00C85070  G$NPC_ele |    00C85070  _NPC_elec |    00C850F0  G$NPC_ele
     00C850F0  _NPC_elec |    00C850FC  G$NPC_ele |    00C850FC  _NPC_elec
     00C85108  G$NPC_ele |    00C85108  _NPC_elec |    00C8510C  G$NPC_ele
     00C8510C  _NPC_elec
ASxxxx Linker V03.00 + NoICE + sdld,  page 180.
Hexadecimal  [32-Bits]

Area                       Addr        Size        Decimal Bytes (Attributes)
--------------------       ----        ----        ------- ----- ------------
_CODE_225              00E14000    000011F8 =        4600. bytes (REL,CON)

        Value  Global            Value  Global            Value  Global    
        -----  ------            -----  ------            -----  ------    
     00E14000  G$LEVEL_1 |    00E14000  _LEVEL_1_ |    00E148FC  G$STAGE_D
     00E148FC  _STAGE_DR
ASxxxx Linker V03.00 + NoICE + sdld,  page 181.
Hexadecimal  [32-Bits]

Area                       Addr        Size        Decimal Bytes (Attributes)
--------------------       ----        ----        ------- ----- ------------
_CODE_6                00064000    00000E10 =        3600. bytes (REL,CON)

        Value  Global            Value  Global            Value  Global    
        -----  ------            -----  ------            -----  ------    
     00064000  G$LEVEL_1 |    00064000  _LEVEL_1_ |    00064708  G$STAGE_D
     00064708  _STAGE_DR
ASxxxx Linker V03.00 + NoICE + sdld,  page 182.
Hexadecimal  [32-Bits]

Area                       Addr        Size        Decimal Bytes (Attributes)
--------------------       ----        ----        ------- ----- ------------
_CODE_8                00084000    00000E10 =        3600. bytes (REL,CON)

        Value  Global            Value  Global            Value  Global    
        -----  ------            -----  ------            -----  ------    
     00084000  G$LEVEL_2 |    00084000  _LEVEL_2_
ASxxxx Linker V03.00 + NoICE + sdld,  page 183.
Hexadecimal  [32-Bits]

Area                       Addr        Size        Decimal Bytes (Attributes)
--------------------       ----        ----        ------- ----- ------------
_CODE_4                00044000    000001A0 =         416. bytes (REL,CON)

        Value  Global            Value  Global            Value  Global    
        -----  ------            -----  ------            -----  ------    
     00044000  G$LEVEL_T |    00044000  _LEVEL_TI |    000440D0  G$STAGE_D
     000440D0  _STAGE_DR
ASxxxx Linker V03.00 + NoICE + sdld,  page 184.
Hexadecimal  [32-Bits]

Area                       Addr        Size        Decimal Bytes (Attributes)
--------------------       ----        ----        ------- ----- ------------
_CODE_230              00E64000    000005A0 =        1440. bytes (REL,CON)

        Value  Global            Value  Global            Value  Global    
        -----  ------            -----  ------            -----  ------    
     00E64000  G$WORLD1_ |    00E64000  _WORLD1_C
ASxxxx Linker V03.00 + NoICE + sdld,  page 185.
Hexadecimal  [32-Bits]

Area                       Addr        Size        Decimal Bytes (Attributes)
--------------------       ----        ----        ------- ----- ------------
_CODE_101              00654000    000005A0 =        1440. bytes (REL,CON)

        Value  Global            Value  Global            Value  Global    
        -----  ------            -----  ------            -----  ------    
     00654000  G$WORLD1_ |    00654000  _WORLD1_M
ASxxxx Linker V03.00 + NoICE + sdld,  page 186.

Files Linked                              [ module(s) ]

C:\c_code\gbdk\lib/small/asxxxx/gb/crt0.o
                                          [ Runtime ]
C:\Users\User\AppData\Local\Temp/lcc89680.rel
                                          [ camera ]
C:\Users\User\AppData\Local\Temp/lcc89681.rel
                                          [ collisions ]
C:\Users\User\AppData\Local\Temp/lcc89682.rel
                                          [ level1 ]
C:\Users\User\AppData\Local\Temp/lcc89683.rel
                                          [ level2 ]
C:\Users\User\AppData\Local\Temp/lcc89684.rel
                                          [ main ]
C:\Users\User\AppData\Local\Temp/lcc89685.rel
                                          [ scene ]
C:\Users\User\AppData\Local\Temp/lcc89686.rel
                                          [ worldtest ]
C:\Users\User\AppData\Local\Temp/lcc89687.rel
                                          [ bullet ]
C:\Users\User\AppData\Local\Temp/lcc89688.rel
                                          [ detective_16 ]
C:\Users\User\AppData\Local\Temp/lcc89689.rel
                                          [ detective_large ]
C:\Users\User\AppData\Local\Temp/lcc896810.rel
                                          [ elevator ]
C:\Users\User\AppData\Local\Temp/lcc896811.rel
                                          [ level_1_collision ]
C:\Users\User\AppData\Local\Temp/lcc896812.rel
                                          [ level_1_map ]
C:\Users\User\AppData\Local\Temp/lcc896813.rel
                                          [ level_2_collision ]
C:\Users\User\AppData\Local\Temp/lcc896814.rel
                                          [ level_2_map ]
C:\Users\User\AppData\Local\Temp/lcc896815.rel
                                          [ level_tileset ]
C:\Users\User\AppData\Local\Temp/lcc896816.rel
                                          [ NPC_electric ]
C:\Users\User\AppData\Local\Temp/lcc896817.rel
                                          [ stage_drop_collision ]
C:\Users\User\AppData\Local\Temp/lcc896818.rel
                                          [ stage_drop_map ]
C:\Users\User\AppData\Local\Temp/lcc896819.rel
                                          [ stage_drop_tiles ]
C:\Users\User\AppData\Local\Temp/lcc896820.rel
                                          [ world1_collision ]
C:\Users\User\AppData\Local\Temp/lcc896821.rel
                                          [ world1_map ]
C:\Users\User\AppData\Local\Temp/lcc896822.rel
                                          [ world1_tiles ]


Libraries Linked                          [ object file ]

C:\c_code\gbdk\lib/small/asxxxx/gb/gb.lib
                                          [ sfr.o ]
C:\c_code\gbdk\lib/small/asxxxx/gb/gb.lib
                                          [ metasprites_hide.o ]
C:\c_code\gbdk\lib/small/asxxxx/gbz80/gbz80.lib
                                          [ abs.o ]
C:\c_code\gbdk\lib/small/asxxxx/gbz80/gbz80.lib
                                          [ mul.o ]
C:\c_code\gbdk\lib/small/asxxxx/gb/gb.lib
                                          [ set_data.o ]
C:\c_code\gbdk\lib/small/asxxxx/gb/gb.lib
                                          [ set_tile_submap.o ]
C:\c_code\gbdk\lib/small/asxxxx/gb/gb.lib
                                          [ pad.o ]
C:\c_code\gbdk\lib/small/asxxxx/gb/gb.lib
                                          [ metasprites.o ]
C:\c_code\gbdk\lib/small/asxxxx/gbz80/gbz80.lib
                                          [ __sdcc_call_hl.o ]
C:\c_code\gbdk\lib/small/asxxxx/gbz80/gbz80.lib
                                          [ _memcpy.o ]
C:\c_code\gbdk\lib/small/asxxxx/gb/gb.lib
                                          [ metasprites_flip.o ]
C:\c_code\gbdk\lib/small/asxxxx/gbz80/gbz80.lib
                                          [ div.o ]

ASxxxx Linker V03.00 + NoICE + sdld,  page 187.

User Base Address Definitions

_DATA=0xC0A0
_CODE=0x0200
ASxxxx Linker V03.00 + NoICE + sdld,  page 188.

User Global Definitions

_shadow_OAM=0xC000
.STACK=0xE000
.refresh_OAM=0xFF80

