ASxxxx Linker V03.00 + NoICE + sdld,  page 1.
Hexadecimal  [32-Bits]

Area                       Addr        Size        Decimal Bytes (Attributes)
--------------------       ----        ----        ------- ----- ------------
.  .ABS.               00000000    00000000 =           0. bytes (ABS,CON)

        Value  Global            Value  Global            Value  Global    
        -----  ------            -----  ------            -----  ------    
     00000000  .__.ABS.  |    00000000  _rRAMG    |    00000000  l__BASE  
     00000000  l__BSS    |    00000000  l__CABS   |    00000000  l__CODE_0
     00000000  l__CODE_2 |    00000000  l__CODE_6 |    00000000  l__DABS  
     00000000  l__HEADER |    00000000  l__HEAP   |    00000000  l__HRAM  
     00000000  l__LIT    |    00000000  s__CABS   |    00000000  s__DABS  
     00000000  s__HEADER |    00000000  s__HEADER |    00000000  s__HEADER
     00000000  s__HEADER |    00000000  s__HEADER |    00000000  s__HEADER
     00000000  s__HEADER |    00000000  s__HEADER |    00000000  s__HEADER
     00000000  s__HEADER |    00000000  s__HEADER |    00000000  s__HEADER
     00000000  s__HEADER |    00000000  s__HEADER |    00000000  s__HEADER
     00000000  s__HEADER |    00000000  s__HEADER |    00000000  s__HEADER
     00000000  s__HEADER |    00000000  s__HRAM   |    00000000  s__HRAM12
     00000001  l__GSFINA |    00000001  l__HEADER |    00000001  l__HEADER
     00000001  l__HEADER |    00000001  l__HEADER |    00000001  l__HEADER
     00000001  l__HEADER |    00000001  l__HEADER |    00000002  l__HEADER
     00000002  l__HEADER |    00000002  l__HEADER |    00000003  l__HEADER
     00000003  l__HRAM12 |    00000005  l__HEADER |    00000006  l__HEADER
     00000007  l__HEADER |    00000008  l__HEADER |    0000000C  l__GSINIT
     0000002E  l__CODE_2 |    00000030  l__HEADER |    0000004F  l__HEADER
     00000082  l__HEADER |    00000200  s__CODE   |    00000311  l__DATA  
     00000D26  l__CODE_1 |    00000D91  l__HOME   |    0000110A  l__CODE_2
     00001514  l__CODE_1 |    000016FF  l__INITIA |    000016FF  l__INITIA
     00001783  l__CODE_5 |    00001784  l__CODE_7 |    00002000  _rROMB0  
     00002784  l__CODE   |    00002984  s__HOME   |    00003000  _rROMB1  
     00003715  s__BASE   |    00003715  s__CODE_0 |    00003715  s__INITIA
     00003715  s__LIT    |    00004000  _rRAMB    |    00004E14  s__GSINIT
     00004E20  s__GSFINA |    00008000  __VRAM    |    00008000  __VRAM800
     00008800  __VRAM880 |    00009000  __VRAM900 |    00009800  __SCRN0  
     00009C00  __SCRN1   |    0000A000  __SRAM    |    0000C000  __RAM    
     0000C000  _shadow_O |    0000C0A0  s__DATA   |    0000C3B1  s__BSS   
     0000C3B1  s__INITIA |    0000D000  __RAMBANK |    0000DAB0  s__HEAP  
     0000E000  .STACK    |    0000FE00  __OAMRAM  |    0000FF00  _P1_REG  
     0000FF00  __IO      |    0000FF01  _SB_REG   |    0000FF02  _SC_REG  
     0000FF04  _DIV_REG  |    0000FF05  _TIMA_REG |    0000FF06  _TMA_REG 
     0000FF07  _TAC_REG  |    0000FF0F  _IF_REG   |    0000FF10  _NR10_REG
     0000FF11  _NR11_REG |    0000FF12  _NR12_REG |    0000FF13  _NR13_REG
     0000FF14  _NR14_REG |    0000FF16  _NR21_REG |    0000FF17  _NR22_REG
     0000FF18  _NR23_REG |    0000FF19  _NR24_REG |    0000FF1A  _NR30_REG
     0000FF1B  _NR31_REG |    0000FF1C  _NR32_REG |    0000FF1D  _NR33_REG
     0000FF1E  _NR34_REG |    0000FF20  _NR41_REG |    0000FF21  _NR42_REG
     0000FF22  _NR43_REG |    0000FF23  _NR44_REG |    0000FF24  _NR50_REG
     0000FF25  _NR51_REG |    0000FF26  _NR52_REG |    0000FF30  _PCM_SAMP
     0000FF30  __AUD3WAV |    0000FF40  _LCDC_REG |    0000FF41  _STAT_REG
     0000FF42  _SCY_REG  |    0000FF43  _SCX_REG  |    0000FF44  _LY_REG  
     0000FF45  _LYC_REG  |    0000FF46  _DMA_REG  |    0000FF47  _BGP_REG 
     0000FF48  _OBP0_REG |    0000FF49  _OBP1_REG |    0000FF4A  _WY_REG  
     0000FF4B  _WX_REG   |    0000FF4D  _KEY1_REG |    0000FF4F  _VBK_REG 
     0000FF51  _HDMA1_RE |    0000FF52  _HDMA2_RE |    0000FF53  _HDMA3_RE
     0000FF54  _HDMA4_RE |    0000FF55  _HDMA5_RE |    0000FF56  _RP_REG  
     0000FF68  _BCPS_REG |    0000FF69  _BCPD_REG |    0000FF6A  _OCPS_REG
ASxxxx Linker V03.00 + NoICE + sdld,  page 2.
Hexadecimal  [32-Bits]

Area                       Addr        Size        Decimal Bytes (Attributes)
--------------------       ----        ----        ------- ----- ------------
.  .ABS.               00000000    00000000 =           0. bytes (ABS,CON)

        Value  Global            Value  Global            Value  Global    
        -----  ------            -----  ------            -----  ------    
     0000FF6B  _OCPD_REG |    0000FF70  _SVBK_REG |    0000FF76  _PCM12_RE
     0000FF77  _PCM34_RE |    0000FF80  .refresh_ |    0000FF80  __HRAM   
     0000FFFF  _IE_REG   |    00054000  s__CODE_5 |    00064000  s__CODE_6
     00074000  s__CODE_7 |    00644000  s__CODE_1 |    00654000  s__CODE_1
     00C84000  s__CODE_2 |    00C94000  s__CODE_2 |    00CA4000  s__CODE_2
ASxxxx Linker V03.00 + NoICE + sdld,  page 3.
Hexadecimal  [32-Bits]

Area                       Addr        Size        Decimal Bytes (Attributes)
--------------------       ----        ----        ------- ----- ------------
_CODE                  00000200    00002784 =       10116. bytes (REL,CON)

        Value  Global            Value  Global            Value  Global    
        -----  ------            -----  ------            -----  ------    
     00000200  _set_came |    00000503  _set_worl |    000007E2  _set_leve
     0000082B  _render_c |    00000916  _performa |    00000923  _check_LR
     00000C6B  _check_J  |    000012B1  _check_UD |    0000184B  _check_Dr
     0000191D  _check_C  |    000019E2  _overlap  |    00001AAE  _check_LA
     000022ED  _ladder   |    000022F8  _main     |    000023E6  _load_lev
     0000246C  _switch_d |    000024B0  _switch_j |    00002534  _switch_i
     0000257E  _switch_o |    000025B3  _switch_o |    000025E8  _switch_l
     00002698  _switch_l |    000026DB  _switch_c |    00002716  _LEFT_RIG
     0000274F  _jump     |    000027CB  _land     |    0000282A  _setGameB
     00002835  _gameover |    00002896  ___move_m |    000028CE  ___move_m
     0000290A  ___move_m |    00002946  ___move_m
ASxxxx Linker V03.00 + NoICE + sdld,  page 4.
Hexadecimal  [32-Bits]

Area                       Addr        Size        Decimal Bytes (Attributes)
--------------------       ----        ----        ------- ----- ------------
_HEADER0               00000000    00000001 =           1. bytes (ABS,CON)

        Value  Global            Value  Global            Value  Global    
        -----  ------            -----  ------            -----  ------    
     00000020  .call_hl 
ASxxxx Linker V03.00 + NoICE + sdld,  page 5.
Hexadecimal  [32-Bits]

Area                       Addr        Size        Decimal Bytes (Attributes)
--------------------       ----        ----        ------- ----- ------------
_HEADER1               00000000    00000005 =           5. bytes (ABS,CON)

        Value  Global            Value  Global            Value  Global    
        -----  ------            -----  ------            -----  ------    
     00000028  .MemsetSm
ASxxxx Linker V03.00 + NoICE + sdld,  page 6.
Hexadecimal  [32-Bits]

Area                       Addr        Size        Decimal Bytes (Attributes)
--------------------       ----        ----        ------- ----- ------------
_HEADER2               00000000    00000007 =           7. bytes (ABS,CON)

        Value  Global            Value  Global            Value  Global    
        -----  ------            -----  ------            -----  ------    
     00000030  .MemcpySm
ASxxxx Linker V03.00 + NoICE + sdld,  page 7.
Hexadecimal  [32-Bits]

Area                       Addr        Size        Decimal Bytes (Attributes)
--------------------       ----        ----        ------- ----- ------------
_HEADER3               00000000    00000008 =           8. bytes (ABS,CON)

        Value  Global            Value  Global            Value  Global    
        -----  ------            -----  ------            -----  ------    
ASxxxx Linker V03.00 + NoICE + sdld,  page 8.
Hexadecimal  [32-Bits]

Area                       Addr        Size        Decimal Bytes (Attributes)
--------------------       ----        ----        ------- ----- ------------
_HEADER4               00000000    0000004F =          79. bytes (ABS,CON)

        Value  Global            Value  Global            Value  Global    
        -----  ------            -----  ------            -----  ------    
     00000080  .int      |    0000008F  _wait_int |    0000009C  __standar
     000000AC  _refresh_
ASxxxx Linker V03.00 + NoICE + sdld,  page 9.
Hexadecimal  [32-Bits]

Area                       Addr        Size        Decimal Bytes (Attributes)
--------------------       ----        ----        ------- ----- ------------
_HEADER5               00000000    00000002 =           2. bytes (ABS,CON)

        Value  Global            Value  Global            Value  Global    
        -----  ------            -----  ------            -----  ------    
ASxxxx Linker V03.00 + NoICE + sdld,  page 10.
Hexadecimal  [32-Bits]

Area                       Addr        Size        Decimal Bytes (Attributes)
--------------------       ----        ----        ------- ----- ------------
_HEADER6               00000000    00000030 =          48. bytes (ABS,CON)

        Value  Global            Value  Global            Value  Global    
        -----  ------            -----  ------            -----  ------    
ASxxxx Linker V03.00 + NoICE + sdld,  page 11.
Hexadecimal  [32-Bits]

Area                       Addr        Size        Decimal Bytes (Attributes)
--------------------       ----        ----        ------- ----- ------------
_HEADER7               00000000    00000006 =           6. bytes (ABS,CON)

        Value  Global            Value  Global            Value  Global    
        -----  ------            -----  ------            -----  ------    
ASxxxx Linker V03.00 + NoICE + sdld,  page 12.
Hexadecimal  [32-Bits]

Area                       Addr        Size        Decimal Bytes (Attributes)
--------------------       ----        ----        ------- ----- ------------
_HEADER8               00000000    00000003 =           3. bytes (ABS,CON)

        Value  Global            Value  Global            Value  Global    
        -----  ------            -----  ------            -----  ------    
ASxxxx Linker V03.00 + NoICE + sdld,  page 13.
Hexadecimal  [32-Bits]

Area                       Addr        Size        Decimal Bytes (Attributes)
--------------------       ----        ----        ------- ----- ------------
_HEADER9               00000000    00000001 =           1. bytes (ABS,CON)

        Value  Global            Value  Global            Value  Global    
        -----  ------            -----  ------            -----  ------    
ASxxxx Linker V03.00 + NoICE + sdld,  page 14.
Hexadecimal  [32-Bits]

Area                       Addr        Size        Decimal Bytes (Attributes)
--------------------       ----        ----        ------- ----- ------------
_HEADERa               00000000    00000001 =           1. bytes (ABS,CON)

        Value  Global            Value  Global            Value  Global    
        -----  ------            -----  ------            -----  ------    
ASxxxx Linker V03.00 + NoICE + sdld,  page 15.
Hexadecimal  [32-Bits]

Area                       Addr        Size        Decimal Bytes (Attributes)
--------------------       ----        ----        ------- ----- ------------
_HEADERb               00000000    00000001 =           1. bytes (ABS,CON)

        Value  Global            Value  Global            Value  Global    
        -----  ------            -----  ------            -----  ------    
ASxxxx Linker V03.00 + NoICE + sdld,  page 16.
Hexadecimal  [32-Bits]

Area                       Addr        Size        Decimal Bytes (Attributes)
--------------------       ----        ----        ------- ----- ------------
_HEADERc               00000000    00000002 =           2. bytes (ABS,CON)

        Value  Global            Value  Global            Value  Global    
        -----  ------            -----  ------            -----  ------    
ASxxxx Linker V03.00 + NoICE + sdld,  page 17.
Hexadecimal  [32-Bits]

Area                       Addr        Size        Decimal Bytes (Attributes)
--------------------       ----        ----        ------- ----- ------------
_HEADERd               00000000    00000001 =           1. bytes (ABS,CON)

        Value  Global            Value  Global            Value  Global    
        -----  ------            -----  ------            -----  ------    
ASxxxx Linker V03.00 + NoICE + sdld,  page 18.
Hexadecimal  [32-Bits]

Area                       Addr        Size        Decimal Bytes (Attributes)
--------------------       ----        ----        ------- ----- ------------
_HEADERe               00000000    00000001 =           1. bytes (ABS,CON)

        Value  Global            Value  Global            Value  Global    
        -----  ------            -----  ------            -----  ------    
ASxxxx Linker V03.00 + NoICE + sdld,  page 19.
Hexadecimal  [32-Bits]

Area                       Addr        Size        Decimal Bytes (Attributes)
--------------------       ----        ----        ------- ----- ------------
_HEADERf               00000000    00000002 =           2. bytes (ABS,CON)

        Value  Global            Value  Global            Value  Global    
        -----  ------            -----  ------            -----  ------    
ASxxxx Linker V03.00 + NoICE + sdld,  page 20.
Hexadecimal  [32-Bits]

Area                       Addr        Size        Decimal Bytes (Attributes)
--------------------       ----        ----        ------- ----- ------------
_HEADER10              00000000    00000082 =         130. bytes (ABS,CON)

        Value  Global            Value  Global            Value  Global    
        -----  ------            -----  ------            -----  ------    
     00000150  .reset    |    00000150  _reset    |    00000157  .code_sta
     000001B7  _exit     |    000001BB  _set_inte
ASxxxx Linker V03.00 + NoICE + sdld,  page 21.
Hexadecimal  [32-Bits]

Area                       Addr        Size        Decimal Bytes (Attributes)
--------------------       ----        ----        ------- ----- ------------
_HEADER11              00000000    00000001 =           1. bytes (ABS,CON)

        Value  Global            Value  Global            Value  Global    
        -----  ------            -----  ------            -----  ------    
ASxxxx Linker V03.00 + NoICE + sdld,  page 22.
Hexadecimal  [32-Bits]

Area                       Addr        Size        Decimal Bytes (Attributes)
--------------------       ----        ----        ------- ----- ------------
_HOME                  00002984    00000D91 =        3473. bytes (REL,CON)

        Value  Global            Value  Global            Value  Global    
        -----  ------            -----  ------            -----  ------    
     00002984  .memset_s |    0000298D  .memcpy_s |    000029AA  .remove_V
     000029AD  .remove_i |    000029CA  .add_VBL  |    000029CD  .add_int 
     000029D8  .wait_vbl |    000029D8  _wait_vbl |    000029E8  .display_
     000029E8  _display_ |    00002A00  _remove_V |    00002A0B  _add_VBL 
     00002A16  _set_bkg_ |    00002A3B  _set_bkg_ |    00002A6A  _load_sce
     00002DD9  _load_bul |    00002F92  _render_a |    0000347A  _abs     
     00003489  _set_tile |    0000348E  _set_bkg_ |    0000348E  _set_win_
     00003496  _set_spri |    000034C6  _set_bkg_ |    0000350A  .set_xy_w
     00003513  .set_xy_b |    00003522  .set_xy_s |    00003568  .padup   
     00003568  _waitpadu |    00003578  .jpad     |    00003578  _joypad  
     000035A0  _waitpad  |    000035A3  .wait_pad |    000035AA  ___sdcc_c
     000035AB  ___memcpy |    000035AB  _memcpy   |    000035EE  __divsuch
     000035FB  __modsuch |    00003605  __divusch |    00003617  __modusch
     00003627  __divscha |    00003633  __modscha |    0000363D  __divsint
     0000364E  __modsint |    0000365D  __divucha |    00003669  __moducha
     00003673  __divuint |    00003684  __moduint |    00003693  .div8    
     00003693  .mod8     |    0000369B  .div16    |    0000369B  .mod16   
     000036D1  .divu8    |    000036D1  .modu8    |    000036D4  .divu16  
     000036D4  .modu16  
ASxxxx Linker V03.00 + NoICE + sdld,  page 23.
Hexadecimal  [32-Bits]

Area                       Addr        Size        Decimal Bytes (Attributes)
--------------------       ----        ----        ------- ----- ------------
_INITIALIZER           00003715    000016FF =        5887. bytes (REL,CON)

        Value  Global            Value  Global            Value  Global    
        -----  ------            -----  ------            -----  ------    
ASxxxx Linker V03.00 + NoICE + sdld,  page 24.
Hexadecimal  [32-Bits]

Area                       Addr        Size        Decimal Bytes (Attributes)
--------------------       ----        ----        ------- ----- ------------
_GSINIT                00004E14    0000000C =          12. bytes (REL,CON)

        Value  Global            Value  Global            Value  Global    
        -----  ------            -----  ------            -----  ------    
     00004E14  gsinit   
ASxxxx Linker V03.00 + NoICE + sdld,  page 25.
Hexadecimal  [32-Bits]

Area                       Addr        Size        Decimal Bytes (Attributes)
--------------------       ----        ----        ------- ----- ------------
_GSFINAL               00004E20    00000001 =           1. bytes (REL,CON)

        Value  Global            Value  Global            Value  Global    
        -----  ------            -----  ------            -----  ------    
ASxxxx Linker V03.00 + NoICE + sdld,  page 26.
Hexadecimal  [32-Bits]

Area                       Addr        Size        Decimal Bytes (Attributes)
--------------------       ----        ----        ------- ----- ------------
_DATA                  0000C0A0    00000311 =         785. bytes (REL,CON)

        Value  Global            Value  Global            Value  Global    
        -----  ------            -----  ------            -----  ------    
     0000C0A0  __cpu     |    0000C0A1  __is_GBA  |    0000C0A2  .mode    
     0000C0A3  .sys_time |    0000C0A3  _sys_time |    0000C0A5  .int_0x40
     0000C0B9  _bkg      |    0000C0D9  _SPAWN    |    0000C0DA  _Gravity 
     0000C0DB  _JUMP     |    0000C0DC  _CROUCH   |    0000C0DD  _canCROUC
     0000C0DE  _DROP     |    0000C0DF  _x_Adjust |    0000C0E0  _L_LEFT  
     0000C0E1  _L_RIGHT  |    0000C0E2  _canCROUC |    0000C0E3  _canCROUC
     0000C0E4  _DROP_tim |    0000C0E5  _LR_Offse |    0000C0E6  _LR_Offse
     0000C0E7  _UD_Offse |    0000C0E8  _UD_Offse |    0000C0E9  _UD_Offse
     0000C0EA  _ONTO_Lad |    0000C0EB  _DOWN_LAD |    0000C0EC  _UP_LADDE
     0000C0ED  _OFF_LADD |    0000C0EE  _LADDER   |    0000C0EF  _ONTO_Lad
     0000C0F0  _DOWN_LAD |    0000C0F1  _DOWN_LAD |    0000C0F2  _UP_LADDE
     0000C0F3  _OFF_LADD |    0000C0F4  _LADDER_R |    0000C0F5  _joy     
     0000C0F6  _last_joy |    0000C0F7  _px       |    0000C0F8  _py      
     0000C0F9  _GAMEOVER |    0000C0FA  _WINNER   |    0000C0FB  _gamestat
     0000C0FC  _current_ |    0000C0FE  _ATTACH   |    0000C0FF  _x_Collid
     0000C100  _y_Collid |    0000C101  _current_ |    0000C102  _dir     
     0000C103  _last_dir |    0000C104  _active_a |    0000C34A  _active_b
     0000C3AB  _total_ac |    0000C3AC  _hiwater  |    0000C3AD  .image_ti
     0000C3AE  ___curren |    0000C3B0  ___curren
ASxxxx Linker V03.00 + NoICE + sdld,  page 27.
Hexadecimal  [32-Bits]

Area                       Addr        Size        Decimal Bytes (Attributes)
--------------------       ----        ----        ------- ----- ------------
_INITIALIZED           0000C3B1    000016FF =        5887. bytes (REL,CON)

        Value  Global            Value  Global            Value  Global    
        -----  ------            -----  ------            -----  ------    
     0000C3B1  _lvl1_cam |    0000C3B5  _lvl1_cam |    0000C3B8  _lvl1_cam
     0000C3BB  _lvl1_cam |    0000C3BD  _cam1     |    0000C3C0  _cam2    
     0000C3C2  _cam3     |    0000C3C4  _cam4     |    0000C3C5  _lvl2_cam
     0000C3C9  _lvl2_cam |    0000C3CC  _lvl2_cam |    0000C3CF  _lvl2_cam
     0000C3D1  _lvl2_cam |    0000C3D4  _lvl2_cam |    0000C3D6  _lvl2_cam
     0000C3D8  _lvl2_cam |    0000C3D9  _shadow_s |    0000C3DA  _shadow_s
     0000C3DB  _cam_ptr  |    0000C3DD  _render_a |    0000C3DE  _bullet_t
     0000C3DF  _animate_ |    0000C3E1  _collide_ |    0000C3E3  _load_sub
     0000C3E5  _animatio |    0000C3E6  _world1_c |    0000C3E7  _worldtes
     0000C3EB  _worldtes |    0000C3EE  _worldtes |    0000C3F1  _worldtes
     0000C3F3  _worldtes |    0000C3F6  _worldtes |    0000C3F8  _worldtes
     0000C3FA  _worldtes |    0000C3FB  _STAGE_DR |    0000CCF7  _STAGE_DR
     0000D3FF  _STAGE_DR |    0000D4CF  _WORLD1_M |    0000DA6F  _WORLD1_T
     0000DAAF  ___render
ASxxxx Linker V03.00 + NoICE + sdld,  page 28.
Hexadecimal  [32-Bits]

Area                       Addr        Size        Decimal Bytes (Attributes)
--------------------       ----        ----        ------- ----- ------------
_HRAM12                00000000    00000003 =           3. bytes (ABS,CON)

        Value  Global            Value  Global            Value  Global    
        -----  ------            -----  ------            -----  ------    
     0000FF90  __current |    0000FF92  __shadow_
ASxxxx Linker V03.00 + NoICE + sdld,  page 29.
Hexadecimal  [32-Bits]

Area                       Addr        Size        Decimal Bytes (Attributes)
--------------------       ----        ----        ------- ----- ------------
_CODE_5                00054000    00001783 =        6019. bytes (REL,CON)

        Value  Global            Value  Global            Value  Global    
        -----  ------            -----  ------            -----  ------    
     00054000  _anim_lev |    000548AF  _level1   |    000548BB  _level1_a
     00054AA0  _level1_b |    00054B01  _spawn_bu |    00054C31  _npc_coll
     00054F8D  _init_sub |    000550A5  _setup_lv |    000550F4  _enter_lv
ASxxxx Linker V03.00 + NoICE + sdld,  page 30.
Hexadecimal  [32-Bits]

Area                       Addr        Size        Decimal Bytes (Attributes)
--------------------       ----        ----        ------- ----- ------------
_CODE_7                00074000    00001784 =        6020. bytes (REL,CON)

        Value  Global            Value  Global            Value  Global    
        -----  ------            -----  ------            -----  ------    
     00074000  _anim_lev |    000748AF  _level2   |    000748BB  _level2_a
     00074AA0  _level2_b |    00074B01  _spawn_bu |    00074C31  _npc_coll
     00074F8D  _init_sub |    000750A5  _setup_lv |    000750F4  _enter_lv
ASxxxx Linker V03.00 + NoICE + sdld,  page 31.
Hexadecimal  [32-Bits]

Area                       Addr        Size        Decimal Bytes (Attributes)
--------------------       ----        ----        ------- ----- ------------
_CODE_100              00644000    00000D26 =        3366. bytes (REL,CON)

        Value  Global            Value  Global            Value  Global    
        -----  ------            -----  ------            -----  ------    
     00644000  _anim_wor |    0064400E  _world1   |    0064401A  _world1_a
     0064407B  _npc_coll |    006443D7  _init_sub |    006444EF  _init_sub
     006445EF  _setup_wo |    0064463B  _enter_wo
ASxxxx Linker V03.00 + NoICE + sdld,  page 32.
Hexadecimal  [32-Bits]

Area                       Addr        Size        Decimal Bytes (Attributes)
--------------------       ----        ----        ------- ----- ------------
_CODE_101              00654000    00001514 =        5396. bytes (REL,CON)

        Value  Global            Value  Global            Value  Global    
        -----  ------            -----  ------            -----  ------    
     00654000  _anim_wor |    0065476D  _worldtes |    00654779  _worldtes
     0065495E  _worldtes |    006549BF  _spawn_bu |    00654AEF  _npc_coll
     00654E4B  _init_sub |    00654F65  _setup_wo |    00654FB4  _enter_wo
ASxxxx Linker V03.00 + NoICE + sdld,  page 33.
Hexadecimal  [32-Bits]

Area                       Addr        Size        Decimal Bytes (Attributes)
--------------------       ----        ----        ------- ----- ------------
_CODE_201              00C94000    0000002E =          46. bytes (REL,CON)

        Value  Global            Value  Global            Value  Global    
        -----  ------            -----  ------            -----  ------    
     00C94000  _bullet_d |    00C94020  _bullet_m |    00C94028  _bullet_m
     00C9402A  _bullet_s
ASxxxx Linker V03.00 + NoICE + sdld,  page 34.
Hexadecimal  [32-Bits]

Area                       Addr        Size        Decimal Bytes (Attributes)
--------------------       ----        ----        ------- ----- ------------
_CODE_200              00C84000    0000110A =        4362. bytes (REL,CON)

        Value  Global            Value  Global            Value  Global    
        -----  ------            -----  ------            -----  ------    
     00C84000  _detectiv |    00C84220  _detectiv |    00C8422C  _detectiv
     00C84238  _detectiv |    00C84244  _detectiv |    00C84250  _detectiv
     00C8425C  _detectiv |    00C84268  _detectiv |    00C84274  _detectiv
     00C84280  _detectiv |    00C8428C  _detectiv |    00C84298  _detectiv
     00C842A4  _detectiv |    00C842B0  _detectiv |    00C842C8  _detectiv
     00C842D2  _detectiv |    00C842DC  _detectiv |    00C842E6  _detectiv
     00C842EA  _detectiv |    00C84DAA  _detectiv |    00C84DC2  _detectiv
     00C84DDA  _detectiv |    00C84DF6  _detectiv |    00C84E0E  _detectiv
     00C84E2A  _detectiv |    00C84E46  _detectiv |    00C84E62  _detectiv
     00C84E7E  _detectiv |    00C84E9A  _detectiv |    00C84EB6  _detectiv
     00C84ED2  _detectiv |    00C84EEE  _detectiv |    00C84F0A  _detectiv
     00C84F26  _detectiv |    00C84F42  _detectiv |    00C84F5A  _detectiv
     00C84F76  _detectiv |    00C84F92  _detectiv |    00C84FB6  _detectiv
     00C84FC8  _detectiv |    00C84FCC  _detectiv |    00C84FD6  _detectiv
     00C84FE0  _detectiv |    00C84FE6  _detectiv |    00C84FEA  _detectiv
     00C84FF2  _detectiv |    00C84FF6  _detectiv |    00C84FFE  _detectiv
     00C85006  _elevator |    00C85046  _elevator |    00C85062  _elevator
     00C85064  _elevator |    00C85068  _NPC_elec |    00C850E8  _NPC_elec
     00C850F4  _NPC_elec |    00C85100  _NPC_elec |    00C85104  _NPC_elec
ASxxxx Linker V03.00 + NoICE + sdld,  page 35.

Files Linked                              [ module(s) ]

C:\c_code\gbdk\lib/small/asxxxx/gb/crt0.o
                                          [ Runtime ]
C:\Users\EMART~1\AppData\Local\Temp/lcc118120.rel
                                          [ camera ]
C:\Users\EMART~1\AppData\Local\Temp/lcc118121.rel
                                          [ collisions ]
C:\Users\EMART~1\AppData\Local\Temp/lcc118122.rel
                                          [ ladder ]
C:\Users\EMART~1\AppData\Local\Temp/lcc118123.rel
                                          [ level1 ]
C:\Users\EMART~1\AppData\Local\Temp/lcc118124.rel
                                          [ level2 ]
C:\Users\EMART~1\AppData\Local\Temp/lcc118125.rel
                                          [ main ]
C:\Users\EMART~1\AppData\Local\Temp/lcc118126.rel
                                          [ scene ]
C:\Users\EMART~1\AppData\Local\Temp/lcc118127.rel
                                          [ world1 ]
C:\Users\EMART~1\AppData\Local\Temp/lcc118128.rel
                                          [ worldtest ]
C:\Users\EMART~1\AppData\Local\Temp/lcc118129.rel
                                          [ bullet ]
C:\Users\EMART~1\AppData\Local\Temp/lcc1181210.rel
                                          [ detective_16 ]
C:\Users\EMART~1\AppData\Local\Temp/lcc1181211.rel
                                          [ detective_large ]
C:\Users\EMART~1\AppData\Local\Temp/lcc1181212.rel
                                          [ elevator ]
C:\Users\EMART~1\AppData\Local\Temp/lcc1181213.rel
                                          [ NPC_electric ]
C:\Users\EMART~1\AppData\Local\Temp/lcc1181214.rel
                                          [ stage_drop_collision ]
C:\Users\EMART~1\AppData\Local\Temp/lcc1181215.rel
                                          [ stage_drop_map ]
C:\Users\EMART~1\AppData\Local\Temp/lcc1181216.rel
                                          [ stage_drop_tiles ]
C:\Users\EMART~1\AppData\Local\Temp/lcc1181217.rel
                                          [ world1_map ]
C:\Users\EMART~1\AppData\Local\Temp/lcc1181218.rel
                                          [ world1_tiles ]


Libraries Linked                          [ object file ]

C:\c_code\gbdk\lib/small/asxxxx/gb/gb.lib
                                          [ sfr.o ]
C:\c_code\gbdk\lib/small/asxxxx/gbz80/gbz80.lib
                                          [ abs.o ]
C:\c_code\gbdk\lib/small/asxxxx/gb/gb.lib
                                          [ set_data.o ]
C:\c_code\gbdk\lib/small/asxxxx/gb/gb.lib
                                          [ set_tile_submap.o ]
C:\c_code\gbdk\lib/small/asxxxx/gb/gb.lib
                                          [ pad.o ]
C:\c_code\gbdk\lib/small/asxxxx/gb/gb.lib
                                          [ metasprites.o ]
C:\c_code\gbdk\lib/small/asxxxx/gbz80/gbz80.lib
                                          [ __sdcc_call_hl.o ]
C:\c_code\gbdk\lib/small/asxxxx/gbz80/gbz80.lib
                                          [ _memcpy.o ]
C:\c_code\gbdk\lib/small/asxxxx/gb/gb.lib
                                          [ metasprites_flip.o ]
C:\c_code\gbdk\lib/small/asxxxx/gbz80/gbz80.lib
                                          [ div.o ]

ASxxxx Linker V03.00 + NoICE + sdld,  page 36.

User Base Address Definitions

_DATA=0xC0A0
_CODE=0x0200
ASxxxx Linker V03.00 + NoICE + sdld,  page 37.

User Global Definitions

_shadow_OAM=0xC000
.STACK=0xE000
.refresh_OAM=0xFF80

