ASxxxx Linker V03.00 + NoICE + sdld,  page 1.
Hexadecimal  [32-Bits]

Area                       Addr        Size        Decimal Bytes (Attributes)
--------------------       ----        ----        ------- ----- ------------
.  .ABS.               00000000    00000000 =           0. bytes (ABS,CON)

        Value  Global            Value  Global            Value  Global    
        -----  ------            -----  ------            -----  ------    
     00000000  .__.ABS.  |    00000000  l__CABS   |    00000000  l__CODE_0
     00000000  l__CODE_2 |    00000000  l__DABS   |    00000000  l__FONT_H
     00000000  l__HEADER |    00000000  l__HEADER |    00000000  l__HEAP  
     00000000  l__HRAM   |    00000000  l__LIT    |    00000000  l__SFR   
     00000000  s__CABS   |    00000000  s__DABS   |    00000000  s__FONT_H
     00000000  s__FONT_H |    00000000  s__HEADER |    00000000  s__HEADER
     00000000  s__HEADER |    00000000  s__HEADER |    00000000  s__HEADER
     00000000  s__HEADER |    00000000  s__HEADER |    00000000  s__HEADER
     00000000  s__HEADER |    00000000  s__HEADER |    00000000  s__HEADER
     00000000  s__HEADER |    00000000  s__HEADER |    00000000  s__HEADER
     00000000  s__HEADER |    00000000  s__HEADER |    00000000  s__HEADER
     00000000  s__HEADER |    00000000  s__HEADER |    00000000  s__HEADER
     00000000  s__HEADER |    00000000  s__HRAM   |    00000000  s__HRAM12
     00000000  s__SFR    |    00000000  s__SFR0   |    00000000  s__SFR1  
     00000000  s__SFR10  |    00000000  s__SFR11  |    00000000  s__SFR12 
     00000000  s__SFR13  |    00000000  s__SFR14  |    00000000  s__SFR15 
     00000000  s__SFR16  |    00000000  s__SFR17  |    00000000  s__SFR18 
     00000000  s__SFR19  |    00000000  s__SFR1a  |    00000000  s__SFR1b 
     00000000  s__SFR1c  |    00000000  s__SFR1d  |    00000000  s__SFR1e 
     00000000  s__SFR1f  |    00000000  s__SFR2   |    00000000  s__SFR20 
     00000000  s__SFR21  |    00000000  s__SFR22  |    00000000  s__SFR23 
     00000000  s__SFR24  |    00000000  s__SFR25  |    00000000  s__SFR26 
     00000000  s__SFR27  |    00000000  s__SFR28  |    00000000  s__SFR29 
     00000000  s__SFR2a  |    00000000  s__SFR2b  |    00000000  s__SFR2c 
     00000000  s__SFR2d  |    00000000  s__SFR2e  |    00000000  s__SFR2f 
     00000000  s__SFR3   |    00000000  s__SFR30  |    00000000  s__SFR31 
     00000000  s__SFR32  |    00000000  s__SFR33  |    00000000  s__SFR34 
     00000000  s__SFR35  |    00000000  s__SFR36  |    00000000  s__SFR4  
     00000000  s__SFR5   |    00000000  s__SFR6   |    00000000  s__SFR7  
     00000000  s__SFR8   |    00000000  s__SFR9   |    00000000  s__SFRa  
     00000000  s__SFRb   |    00000000  s__SFRc   |    00000000  s__SFRd  
     00000000  s__SFRe   |    00000000  s__SFRf   |    00000001  l__GSFINA
     00000001  l__HEADER |    00000001  l__HEADER |    00000001  l__HEADER
     00000001  l__HEADER |    00000001  l__HEADER |    00000001  l__HEADER
     00000001  l__HEADER |    00000001  l__SFR0   |    00000001  l__SFR1  
     00000001  l__SFR10  |    00000001  l__SFR11  |    00000001  l__SFR12 
     00000001  l__SFR13  |    00000001  l__SFR14  |    00000001  l__SFR15 
     00000001  l__SFR16  |    00000001  l__SFR17  |    00000001  l__SFR18 
     00000001  l__SFR19  |    00000001  l__SFR1a  |    00000001  l__SFR1b 
     00000001  l__SFR1c  |    00000001  l__SFR1d  |    00000001  l__SFR1e 
     00000001  l__SFR1f  |    00000001  l__SFR2   |    00000001  l__SFR20 
     00000001  l__SFR21  |    00000001  l__SFR22  |    00000001  l__SFR23 
     00000001  l__SFR24  |    00000001  l__SFR25  |    00000001  l__SFR26 
     00000001  l__SFR27  |    00000001  l__SFR28  |    00000001  l__SFR29 
     00000001  l__SFR2a  |    00000001  l__SFR2b  |    00000001  l__SFR2c 
     00000001  l__SFR2d  |    00000001  l__SFR2e  |    00000001  l__SFR2f 
     00000001  l__SFR3   |    00000001  l__SFR30  |    00000001  l__SFR31 
     00000001  l__SFR32  |    00000001  l__SFR33  |    00000001  l__SFR34 
     00000001  l__SFR35  |    00000001  l__SFR36  |    00000001  l__SFR4  
     00000001  l__SFR5   |    00000001  l__SFR6   |    00000001  l__SFR7  
ASxxxx Linker V03.00 + NoICE + sdld,  page 2.
Hexadecimal  [32-Bits]

Area                       Addr        Size        Decimal Bytes (Attributes)
--------------------       ----        ----        ------- ----- ------------
.  .ABS.               00000000    00000000 =           0. bytes (ABS,CON)

        Value  Global            Value  Global            Value  Global    
        -----  ------            -----  ------            -----  ------    
     00000001  l__SFR8   |    00000001  l__SFR9   |    00000001  l__SFRa  
     00000001  l__SFRb   |    00000001  l__SFRc   |    00000001  l__SFRd  
     00000001  l__SFRe   |    00000001  l__SFRf   |    00000002  l__HEADER
     00000002  l__HEADER |    00000002  l__HEADER |    00000003  l__FONT_H
     00000003  l__HEADER |    00000003  l__HEADER |    00000003  l__HRAM12
     00000005  l__HEADER |    00000006  l__HEADER |    00000007  l__HEADER
     00000008  l__HEADER |    0000002C  l__HEADER |    00000030  l__HEADER
     0000003F  l__GSINIT |    00000044  l__BSS    |    00000083  l__HEADER
     000000F8  l__HOME   |    000000FF  ___bank_B |    00000199  l__DATA  
     00000200  s__CODE   |    00000845  l__BASE   |    00000E45  l__INITIA
     00000E45  l__INITIA |    000030B9  l__CODE   |    000032B9  s__HOME  
     000033B1  s__BASE   |    00003BF6  s__CODE_0 |    00003BF6  s__INITIA
     00003BF6  s__LIT    |    00004A3B  s__GSINIT |    00004A7A  s__GSFINA
     0000C000  _shadow_O |    0000C0A0  s__DATA   |    0000C239  s__BSS   
     0000C27D  s__INITIA |    0000D0C2  s__HEAP   |    0000E000  .STACK   
     0000FF80  .refresh_ |    00FF4000  s__CODE_2
ASxxxx Linker V03.00 + NoICE + sdld,  page 3.
Hexadecimal  [32-Bits]

Area                       Addr        Size        Decimal Bytes (Attributes)
--------------------       ----        ----        ------- ----- ------------
_CODE                  00000200    000030B9 =       12473. bytes (REL,CON)

        Value  Global            Value  Global            Value  Global    
        -----  ------            -----  ------            -----  ------    
     00000200  _move_arr |    0000036A  _level1_a |    000003F4  _level1  
     000003F9  _move_x   |    00000526  _animate_ |    00000690  _level2_a
     00000748  _level2   |    0000074D  _set_came |    00000A67  _set_leve
     00000AB0  _performa |    00000ABD  _checkcol |    00000B45  _blankmap
     00000B47  _checkcol |    00000BC9  _checkcol |    00000C51  _main    
     00001C0E  _load_sce |    00001DC4  _load_lev |    00001DFF  _render_a
     0000203E  _init_sub |    00002137  _detectiv |    00002977  _detectiv
     00002993  _detectiv |    000029AB  _detectiv |    000029C3  _detectiv
     000029DF  _detectiv |    000029F7  _detectiv |    00002A13  _detectiv
     00002A2F  _detectiv |    00002A4B  _detectiv |    00002A67  _detectiv
     00002A83  _detectiv |    00002A9F  _detectiv |    00002AB7  _detectiv
     00002AD3  _detectiv |    00002AEF  _detectiv |    00002B0B  _detectiv
     00002B23  _detectiv |    00002B3F  _detectiv |    00002B61  _detectiv
     00002B73  _detectiv |    00002B77  _detectiv |    00002B81  _detectiv
     00002B8F  _detectiv |    00002B93  _enemy_ar |    00002C53  _enemy_ar
     00002C5F  _enemy_ar |    00002C6B  _enemy_ar |    00002C77  _enemy_ar
     00002C7B  _enemy_ar |    00002C81  _abs      |    00002C90  ___move_m
     00002CC8  ___hide_m |    00002CE8  ___move_m |    00002D24  ___move_m
     00002D60  ___move_m |    00002D9E  _putchar  |    00002DA7  _setchar 
     00002DB0  _gotoxy   |    00002DBB  _posx     |    00002DCC  _posy    
     00002E85  ___printf |    00003213  _utoa     |    00003222  _itoa    
     00003231  .itoa     |    00003245  .utoa    
ASxxxx Linker V03.00 + NoICE + sdld,  page 4.
Hexadecimal  [32-Bits]

Area                       Addr        Size        Decimal Bytes (Attributes)
--------------------       ----        ----        ------- ----- ------------
_HEADER0               00000000    00000001 =           1. bytes (ABS,CON)

        Value  Global            Value  Global            Value  Global    
        -----  ------            -----  ------            -----  ------    
     00000020  .call_hl 
ASxxxx Linker V03.00 + NoICE + sdld,  page 5.
Hexadecimal  [32-Bits]

Area                       Addr        Size        Decimal Bytes (Attributes)
--------------------       ----        ----        ------- ----- ------------
_HEADER1               00000000    00000005 =           5. bytes (ABS,CON)

        Value  Global            Value  Global            Value  Global    
        -----  ------            -----  ------            -----  ------    
     00000028  .MemsetSm
ASxxxx Linker V03.00 + NoICE + sdld,  page 6.
Hexadecimal  [32-Bits]

Area                       Addr        Size        Decimal Bytes (Attributes)
--------------------       ----        ----        ------- ----- ------------
_HEADER2               00000000    00000007 =           7. bytes (ABS,CON)

        Value  Global            Value  Global            Value  Global    
        -----  ------            -----  ------            -----  ------    
     00000030  .MemcpySm
ASxxxx Linker V03.00 + NoICE + sdld,  page 7.
Hexadecimal  [32-Bits]

Area                       Addr        Size        Decimal Bytes (Attributes)
--------------------       ----        ----        ------- ----- ------------
_HEADER3               00000000    00000008 =           8. bytes (ABS,CON)

        Value  Global            Value  Global            Value  Global    
        -----  ------            -----  ------            -----  ------    
ASxxxx Linker V03.00 + NoICE + sdld,  page 8.
Hexadecimal  [32-Bits]

Area                       Addr        Size        Decimal Bytes (Attributes)
--------------------       ----        ----        ------- ----- ------------
_HEADER4               00000000    0000002C =          44. bytes (ABS,CON)

        Value  Global            Value  Global            Value  Global    
        -----  ------            -----  ------            -----  ------    
     00000080  .int      |    0000008F  _wait_int |    0000009C  __standar
ASxxxx Linker V03.00 + NoICE + sdld,  page 9.
Hexadecimal  [32-Bits]

Area                       Addr        Size        Decimal Bytes (Attributes)
--------------------       ----        ----        ------- ----- ------------
_HEADER5               00000000    00000002 =           2. bytes (ABS,CON)

        Value  Global            Value  Global            Value  Global    
        -----  ------            -----  ------            -----  ------    
ASxxxx Linker V03.00 + NoICE + sdld,  page 10.
Hexadecimal  [32-Bits]

Area                       Addr        Size        Decimal Bytes (Attributes)
--------------------       ----        ----        ------- ----- ------------
_HEADER6               00000000    00000030 =          48. bytes (ABS,CON)

        Value  Global            Value  Global            Value  Global    
        -----  ------            -----  ------            -----  ------    
ASxxxx Linker V03.00 + NoICE + sdld,  page 11.
Hexadecimal  [32-Bits]

Area                       Addr        Size        Decimal Bytes (Attributes)
--------------------       ----        ----        ------- ----- ------------
_HEADER7               00000000    00000006 =           6. bytes (ABS,CON)

        Value  Global            Value  Global            Value  Global    
        -----  ------            -----  ------            -----  ------    
ASxxxx Linker V03.00 + NoICE + sdld,  page 12.
Hexadecimal  [32-Bits]

Area                       Addr        Size        Decimal Bytes (Attributes)
--------------------       ----        ----        ------- ----- ------------
_HEADER8               00000000    00000003 =           3. bytes (ABS,CON)

        Value  Global            Value  Global            Value  Global    
        -----  ------            -----  ------            -----  ------    
ASxxxx Linker V03.00 + NoICE + sdld,  page 13.
Hexadecimal  [32-Bits]

Area                       Addr        Size        Decimal Bytes (Attributes)
--------------------       ----        ----        ------- ----- ------------
_HEADER9               00000000    00000001 =           1. bytes (ABS,CON)

        Value  Global            Value  Global            Value  Global    
        -----  ------            -----  ------            -----  ------    
ASxxxx Linker V03.00 + NoICE + sdld,  page 14.
Hexadecimal  [32-Bits]

Area                       Addr        Size        Decimal Bytes (Attributes)
--------------------       ----        ----        ------- ----- ------------
_HEADERa               00000000    00000001 =           1. bytes (ABS,CON)

        Value  Global            Value  Global            Value  Global    
        -----  ------            -----  ------            -----  ------    
ASxxxx Linker V03.00 + NoICE + sdld,  page 15.
Hexadecimal  [32-Bits]

Area                       Addr        Size        Decimal Bytes (Attributes)
--------------------       ----        ----        ------- ----- ------------
_HEADERb               00000000    00000001 =           1. bytes (ABS,CON)

        Value  Global            Value  Global            Value  Global    
        -----  ------            -----  ------            -----  ------    
ASxxxx Linker V03.00 + NoICE + sdld,  page 16.
Hexadecimal  [32-Bits]

Area                       Addr        Size        Decimal Bytes (Attributes)
--------------------       ----        ----        ------- ----- ------------
_HEADERc               00000000    00000002 =           2. bytes (ABS,CON)

        Value  Global            Value  Global            Value  Global    
        -----  ------            -----  ------            -----  ------    
ASxxxx Linker V03.00 + NoICE + sdld,  page 17.
Hexadecimal  [32-Bits]

Area                       Addr        Size        Decimal Bytes (Attributes)
--------------------       ----        ----        ------- ----- ------------
_HEADERd               00000000    00000001 =           1. bytes (ABS,CON)

        Value  Global            Value  Global            Value  Global    
        -----  ------            -----  ------            -----  ------    
ASxxxx Linker V03.00 + NoICE + sdld,  page 18.
Hexadecimal  [32-Bits]

Area                       Addr        Size        Decimal Bytes (Attributes)
--------------------       ----        ----        ------- ----- ------------
_HEADERe               00000000    00000001 =           1. bytes (ABS,CON)

        Value  Global            Value  Global            Value  Global    
        -----  ------            -----  ------            -----  ------    
ASxxxx Linker V03.00 + NoICE + sdld,  page 19.
Hexadecimal  [32-Bits]

Area                       Addr        Size        Decimal Bytes (Attributes)
--------------------       ----        ----        ------- ----- ------------
_HEADERf               00000000    00000002 =           2. bytes (ABS,CON)

        Value  Global            Value  Global            Value  Global    
        -----  ------            -----  ------            -----  ------    
ASxxxx Linker V03.00 + NoICE + sdld,  page 20.
Hexadecimal  [32-Bits]

Area                       Addr        Size        Decimal Bytes (Attributes)
--------------------       ----        ----        ------- ----- ------------
_HEADER10              00000000    00000083 =         131. bytes (ABS,CON)

        Value  Global            Value  Global            Value  Global    
        -----  ------            -----  ------            -----  ------    
     00000150  .reset    |    00000150  _reset    |    00000153  .code_sta
     000001B4  _exit     |    000001B8  _enable_i |    000001BA  _disable_
     000001BC  _set_inte
ASxxxx Linker V03.00 + NoICE + sdld,  page 21.
Hexadecimal  [32-Bits]

Area                       Addr        Size        Decimal Bytes (Attributes)
--------------------       ----        ----        ------- ----- ------------
_HEADER11              00000000    00000001 =           1. bytes (ABS,CON)

        Value  Global            Value  Global            Value  Global    
        -----  ------            -----  ------            -----  ------    
ASxxxx Linker V03.00 + NoICE + sdld,  page 22.
Hexadecimal  [32-Bits]

Area                       Addr        Size        Decimal Bytes (Attributes)
--------------------       ----        ----        ------- ----- ------------
_HOME                  000032B9    000000F8 =         248. bytes (REL,CON)

        Value  Global            Value  Global            Value  Global    
        -----  ------            -----  ------            -----  ------    
     000032B9  .remove_V |    000032BC  .remove_i |    000032D9  .add_VBL 
     000032DC  .add_int  |    000032E7  .wait_vbl |    000032E7  _wait_vbl
     000032F6  .display_ |    000032F6  _display_ |    0000330D  _remove_V
     00003318  _add_VBL  |    00003323  _set_bkg_ |    00003348  _set_bkg_
     00003377  _printf   |    00003390  _sprintf 
ASxxxx Linker V03.00 + NoICE + sdld,  page 23.
Hexadecimal  [32-Bits]

Area                       Addr        Size        Decimal Bytes (Attributes)
--------------------       ----        ----        ------- ----- ------------
_BASE                  000033B1    00000845 =        2117. bytes (REL,CON)

        Value  Global            Value  Global            Value  Global    
        -----  ------            -----  ------            -----  ------    
     000033B1  _set_tile |    000033B6  _set_bkg_ |    000033B6  _set_win_
     000033BE  _set_spri |    000033EE  _set_bkg_ |    00003432  .set_xy_w
     0000343B  .set_xy_b |    0000344A  .set_xy_s |    00003490  .padup   
     00003490  _waitpadu |    000034A0  .jpad     |    000034A0  _joypad  
     000034C8  _waitpad  |    000034CB  .wait_pad |    000034D2  ___sdcc_c
     000034D3  ___memcpy |    000034D3  _memcpy   |    00003516  _font_loa
     0000351D  font_copy |    00003553  font_copy |    000035A2  font_load
     000035EA  font_copy |    00003632  font_set  |    0000363F  .put_char
     00003657  .out_char |    0000365D  .del_char |    000036B3  _font_loa
     000036C1  _font_set |    000036D0  _font_ini |    000036F0  .cls     
     000036F0  _cls      |    00003722  .cr_curs  |    00003737  .adv_curs
     00003793  .tmode    |    000037BC  .tmode_ou |    000037CC  _color   
     000037DB  .drawing_ |    000037E6  .drawing_ |    00003822  _add_LCD 
     0000382D  .add_LCD  |    00003833  _remove_L |    0000383E  .remove_L
     00003844  _font_ibm
ASxxxx Linker V03.00 + NoICE + sdld,  page 24.
Hexadecimal  [32-Bits]

Area                       Addr        Size        Decimal Bytes (Attributes)
--------------------       ----        ----        ------- ----- ------------
_INITIALIZER           00003BF6    00000E45 =        3653. bytes (REL,CON)

        Value  Global            Value  Global            Value  Global    
        -----  ------            -----  ------            -----  ------    
ASxxxx Linker V03.00 + NoICE + sdld,  page 25.
Hexadecimal  [32-Bits]

Area                       Addr        Size        Decimal Bytes (Attributes)
--------------------       ----        ----        ------- ----- ------------
_GSINIT                00004A3B    0000003F =          63. bytes (REL,CON)

        Value  Global            Value  Global            Value  Global    
        -----  ------            -----  ------            -----  ------    
     00004A3B  gsinit   
ASxxxx Linker V03.00 + NoICE + sdld,  page 26.
Hexadecimal  [32-Bits]

Area                       Addr        Size        Decimal Bytes (Attributes)
--------------------       ----        ----        ------- ----- ------------
_GSFINAL               00004A7A    00000001 =           1. bytes (REL,CON)

        Value  Global            Value  Global            Value  Global    
        -----  ------            -----  ------            -----  ------    
ASxxxx Linker V03.00 + NoICE + sdld,  page 27.
Hexadecimal  [32-Bits]

Area                       Addr        Size        Decimal Bytes (Attributes)
--------------------       ----        ----        ------- ----- ------------
_DATA                  0000C0A0    00000199 =         409. bytes (REL,CON)

        Value  Global            Value  Global            Value  Global    
        -----  ------            -----  ------            -----  ------    
     0000C0A0  _bkg      |    0000C0BD  _joy      |    0000C0BE  _last_joy
     0000C0BF  _floorYpo |    0000C0C0  _Jump     |    0000C0C1  _Crouch  
     0000C0C2  _Launch   |    0000C0C3  _Shooting |    0000C0C4  _active_a
     0000C234  _active_a |    0000C235  ___curren |    0000C237  ___curren
     0000C238  ___render
ASxxxx Linker V03.00 + NoICE + sdld,  page 28.
Hexadecimal  [32-Bits]

Area                       Addr        Size        Decimal Bytes (Attributes)
--------------------       ----        ----        ------- ----- ------------
_BSS                   0000C239    00000044 =          68. bytes (REL,CON)

        Value  Global            Value  Global            Value  Global    
        -----  ------            -----  ------            -----  ------    
     0000C239  __cpu     |    0000C23A  .mode     |    0000C23B  .sys_time
     0000C23B  _sys_time |    0000C23D  .int_0x40 |    0000C251  .image_ti
     0000C252  font_curr |    0000C255  font_firs |    0000C256  font_tabl
     0000C268  .curx     |    0000C269  .cury     |    0000C26A  .fg_colou
     0000C26B  .bg_colou |    0000C26C  .draw_mod |    0000C26D  .int_0x48
ASxxxx Linker V03.00 + NoICE + sdld,  page 29.
Hexadecimal  [32-Bits]

Area                       Addr        Size        Decimal Bytes (Attributes)
--------------------       ----        ----        ------- ----- ------------
_INITIALIZED           0000C27D    00000E45 =        3653. bytes (REL,CON)

        Value  Global            Value  Global            Value  Global    
        -----  ------            -----  ------            -----  ------    
     0000C27D  _launchDe |    0000C27E  _shooting |    0000C27F  _animate_
     0000C282  _BRICK_WI |    0000C98A  _BRICK_WI |    0000C9BA  _COLLISIO
ASxxxx Linker V03.00 + NoICE + sdld,  page 30.
Hexadecimal  [32-Bits]

Area                       Addr        Size        Decimal Bytes (Attributes)
--------------------       ----        ----        ------- ----- ------------
_HRAM12                00000000    00000003 =           3. bytes (ABS,CON)

        Value  Global            Value  Global            Value  Global    
        -----  ------            -----  ------            -----  ------    
     0000FF90  __current |    0000FF92  __shadow_
ASxxxx Linker V03.00 + NoICE + sdld,  page 31.
Hexadecimal  [32-Bits]

Area                       Addr        Size        Decimal Bytes (Attributes)
--------------------       ----        ----        ------- ----- ------------
_SFR0                  00000000    00000001 =           1. bytes (ABS,CON)

        Value  Global            Value  Global            Value  Global    
        -----  ------            -----  ------            -----  ------    
     0000FF00  _P1_REG  
ASxxxx Linker V03.00 + NoICE + sdld,  page 32.
Hexadecimal  [32-Bits]

Area                       Addr        Size        Decimal Bytes (Attributes)
--------------------       ----        ----        ------- ----- ------------
_SFR1                  00000000    00000001 =           1. bytes (ABS,CON)

        Value  Global            Value  Global            Value  Global    
        -----  ------            -----  ------            -----  ------    
     0000FF01  _SB_REG  
ASxxxx Linker V03.00 + NoICE + sdld,  page 33.
Hexadecimal  [32-Bits]

Area                       Addr        Size        Decimal Bytes (Attributes)
--------------------       ----        ----        ------- ----- ------------
_SFR2                  00000000    00000001 =           1. bytes (ABS,CON)

        Value  Global            Value  Global            Value  Global    
        -----  ------            -----  ------            -----  ------    
     0000FF02  _SC_REG  
ASxxxx Linker V03.00 + NoICE + sdld,  page 34.
Hexadecimal  [32-Bits]

Area                       Addr        Size        Decimal Bytes (Attributes)
--------------------       ----        ----        ------- ----- ------------
_SFR3                  00000000    00000001 =           1. bytes (ABS,CON)

        Value  Global            Value  Global            Value  Global    
        -----  ------            -----  ------            -----  ------    
     0000FF04  _DIV_REG 
ASxxxx Linker V03.00 + NoICE + sdld,  page 35.
Hexadecimal  [32-Bits]

Area                       Addr        Size        Decimal Bytes (Attributes)
--------------------       ----        ----        ------- ----- ------------
_SFR4                  00000000    00000001 =           1. bytes (ABS,CON)

        Value  Global            Value  Global            Value  Global    
        -----  ------            -----  ------            -----  ------    
     0000FF05  _TIMA_REG
ASxxxx Linker V03.00 + NoICE + sdld,  page 36.
Hexadecimal  [32-Bits]

Area                       Addr        Size        Decimal Bytes (Attributes)
--------------------       ----        ----        ------- ----- ------------
_SFR5                  00000000    00000001 =           1. bytes (ABS,CON)

        Value  Global            Value  Global            Value  Global    
        -----  ------            -----  ------            -----  ------    
     0000FF06  _TMA_REG 
ASxxxx Linker V03.00 + NoICE + sdld,  page 37.
Hexadecimal  [32-Bits]

Area                       Addr        Size        Decimal Bytes (Attributes)
--------------------       ----        ----        ------- ----- ------------
_SFR6                  00000000    00000001 =           1. bytes (ABS,CON)

        Value  Global            Value  Global            Value  Global    
        -----  ------            -----  ------            -----  ------    
     0000FF07  _TAC_REG 
ASxxxx Linker V03.00 + NoICE + sdld,  page 38.
Hexadecimal  [32-Bits]

Area                       Addr        Size        Decimal Bytes (Attributes)
--------------------       ----        ----        ------- ----- ------------
_SFR7                  00000000    00000001 =           1. bytes (ABS,CON)

        Value  Global            Value  Global            Value  Global    
        -----  ------            -----  ------            -----  ------    
     0000FF0F  _IF_REG  
ASxxxx Linker V03.00 + NoICE + sdld,  page 39.
Hexadecimal  [32-Bits]

Area                       Addr        Size        Decimal Bytes (Attributes)
--------------------       ----        ----        ------- ----- ------------
_SFR8                  00000000    00000001 =           1. bytes (ABS,CON)

        Value  Global            Value  Global            Value  Global    
        -----  ------            -----  ------            -----  ------    
     0000FF10  _NR10_REG
ASxxxx Linker V03.00 + NoICE + sdld,  page 40.
Hexadecimal  [32-Bits]

Area                       Addr        Size        Decimal Bytes (Attributes)
--------------------       ----        ----        ------- ----- ------------
_SFR9                  00000000    00000001 =           1. bytes (ABS,CON)

        Value  Global            Value  Global            Value  Global    
        -----  ------            -----  ------            -----  ------    
     0000FF11  _NR11_REG
ASxxxx Linker V03.00 + NoICE + sdld,  page 41.
Hexadecimal  [32-Bits]

Area                       Addr        Size        Decimal Bytes (Attributes)
--------------------       ----        ----        ------- ----- ------------
_SFRa                  00000000    00000001 =           1. bytes (ABS,CON)

        Value  Global            Value  Global            Value  Global    
        -----  ------            -----  ------            -----  ------    
     0000FF12  _NR12_REG
ASxxxx Linker V03.00 + NoICE + sdld,  page 42.
Hexadecimal  [32-Bits]

Area                       Addr        Size        Decimal Bytes (Attributes)
--------------------       ----        ----        ------- ----- ------------
_SFRb                  00000000    00000001 =           1. bytes (ABS,CON)

        Value  Global            Value  Global            Value  Global    
        -----  ------            -----  ------            -----  ------    
     0000FF13  _NR13_REG
ASxxxx Linker V03.00 + NoICE + sdld,  page 43.
Hexadecimal  [32-Bits]

Area                       Addr        Size        Decimal Bytes (Attributes)
--------------------       ----        ----        ------- ----- ------------
_SFRc                  00000000    00000001 =           1. bytes (ABS,CON)

        Value  Global            Value  Global            Value  Global    
        -----  ------            -----  ------            -----  ------    
     0000FF14  _NR14_REG
ASxxxx Linker V03.00 + NoICE + sdld,  page 44.
Hexadecimal  [32-Bits]

Area                       Addr        Size        Decimal Bytes (Attributes)
--------------------       ----        ----        ------- ----- ------------
_SFRd                  00000000    00000001 =           1. bytes (ABS,CON)

        Value  Global            Value  Global            Value  Global    
        -----  ------            -----  ------            -----  ------    
     0000FF16  _NR21_REG
ASxxxx Linker V03.00 + NoICE + sdld,  page 45.
Hexadecimal  [32-Bits]

Area                       Addr        Size        Decimal Bytes (Attributes)
--------------------       ----        ----        ------- ----- ------------
_SFRe                  00000000    00000001 =           1. bytes (ABS,CON)

        Value  Global            Value  Global            Value  Global    
        -----  ------            -----  ------            -----  ------    
     0000FF17  _NR22_REG
ASxxxx Linker V03.00 + NoICE + sdld,  page 46.
Hexadecimal  [32-Bits]

Area                       Addr        Size        Decimal Bytes (Attributes)
--------------------       ----        ----        ------- ----- ------------
_SFRf                  00000000    00000001 =           1. bytes (ABS,CON)

        Value  Global            Value  Global            Value  Global    
        -----  ------            -----  ------            -----  ------    
     0000FF18  _NR23_REG
ASxxxx Linker V03.00 + NoICE + sdld,  page 47.
Hexadecimal  [32-Bits]

Area                       Addr        Size        Decimal Bytes (Attributes)
--------------------       ----        ----        ------- ----- ------------
_SFR10                 00000000    00000001 =           1. bytes (ABS,CON)

        Value  Global            Value  Global            Value  Global    
        -----  ------            -----  ------            -----  ------    
     0000FF19  _NR24_REG
ASxxxx Linker V03.00 + NoICE + sdld,  page 48.
Hexadecimal  [32-Bits]

Area                       Addr        Size        Decimal Bytes (Attributes)
--------------------       ----        ----        ------- ----- ------------
_SFR11                 00000000    00000001 =           1. bytes (ABS,CON)

        Value  Global            Value  Global            Value  Global    
        -----  ------            -----  ------            -----  ------    
     0000FF1A  _NR30_REG
ASxxxx Linker V03.00 + NoICE + sdld,  page 49.
Hexadecimal  [32-Bits]

Area                       Addr        Size        Decimal Bytes (Attributes)
--------------------       ----        ----        ------- ----- ------------
_SFR12                 00000000    00000001 =           1. bytes (ABS,CON)

        Value  Global            Value  Global            Value  Global    
        -----  ------            -----  ------            -----  ------    
     0000FF1B  _NR31_REG
ASxxxx Linker V03.00 + NoICE + sdld,  page 50.
Hexadecimal  [32-Bits]

Area                       Addr        Size        Decimal Bytes (Attributes)
--------------------       ----        ----        ------- ----- ------------
_SFR13                 00000000    00000001 =           1. bytes (ABS,CON)

        Value  Global            Value  Global            Value  Global    
        -----  ------            -----  ------            -----  ------    
     0000FF1C  _NR32_REG
ASxxxx Linker V03.00 + NoICE + sdld,  page 51.
Hexadecimal  [32-Bits]

Area                       Addr        Size        Decimal Bytes (Attributes)
--------------------       ----        ----        ------- ----- ------------
_SFR14                 00000000    00000001 =           1. bytes (ABS,CON)

        Value  Global            Value  Global            Value  Global    
        -----  ------            -----  ------            -----  ------    
     0000FF1D  _NR33_REG
ASxxxx Linker V03.00 + NoICE + sdld,  page 52.
Hexadecimal  [32-Bits]

Area                       Addr        Size        Decimal Bytes (Attributes)
--------------------       ----        ----        ------- ----- ------------
_SFR15                 00000000    00000001 =           1. bytes (ABS,CON)

        Value  Global            Value  Global            Value  Global    
        -----  ------            -----  ------            -----  ------    
     0000FF1E  _NR34_REG
ASxxxx Linker V03.00 + NoICE + sdld,  page 53.
Hexadecimal  [32-Bits]

Area                       Addr        Size        Decimal Bytes (Attributes)
--------------------       ----        ----        ------- ----- ------------
_SFR16                 00000000    00000001 =           1. bytes (ABS,CON)

        Value  Global            Value  Global            Value  Global    
        -----  ------            -----  ------            -----  ------    
     0000FF20  _NR41_REG
ASxxxx Linker V03.00 + NoICE + sdld,  page 54.
Hexadecimal  [32-Bits]

Area                       Addr        Size        Decimal Bytes (Attributes)
--------------------       ----        ----        ------- ----- ------------
_SFR17                 00000000    00000001 =           1. bytes (ABS,CON)

        Value  Global            Value  Global            Value  Global    
        -----  ------            -----  ------            -----  ------    
     0000FF21  _NR42_REG
ASxxxx Linker V03.00 + NoICE + sdld,  page 55.
Hexadecimal  [32-Bits]

Area                       Addr        Size        Decimal Bytes (Attributes)
--------------------       ----        ----        ------- ----- ------------
_SFR18                 00000000    00000001 =           1. bytes (ABS,CON)

        Value  Global            Value  Global            Value  Global    
        -----  ------            -----  ------            -----  ------    
     0000FF22  _NR43_REG
ASxxxx Linker V03.00 + NoICE + sdld,  page 56.
Hexadecimal  [32-Bits]

Area                       Addr        Size        Decimal Bytes (Attributes)
--------------------       ----        ----        ------- ----- ------------
_SFR19                 00000000    00000001 =           1. bytes (ABS,CON)

        Value  Global            Value  Global            Value  Global    
        -----  ------            -----  ------            -----  ------    
     0000FF23  _NR44_REG
ASxxxx Linker V03.00 + NoICE + sdld,  page 57.
Hexadecimal  [32-Bits]

Area                       Addr        Size        Decimal Bytes (Attributes)
--------------------       ----        ----        ------- ----- ------------
_SFR1a                 00000000    00000001 =           1. bytes (ABS,CON)

        Value  Global            Value  Global            Value  Global    
        -----  ------            -----  ------            -----  ------    
     0000FF24  _NR50_REG
ASxxxx Linker V03.00 + NoICE + sdld,  page 58.
Hexadecimal  [32-Bits]

Area                       Addr        Size        Decimal Bytes (Attributes)
--------------------       ----        ----        ------- ----- ------------
_SFR1b                 00000000    00000001 =           1. bytes (ABS,CON)

        Value  Global            Value  Global            Value  Global    
        -----  ------            -----  ------            -----  ------    
     0000FF25  _NR51_REG
ASxxxx Linker V03.00 + NoICE + sdld,  page 59.
Hexadecimal  [32-Bits]

Area                       Addr        Size        Decimal Bytes (Attributes)
--------------------       ----        ----        ------- ----- ------------
_SFR1c                 00000000    00000001 =           1. bytes (ABS,CON)

        Value  Global            Value  Global            Value  Global    
        -----  ------            -----  ------            -----  ------    
     0000FF26  _NR52_REG
ASxxxx Linker V03.00 + NoICE + sdld,  page 60.
Hexadecimal  [32-Bits]

Area                       Addr        Size        Decimal Bytes (Attributes)
--------------------       ----        ----        ------- ----- ------------
_SFR1d                 00000000    00000001 =           1. bytes (ABS,CON)

        Value  Global            Value  Global            Value  Global    
        -----  ------            -----  ------            -----  ------    
     0000FF40  _LCDC_REG
ASxxxx Linker V03.00 + NoICE + sdld,  page 61.
Hexadecimal  [32-Bits]

Area                       Addr        Size        Decimal Bytes (Attributes)
--------------------       ----        ----        ------- ----- ------------
_SFR1e                 00000000    00000001 =           1. bytes (ABS,CON)

        Value  Global            Value  Global            Value  Global    
        -----  ------            -----  ------            -----  ------    
     0000FF41  _STAT_REG
ASxxxx Linker V03.00 + NoICE + sdld,  page 62.
Hexadecimal  [32-Bits]

Area                       Addr        Size        Decimal Bytes (Attributes)
--------------------       ----        ----        ------- ----- ------------
_SFR1f                 00000000    00000001 =           1. bytes (ABS,CON)

        Value  Global            Value  Global            Value  Global    
        -----  ------            -----  ------            -----  ------    
     0000FF42  _SCY_REG 
ASxxxx Linker V03.00 + NoICE + sdld,  page 63.
Hexadecimal  [32-Bits]

Area                       Addr        Size        Decimal Bytes (Attributes)
--------------------       ----        ----        ------- ----- ------------
_SFR20                 00000000    00000001 =           1. bytes (ABS,CON)

        Value  Global            Value  Global            Value  Global    
        -----  ------            -----  ------            -----  ------    
     0000FF43  _SCX_REG 
ASxxxx Linker V03.00 + NoICE + sdld,  page 64.
Hexadecimal  [32-Bits]

Area                       Addr        Size        Decimal Bytes (Attributes)
--------------------       ----        ----        ------- ----- ------------
_SFR21                 00000000    00000001 =           1. bytes (ABS,CON)

        Value  Global            Value  Global            Value  Global    
        -----  ------            -----  ------            -----  ------    
     0000FF44  _LY_REG  
ASxxxx Linker V03.00 + NoICE + sdld,  page 65.
Hexadecimal  [32-Bits]

Area                       Addr        Size        Decimal Bytes (Attributes)
--------------------       ----        ----        ------- ----- ------------
_SFR22                 00000000    00000001 =           1. bytes (ABS,CON)

        Value  Global            Value  Global            Value  Global    
        -----  ------            -----  ------            -----  ------    
     0000FF45  _LYC_REG 
ASxxxx Linker V03.00 + NoICE + sdld,  page 66.
Hexadecimal  [32-Bits]

Area                       Addr        Size        Decimal Bytes (Attributes)
--------------------       ----        ----        ------- ----- ------------
_SFR23                 00000000    00000001 =           1. bytes (ABS,CON)

        Value  Global            Value  Global            Value  Global    
        -----  ------            -----  ------            -----  ------    
     0000FF46  _DMA_REG 
ASxxxx Linker V03.00 + NoICE + sdld,  page 67.
Hexadecimal  [32-Bits]

Area                       Addr        Size        Decimal Bytes (Attributes)
--------------------       ----        ----        ------- ----- ------------
_SFR24                 00000000    00000001 =           1. bytes (ABS,CON)

        Value  Global            Value  Global            Value  Global    
        -----  ------            -----  ------            -----  ------    
     0000FF47  _BGP_REG 
ASxxxx Linker V03.00 + NoICE + sdld,  page 68.
Hexadecimal  [32-Bits]

Area                       Addr        Size        Decimal Bytes (Attributes)
--------------------       ----        ----        ------- ----- ------------
_SFR25                 00000000    00000001 =           1. bytes (ABS,CON)

        Value  Global            Value  Global            Value  Global    
        -----  ------            -----  ------            -----  ------    
     0000FF48  _OBP0_REG
ASxxxx Linker V03.00 + NoICE + sdld,  page 69.
Hexadecimal  [32-Bits]

Area                       Addr        Size        Decimal Bytes (Attributes)
--------------------       ----        ----        ------- ----- ------------
_SFR26                 00000000    00000001 =           1. bytes (ABS,CON)

        Value  Global            Value  Global            Value  Global    
        -----  ------            -----  ------            -----  ------    
     0000FF49  _OBP1_REG
ASxxxx Linker V03.00 + NoICE + sdld,  page 70.
Hexadecimal  [32-Bits]

Area                       Addr        Size        Decimal Bytes (Attributes)
--------------------       ----        ----        ------- ----- ------------
_SFR27                 00000000    00000001 =           1. bytes (ABS,CON)

        Value  Global            Value  Global            Value  Global    
        -----  ------            -----  ------            -----  ------    
     0000FF4A  _WY_REG  
ASxxxx Linker V03.00 + NoICE + sdld,  page 71.
Hexadecimal  [32-Bits]

Area                       Addr        Size        Decimal Bytes (Attributes)
--------------------       ----        ----        ------- ----- ------------
_SFR28                 00000000    00000001 =           1. bytes (ABS,CON)

        Value  Global            Value  Global            Value  Global    
        -----  ------            -----  ------            -----  ------    
     0000FF4B  _WX_REG  
ASxxxx Linker V03.00 + NoICE + sdld,  page 72.
Hexadecimal  [32-Bits]

Area                       Addr        Size        Decimal Bytes (Attributes)
--------------------       ----        ----        ------- ----- ------------
_SFR29                 00000000    00000001 =           1. bytes (ABS,CON)

        Value  Global            Value  Global            Value  Global    
        -----  ------            -----  ------            -----  ------    
     0000FF4D  _KEY1_REG
ASxxxx Linker V03.00 + NoICE + sdld,  page 73.
Hexadecimal  [32-Bits]

Area                       Addr        Size        Decimal Bytes (Attributes)
--------------------       ----        ----        ------- ----- ------------
_SFR2a                 00000000    00000001 =           1. bytes (ABS,CON)

        Value  Global            Value  Global            Value  Global    
        -----  ------            -----  ------            -----  ------    
     0000FF4F  _VBK_REG 
ASxxxx Linker V03.00 + NoICE + sdld,  page 74.
Hexadecimal  [32-Bits]

Area                       Addr        Size        Decimal Bytes (Attributes)
--------------------       ----        ----        ------- ----- ------------
_SFR2b                 00000000    00000001 =           1. bytes (ABS,CON)

        Value  Global            Value  Global            Value  Global    
        -----  ------            -----  ------            -----  ------    
     0000FF51  _HDMA1_RE
ASxxxx Linker V03.00 + NoICE + sdld,  page 75.
Hexadecimal  [32-Bits]

Area                       Addr        Size        Decimal Bytes (Attributes)
--------------------       ----        ----        ------- ----- ------------
_SFR2c                 00000000    00000001 =           1. bytes (ABS,CON)

        Value  Global            Value  Global            Value  Global    
        -----  ------            -----  ------            -----  ------    
     0000FF52  _HDMA2_RE
ASxxxx Linker V03.00 + NoICE + sdld,  page 76.
Hexadecimal  [32-Bits]

Area                       Addr        Size        Decimal Bytes (Attributes)
--------------------       ----        ----        ------- ----- ------------
_SFR2d                 00000000    00000001 =           1. bytes (ABS,CON)

        Value  Global            Value  Global            Value  Global    
        -----  ------            -----  ------            -----  ------    
     0000FF53  _HDMA3_RE
ASxxxx Linker V03.00 + NoICE + sdld,  page 77.
Hexadecimal  [32-Bits]

Area                       Addr        Size        Decimal Bytes (Attributes)
--------------------       ----        ----        ------- ----- ------------
_SFR2e                 00000000    00000001 =           1. bytes (ABS,CON)

        Value  Global            Value  Global            Value  Global    
        -----  ------            -----  ------            -----  ------    
     0000FF54  _HDMA4_RE
ASxxxx Linker V03.00 + NoICE + sdld,  page 78.
Hexadecimal  [32-Bits]

Area                       Addr        Size        Decimal Bytes (Attributes)
--------------------       ----        ----        ------- ----- ------------
_SFR2f                 00000000    00000001 =           1. bytes (ABS,CON)

        Value  Global            Value  Global            Value  Global    
        -----  ------            -----  ------            -----  ------    
     0000FF55  _HDMA5_RE
ASxxxx Linker V03.00 + NoICE + sdld,  page 79.
Hexadecimal  [32-Bits]

Area                       Addr        Size        Decimal Bytes (Attributes)
--------------------       ----        ----        ------- ----- ------------
_SFR30                 00000000    00000001 =           1. bytes (ABS,CON)

        Value  Global            Value  Global            Value  Global    
        -----  ------            -----  ------            -----  ------    
     0000FF56  _RP_REG  
ASxxxx Linker V03.00 + NoICE + sdld,  page 80.
Hexadecimal  [32-Bits]

Area                       Addr        Size        Decimal Bytes (Attributes)
--------------------       ----        ----        ------- ----- ------------
_SFR31                 00000000    00000001 =           1. bytes (ABS,CON)

        Value  Global            Value  Global            Value  Global    
        -----  ------            -----  ------            -----  ------    
     0000FF68  _BCPS_REG
ASxxxx Linker V03.00 + NoICE + sdld,  page 81.
Hexadecimal  [32-Bits]

Area                       Addr        Size        Decimal Bytes (Attributes)
--------------------       ----        ----        ------- ----- ------------
_SFR32                 00000000    00000001 =           1. bytes (ABS,CON)

        Value  Global            Value  Global            Value  Global    
        -----  ------            -----  ------            -----  ------    
     0000FF69  _BCPD_REG
ASxxxx Linker V03.00 + NoICE + sdld,  page 82.
Hexadecimal  [32-Bits]

Area                       Addr        Size        Decimal Bytes (Attributes)
--------------------       ----        ----        ------- ----- ------------
_SFR33                 00000000    00000001 =           1. bytes (ABS,CON)

        Value  Global            Value  Global            Value  Global    
        -----  ------            -----  ------            -----  ------    
     0000FF6A  _OCPS_REG
ASxxxx Linker V03.00 + NoICE + sdld,  page 83.
Hexadecimal  [32-Bits]

Area                       Addr        Size        Decimal Bytes (Attributes)
--------------------       ----        ----        ------- ----- ------------
_SFR34                 00000000    00000001 =           1. bytes (ABS,CON)

        Value  Global            Value  Global            Value  Global    
        -----  ------            -----  ------            -----  ------    
     0000FF6B  _OCPD_REG
ASxxxx Linker V03.00 + NoICE + sdld,  page 84.
Hexadecimal  [32-Bits]

Area                       Addr        Size        Decimal Bytes (Attributes)
--------------------       ----        ----        ------- ----- ------------
_SFR35                 00000000    00000001 =           1. bytes (ABS,CON)

        Value  Global            Value  Global            Value  Global    
        -----  ------            -----  ------            -----  ------    
     0000FF70  _SVBK_REG
ASxxxx Linker V03.00 + NoICE + sdld,  page 85.
Hexadecimal  [32-Bits]

Area                       Addr        Size        Decimal Bytes (Attributes)
--------------------       ----        ----        ------- ----- ------------
_SFR36                 00000000    00000001 =           1. bytes (ABS,CON)

        Value  Global            Value  Global            Value  Global    
        -----  ------            -----  ------            -----  ------    
     0000FFFF  _IE_REG  
ASxxxx Linker V03.00 + NoICE + sdld,  page 86.
Hexadecimal  [32-Bits]

Area                       Addr        Size        Decimal Bytes (Attributes)
--------------------       ----        ----        ------- ----- ------------
_FONT_HEADER0          00000000    00000003 =           3. bytes (ABS,CON)

        Value  Global            Value  Global            Value  Global    
        -----  ------            -----  ------            -----  ------    
ASxxxx Linker V03.00 + NoICE + sdld,  page 87.
Hexadecimal  [32-Bits]

Area                       Addr        Size        Decimal Bytes (Attributes)
--------------------       ----        ----        ------- ----- ------------
_HEADER_LCD0           00000000    00000003 =           3. bytes (ABS,CON)

        Value  Global            Value  Global            Value  Global    
        -----  ------            -----  ------            -----  ------    
ASxxxx Linker V03.00 + NoICE + sdld,  page 88.

Files Linked                              [ module(s) ]

C:\c_code\gbdk\lib/small/asxxxx/gb/crt0.o
                                          [ Runtime ]
C:\Users\User\AppData\Local\Temp/lcc54040.rel
                                          [ level1 ]
C:\Users\User\AppData\Local\Temp/lcc54041.rel
                                          [ level2 ]
C:\Users\User\AppData\Local\Temp/lcc54042.rel
                                          [ macros ]
C:\Users\User\AppData\Local\Temp/lcc54043.rel
                                          [ main ]
C:\Users\User\AppData\Local\Temp/lcc54044.rel
                                          [ scene ]
C:\Users\User\AppData\Local\Temp/lcc54045.rel
                                          [ submap ]
C:\Users\User\AppData\Local\Temp/lcc54046.rel
                                          [ brick_wide_map ]
C:\Users\User\AppData\Local\Temp/lcc54047.rel
                                          [ brick_wide_tiles ]
C:\Users\User\AppData\Local\Temp/lcc54048.rel
                                          [ collision_wide_map ]
C:\Users\User\AppData\Local\Temp/lcc54049.rel
                                          [ detective_large ]
C:\Users\User\AppData\Local\Temp/lcc540410.rel
                                          [ enemy_arrow ]


Libraries Linked                          [ object file ]

C:\c_code\gbdk\lib/small/asxxxx/gb/gb.lib
                                          [ sfr.o ]
C:\c_code\gbdk\lib/small/asxxxx/gbz80/gbz80.lib
                                          [ abs.o ]
C:\c_code\gbdk\lib/small/asxxxx/gb/gb.lib
                                          [ set_data.o ]
C:\c_code\gbdk\lib/small/asxxxx/gb/gb.lib
                                          [ set_tile_submap.o ]
C:\c_code\gbdk\lib/small/asxxxx/gb/gb.lib
                                          [ pad.o ]
C:\c_code\gbdk\lib/small/asxxxx/gb/gb.lib
                                          [ metasprites.o ]
C:\c_code\gbdk\lib/small/asxxxx/gbz80/gbz80.lib
                                          [ __sdcc_call_hl.o ]
C:\c_code\gbdk\lib/small/asxxxx/gbz80/gbz80.lib
                                          [ _memcpy.o ]
C:\c_code\gbdk\lib/small/asxxxx/gb/gb.lib
                                          [ metasprites_flip.o ]
C:\c_code\gbdk\lib/small/asxxxx/gbz80/gbz80.lib
                                          [ printf.o ]
C:\c_code\gbdk\lib/small/asxxxx/gb/gb.lib
                                          [ font.o ]
C:\c_code\gbdk\lib/small/asxxxx/gb/gb.lib
                                          [ color.o ]
C:\c_code\gbdk\lib/small/asxxxx/gb/gb.lib
                                          [ drawing_isr.o ]
C:\c_code\gbdk\lib/small/asxxxx/gb/gb.lib
                                          [ lcd.o ]
C:\c_code\gbdk\lib/small/asxxxx/gb/gb.lib
                                          [ f_ibm_sh.o ]
C:\c_code\gbdk\lib/small/asxxxx/gbz80/gbz80.lib
                                          [ sprintf.o ]
C:\c_code\gbdk\lib/small/asxxxx/gbz80/gbz80.lib
                                          [ itoa.o ]

ASxxxx Linker V03.00 + NoICE + sdld,  page 89.

User Base Address Definitions

_DATA=0xc0a0
_CODE=0x0200
ASxxxx Linker V03.00 + NoICE + sdld,  page 90.

User Global Definitions

_shadow_OAM=0xC000
.STACK=0xE000
.refresh_OAM=0xFF80

