ASxxxx Linker V03.00 + NoICE + sdld,  page 1.
Hexadecimal  [32-Bits]

Area                       Addr        Size        Decimal Bytes (Attributes)
--------------------       ----        ----        ------- ----- ------------
.  .ABS.               00000000    00000000 =           0. bytes (ABS,CON)

        Value  Global            Value  Global            Value  Global    
        -----  ------            -----  ------            -----  ------    
     00000000  .__.ABS.  |    00000000  _rRAMG    |    00000000  l__BASE  
     00000000  l__BSS    |    00000000  l__CABS   |    00000000  l__CODE_0
     00000000  l__CODE_2 |    00000000  l__DABS   |    00000000  l__FONT_H
     00000000  l__HEADER |    00000000  l__HEADER |    00000000  l__HEAP  
     00000000  l__HRAM   |    00000000  l__LIT    |    00000000  s__CABS  
     00000000  s__DABS   |    00000000  s__FONT_H |    00000000  s__FONT_H
     00000000  s__HEADER |    00000000  s__HEADER |    00000000  s__HEADER
     00000000  s__HEADER |    00000000  s__HEADER |    00000000  s__HEADER
     00000000  s__HEADER |    00000000  s__HEADER |    00000000  s__HEADER
     00000000  s__HEADER |    00000000  s__HEADER |    00000000  s__HEADER
     00000000  s__HEADER |    00000000  s__HEADER |    00000000  s__HEADER
     00000000  s__HEADER |    00000000  s__HEADER |    00000000  s__HEADER
     00000000  s__HEADER |    00000000  s__HEADER |    00000000  s__HEADER
     00000000  s__HRAM   |    00000000  s__HRAM12 |    00000001  l__GSFINA
     00000001  l__HEADER |    00000001  l__HEADER |    00000001  l__HEADER
     00000001  l__HEADER |    00000001  l__HEADER |    00000001  l__HEADER
     00000001  l__HEADER |    00000002  l__HEADER |    00000002  l__HEADER
     00000002  l__HEADER |    00000003  l__FONT_H |    00000003  l__HEADER
     00000003  l__HEADER |    00000003  l__HRAM12 |    00000005  l__HEADER
     00000006  l__HEADER |    00000007  l__HEADER |    00000008  l__HEADER
     0000000C  l__GSINIT |    00000030  l__HEADER |    0000004F  l__HEADER
     00000082  l__HEADER |    000000FF  ___bank_B |    00000200  s__CODE  
     0000023C  l__DATA   |    00000A04  l__HOME   |    00000E4D  l__INITIA
     00000E4D  l__INITIA |    00002000  _rROMB0   |    00003000  _rROMB1  
     00003B7A  l__CODE   |    00003D7A  s__HOME   |    00004000  _rRAMB   
     0000477E  s__BASE   |    0000477E  s__CODE_0 |    0000477E  s__INITIA
     0000477E  s__LIT    |    000055CB  s__GSINIT |    000055D7  s__GSFINA
     00008000  __VRAM    |    00008000  __VRAM800 |    00008800  __VRAM880
     00009000  __VRAM900 |    00009800  __SCRN0   |    00009C00  __SCRN1  
     0000A000  __SRAM    |    0000C000  __RAM     |    0000C000  _shadow_O
     0000C0A0  s__DATA   |    0000C2DC  s__BSS    |    0000C2DC  s__INITIA
     0000D000  __RAMBANK |    0000D129  s__HEAP   |    0000E000  .STACK   
     0000FE00  __OAMRAM  |    0000FF00  _P1_REG   |    0000FF00  __IO     
     0000FF01  _SB_REG   |    0000FF02  _SC_REG   |    0000FF04  _DIV_REG 
     0000FF05  _TIMA_REG |    0000FF06  _TMA_REG  |    0000FF07  _TAC_REG 
     0000FF0F  _IF_REG   |    0000FF10  _NR10_REG |    0000FF11  _NR11_REG
     0000FF12  _NR12_REG |    0000FF13  _NR13_REG |    0000FF14  _NR14_REG
     0000FF16  _NR21_REG |    0000FF17  _NR22_REG |    0000FF18  _NR23_REG
     0000FF19  _NR24_REG |    0000FF1A  _NR30_REG |    0000FF1B  _NR31_REG
     0000FF1C  _NR32_REG |    0000FF1D  _NR33_REG |    0000FF1E  _NR34_REG
     0000FF20  _NR41_REG |    0000FF21  _NR42_REG |    0000FF22  _NR43_REG
     0000FF23  _NR44_REG |    0000FF24  _NR50_REG |    0000FF25  _NR51_REG
     0000FF26  _NR52_REG |    0000FF30  _PCM_SAMP |    0000FF30  __AUD3WAV
     0000FF40  _LCDC_REG |    0000FF41  _STAT_REG |    0000FF42  _SCY_REG 
     0000FF43  _SCX_REG  |    0000FF44  _LY_REG   |    0000FF45  _LYC_REG 
     0000FF46  _DMA_REG  |    0000FF47  _BGP_REG  |    0000FF48  _OBP0_REG
     0000FF49  _OBP1_REG |    0000FF4A  _WY_REG   |    0000FF4B  _WX_REG  
     0000FF4D  _KEY1_REG |    0000FF4F  _VBK_REG  |    0000FF51  _HDMA1_RE
     0000FF52  _HDMA2_RE |    0000FF53  _HDMA3_RE |    0000FF54  _HDMA4_RE
     0000FF55  _HDMA5_RE |    0000FF56  _RP_REG   |    0000FF68  _BCPS_REG
ASxxxx Linker V03.00 + NoICE + sdld,  page 2.
Hexadecimal  [32-Bits]

Area                       Addr        Size        Decimal Bytes (Attributes)
--------------------       ----        ----        ------- ----- ------------
.  .ABS.               00000000    00000000 =           0. bytes (ABS,CON)

        Value  Global            Value  Global            Value  Global    
        -----  ------            -----  ------            -----  ------    
     0000FF69  _BCPD_REG |    0000FF6A  _OCPS_REG |    0000FF6B  _OCPD_REG
     0000FF70  _SVBK_REG |    0000FF76  _PCM12_RE |    0000FF77  _PCM34_RE
     0000FF80  .refresh_ |    0000FF80  __HRAM    |    0000FFFF  _IE_REG  
     00FF4000  s__CODE_2
ASxxxx Linker V03.00 + NoICE + sdld,  page 3.
Hexadecimal  [32-Bits]

Area                       Addr        Size        Decimal Bytes (Attributes)
--------------------       ----        ----        ------- ----- ------------
_CODE                  00000200    00003B7A =       15226. bytes (REL,CON)

        Value  Global            Value  Global            Value  Global    
        -----  ------            -----  ------            -----  ------    
     00000200  _render_l |    00000548  _level1_a |    0000066A  _level1  
     0000066F  _animate_ |    000007D9  _level2_a |    000008C1  _level2  
     000008C6  _set_came |    00000BC6  _set_leve |    00000C0F  _performa
     00000C1C  _checkcol |    00000CA4  _blankmap |    00000CA6  _checkcol
     00000D28  _checkcol |    00000DB0  _overlap  |    00000E7C  _main    
     000020D0  _load_sce |    0000238B  _load_lev |    000023C6  _render_a
     000026B4  _switch_d |    00002785  _switch_j |    00002856  _switch_i
     00002ABA  _switch_i |    00002AF5  _switch_c |    00002B30  _init_sub
     00002C45  _detectiv |    00003485  _detectiv |    000034A1  _detectiv
     000034B9  _detectiv |    000034D1  _detectiv |    000034ED  _detectiv
     00003505  _detectiv |    00003521  _detectiv |    0000353D  _detectiv
     00003559  _detectiv |    00003575  _detectiv |    00003591  _detectiv
     000035AD  _detectiv |    000035C5  _detectiv |    000035E1  _detectiv
     000035FD  _detectiv |    00003619  _detectiv |    00003631  _detectiv
     0000364D  _detectiv |    0000366F  _detectiv |    00003681  _detectiv
     00003685  _detectiv |    0000368F  _detectiv |    0000369D  _detectiv
     000036A1  _enemy_ar |    00003761  _enemy_ar |    0000376D  _enemy_ar
     00003779  _enemy_ar |    00003785  _enemy_ar |    00003789  _enemy_ar
     0000378F  _vertical |    000037CF  _vertical |    000037EB  _vertical
     000037ED  _elevator |    000037F1  ___hide_m |    00003811  ___move_m
     00003849  ___move_m |    00003885  ___move_m |    000038C1  ___move_m
     000038FF  _printf   |    000039C2  ___printf |    00003D59  _sprintf 
ASxxxx Linker V03.00 + NoICE + sdld,  page 4.
Hexadecimal  [32-Bits]

Area                       Addr        Size        Decimal Bytes (Attributes)
--------------------       ----        ----        ------- ----- ------------
_HEADER0               00000000    00000001 =           1. bytes (ABS,CON)

        Value  Global            Value  Global            Value  Global    
        -----  ------            -----  ------            -----  ------    
     00000020  .call_hl 
ASxxxx Linker V03.00 + NoICE + sdld,  page 5.
Hexadecimal  [32-Bits]

Area                       Addr        Size        Decimal Bytes (Attributes)
--------------------       ----        ----        ------- ----- ------------
_HEADER1               00000000    00000005 =           5. bytes (ABS,CON)

        Value  Global            Value  Global            Value  Global    
        -----  ------            -----  ------            -----  ------    
     00000028  .MemsetSm
ASxxxx Linker V03.00 + NoICE + sdld,  page 6.
Hexadecimal  [32-Bits]

Area                       Addr        Size        Decimal Bytes (Attributes)
--------------------       ----        ----        ------- ----- ------------
_HEADER2               00000000    00000007 =           7. bytes (ABS,CON)

        Value  Global            Value  Global            Value  Global    
        -----  ------            -----  ------            -----  ------    
     00000030  .MemcpySm
ASxxxx Linker V03.00 + NoICE + sdld,  page 7.
Hexadecimal  [32-Bits]

Area                       Addr        Size        Decimal Bytes (Attributes)
--------------------       ----        ----        ------- ----- ------------
_HEADER3               00000000    00000008 =           8. bytes (ABS,CON)

        Value  Global            Value  Global            Value  Global    
        -----  ------            -----  ------            -----  ------    
ASxxxx Linker V03.00 + NoICE + sdld,  page 8.
Hexadecimal  [32-Bits]

Area                       Addr        Size        Decimal Bytes (Attributes)
--------------------       ----        ----        ------- ----- ------------
_HEADER4               00000000    0000004F =          79. bytes (ABS,CON)

        Value  Global            Value  Global            Value  Global    
        -----  ------            -----  ------            -----  ------    
     00000080  .int      |    0000008F  _wait_int |    0000009C  __standar
     000000AC  _refresh_
ASxxxx Linker V03.00 + NoICE + sdld,  page 9.
Hexadecimal  [32-Bits]

Area                       Addr        Size        Decimal Bytes (Attributes)
--------------------       ----        ----        ------- ----- ------------
_HEADER5               00000000    00000002 =           2. bytes (ABS,CON)

        Value  Global            Value  Global            Value  Global    
        -----  ------            -----  ------            -----  ------    
ASxxxx Linker V03.00 + NoICE + sdld,  page 10.
Hexadecimal  [32-Bits]

Area                       Addr        Size        Decimal Bytes (Attributes)
--------------------       ----        ----        ------- ----- ------------
_HEADER6               00000000    00000030 =          48. bytes (ABS,CON)

        Value  Global            Value  Global            Value  Global    
        -----  ------            -----  ------            -----  ------    
ASxxxx Linker V03.00 + NoICE + sdld,  page 11.
Hexadecimal  [32-Bits]

Area                       Addr        Size        Decimal Bytes (Attributes)
--------------------       ----        ----        ------- ----- ------------
_HEADER7               00000000    00000006 =           6. bytes (ABS,CON)

        Value  Global            Value  Global            Value  Global    
        -----  ------            -----  ------            -----  ------    
ASxxxx Linker V03.00 + NoICE + sdld,  page 12.
Hexadecimal  [32-Bits]

Area                       Addr        Size        Decimal Bytes (Attributes)
--------------------       ----        ----        ------- ----- ------------
_HEADER8               00000000    00000003 =           3. bytes (ABS,CON)

        Value  Global            Value  Global            Value  Global    
        -----  ------            -----  ------            -----  ------    
ASxxxx Linker V03.00 + NoICE + sdld,  page 13.
Hexadecimal  [32-Bits]

Area                       Addr        Size        Decimal Bytes (Attributes)
--------------------       ----        ----        ------- ----- ------------
_HEADER9               00000000    00000001 =           1. bytes (ABS,CON)

        Value  Global            Value  Global            Value  Global    
        -----  ------            -----  ------            -----  ------    
ASxxxx Linker V03.00 + NoICE + sdld,  page 14.
Hexadecimal  [32-Bits]

Area                       Addr        Size        Decimal Bytes (Attributes)
--------------------       ----        ----        ------- ----- ------------
_HEADERa               00000000    00000001 =           1. bytes (ABS,CON)

        Value  Global            Value  Global            Value  Global    
        -----  ------            -----  ------            -----  ------    
ASxxxx Linker V03.00 + NoICE + sdld,  page 15.
Hexadecimal  [32-Bits]

Area                       Addr        Size        Decimal Bytes (Attributes)
--------------------       ----        ----        ------- ----- ------------
_HEADERb               00000000    00000001 =           1. bytes (ABS,CON)

        Value  Global            Value  Global            Value  Global    
        -----  ------            -----  ------            -----  ------    
ASxxxx Linker V03.00 + NoICE + sdld,  page 16.
Hexadecimal  [32-Bits]

Area                       Addr        Size        Decimal Bytes (Attributes)
--------------------       ----        ----        ------- ----- ------------
_HEADERc               00000000    00000002 =           2. bytes (ABS,CON)

        Value  Global            Value  Global            Value  Global    
        -----  ------            -----  ------            -----  ------    
ASxxxx Linker V03.00 + NoICE + sdld,  page 17.
Hexadecimal  [32-Bits]

Area                       Addr        Size        Decimal Bytes (Attributes)
--------------------       ----        ----        ------- ----- ------------
_HEADERd               00000000    00000001 =           1. bytes (ABS,CON)

        Value  Global            Value  Global            Value  Global    
        -----  ------            -----  ------            -----  ------    
ASxxxx Linker V03.00 + NoICE + sdld,  page 18.
Hexadecimal  [32-Bits]

Area                       Addr        Size        Decimal Bytes (Attributes)
--------------------       ----        ----        ------- ----- ------------
_HEADERe               00000000    00000001 =           1. bytes (ABS,CON)

        Value  Global            Value  Global            Value  Global    
        -----  ------            -----  ------            -----  ------    
ASxxxx Linker V03.00 + NoICE + sdld,  page 19.
Hexadecimal  [32-Bits]

Area                       Addr        Size        Decimal Bytes (Attributes)
--------------------       ----        ----        ------- ----- ------------
_HEADERf               00000000    00000002 =           2. bytes (ABS,CON)

        Value  Global            Value  Global            Value  Global    
        -----  ------            -----  ------            -----  ------    
ASxxxx Linker V03.00 + NoICE + sdld,  page 20.
Hexadecimal  [32-Bits]

Area                       Addr        Size        Decimal Bytes (Attributes)
--------------------       ----        ----        ------- ----- ------------
_HEADER10              00000000    00000082 =         130. bytes (ABS,CON)

        Value  Global            Value  Global            Value  Global    
        -----  ------            -----  ------            -----  ------    
     00000150  .reset    |    00000150  _reset    |    00000157  .code_sta
     000001B7  _exit     |    000001BB  _set_inte
ASxxxx Linker V03.00 + NoICE + sdld,  page 21.
Hexadecimal  [32-Bits]

Area                       Addr        Size        Decimal Bytes (Attributes)
--------------------       ----        ----        ------- ----- ------------
_HEADER11              00000000    00000001 =           1. bytes (ABS,CON)

        Value  Global            Value  Global            Value  Global    
        -----  ------            -----  ------            -----  ------    
ASxxxx Linker V03.00 + NoICE + sdld,  page 22.
Hexadecimal  [32-Bits]

Area                       Addr        Size        Decimal Bytes (Attributes)
--------------------       ----        ----        ------- ----- ------------
_HOME                  00003D7A    00000A04 =        2564. bytes (REL,CON)

        Value  Global            Value  Global            Value  Global    
        -----  ------            -----  ------            -----  ------    
     00003D7A  .memset_s |    00003D83  .memcpy_s |    00003DA0  .remove_V
     00003DA3  .remove_i |    00003DC0  .add_VBL  |    00003DC3  .add_int 
     00003DCE  .wait_vbl |    00003DCE  _wait_vbl |    00003DDE  .display_
     00003DDE  _display_ |    00003DF6  _remove_V |    00003E01  _add_VBL 
     00003E0C  _set_bkg_ |    00003E31  _set_bkg_ |    00003E60  _abs     
     00003E6F  _set_tile |    00003E74  _set_bkg_ |    00003E74  _set_win_
     00003E7C  _set_spri |    00003EAC  _set_bkg_ |    00003EF0  .set_xy_w
     00003EF9  .set_xy_b |    00003F08  .set_xy_s |    00003F4E  .padup   
     00003F4E  _waitpadu |    00003F5E  .jpad     |    00003F5E  _joypad  
     00003F86  _waitpad  |    00003F89  .wait_pad |    00003F90  ___sdcc_c
     00003F91  ___memcpy |    00003F91  _memcpy   |    00003FD4  _puts    
     00003FF1  _font_loa |    00003FF8  font_load |    00004040  font_copy
     00004076  font_set  |    00004083  .put_char |    0000409B  .out_char
     000040A1  .del_char |    000040F7  _putchar  |    00004100  _setchar 
     00004109  _font_loa |    00004117  _font_set |    00004126  _font_ini
     00004145  .cls      |    00004145  _cls      |    00004167  _gotoxy  
     00004172  _posx     |    00004183  _posy     |    000041AB  .cr_curs 
     000041C0  .adv_curs |    0000421C  .tmode    |    00004245  .tmode_ou
     0000424E  _color    |    0000424E  _set_1bpp |    0000425D  .drawing_
     00004268  .drawing_ |    000042A4  _add_LCD  |    000042AF  .add_LCD 
     000042B5  _remove_L |    000042C0  .remove_L |    000042C6  _font_ibm
     00004678  _uitoa    |    00004687  _itoa     |    00004696  .itoa    
     000046AA  .utoa     |    0000471E  _set_bkg_ |    0000471E  _set_win_
     00004726  _set_spri
ASxxxx Linker V03.00 + NoICE + sdld,  page 23.
Hexadecimal  [32-Bits]

Area                       Addr        Size        Decimal Bytes (Attributes)
--------------------       ----        ----        ------- ----- ------------
_INITIALIZER           0000477E    00000E4D =        3661. bytes (REL,CON)

        Value  Global            Value  Global            Value  Global    
        -----  ------            -----  ------            -----  ------    
ASxxxx Linker V03.00 + NoICE + sdld,  page 24.
Hexadecimal  [32-Bits]

Area                       Addr        Size        Decimal Bytes (Attributes)
--------------------       ----        ----        ------- ----- ------------
_GSINIT                000055CB    0000000C =          12. bytes (REL,CON)

        Value  Global            Value  Global            Value  Global    
        -----  ------            -----  ------            -----  ------    
     000055CB  gsinit   
ASxxxx Linker V03.00 + NoICE + sdld,  page 25.
Hexadecimal  [32-Bits]

Area                       Addr        Size        Decimal Bytes (Attributes)
--------------------       ----        ----        ------- ----- ------------
_GSFINAL               000055D7    00000001 =           1. bytes (REL,CON)

        Value  Global            Value  Global            Value  Global    
        -----  ------            -----  ------            -----  ------    
ASxxxx Linker V03.00 + NoICE + sdld,  page 26.
Hexadecimal  [32-Bits]

Area                       Addr        Size        Decimal Bytes (Attributes)
--------------------       ----        ----        ------- ----- ------------
_DATA                  0000C0A0    0000023C =         572. bytes (REL,CON)

        Value  Global            Value  Global            Value  Global    
        -----  ------            -----  ------            -----  ------    
     0000C0A0  __cpu     |    0000C0A1  __is_GBA  |    0000C0A2  .mode    
     0000C0A3  .sys_time |    0000C0A3  _sys_time |    0000C0A5  .int_0x40
     0000C0B9  _bkg      |    0000C0D9  _joy      |    0000C0DA  _last_joy
     0000C0DB  _floorYpo |    0000C0DC  _Spawn    |    0000C0DD  _Jump    
     0000C0DE  _Crouch   |    0000C0DF  _Launch   |    0000C0E0  _Shooting
     0000C0E1  _active_a |    0000C2B1  _active_a |    0000C2B2  .image_ti
     0000C2B3  ___curren |    0000C2B5  ___curren |    0000C2B6  font_curr
     0000C2B9  font_firs |    0000C2BA  font_tabl |    0000C2CC  .int_0x48
ASxxxx Linker V03.00 + NoICE + sdld,  page 27.
Hexadecimal  [32-Bits]

Area                       Addr        Size        Decimal Bytes (Attributes)
--------------------       ----        ----        ------- ----- ------------
_INITIALIZED           0000C2DC    00000E4D =        3661. bytes (REL,CON)

        Value  Global            Value  Global            Value  Global    
        -----  ------            -----  ------            -----  ------    
     0000C2DC  _launchDe |    0000C2DD  _shooting |    0000C2DE  _shadow_s
     0000C2DF  _shadow_s |    0000C2E0  _animate_ |    0000C2E3  _BRICK_WI
     0000C9EB  _BRICK_WI |    0000CA1B  _COLLISIO |    0000D123  ___render
     0000D124  .curx     |    0000D125  .cury     |    0000D126  .fg_colou
     0000D126  __current |    0000D127  .bg_colou |    0000D128  .draw_mod
ASxxxx Linker V03.00 + NoICE + sdld,  page 28.
Hexadecimal  [32-Bits]

Area                       Addr        Size        Decimal Bytes (Attributes)
--------------------       ----        ----        ------- ----- ------------
_HRAM12                00000000    00000003 =           3. bytes (ABS,CON)

        Value  Global            Value  Global            Value  Global    
        -----  ------            -----  ------            -----  ------    
     0000FF90  __current |    0000FF92  __shadow_
ASxxxx Linker V03.00 + NoICE + sdld,  page 29.
Hexadecimal  [32-Bits]

Area                       Addr        Size        Decimal Bytes (Attributes)
--------------------       ----        ----        ------- ----- ------------
_FONT_HEADER0          00000000    00000003 =           3. bytes (ABS,CON)

        Value  Global            Value  Global            Value  Global    
        -----  ------            -----  ------            -----  ------    
ASxxxx Linker V03.00 + NoICE + sdld,  page 30.
Hexadecimal  [32-Bits]

Area                       Addr        Size        Decimal Bytes (Attributes)
--------------------       ----        ----        ------- ----- ------------
_HEADER_LCD0           00000000    00000003 =           3. bytes (ABS,CON)

        Value  Global            Value  Global            Value  Global    
        -----  ------            -----  ------            -----  ------    
ASxxxx Linker V03.00 + NoICE + sdld,  page 31.

Files Linked                              [ module(s) ]

C:\c_code\gbdk\lib/small/asxxxx/gb/crt0.o
                                          [ Runtime ]
C:\Users\EMART~1\AppData\Local\Temp/lcc123320.rel
                                          [ level1 ]
C:\Users\EMART~1\AppData\Local\Temp/lcc123321.rel
                                          [ level2 ]
C:\Users\EMART~1\AppData\Local\Temp/lcc123322.rel
                                          [ macros ]
C:\Users\EMART~1\AppData\Local\Temp/lcc123323.rel
                                          [ main ]
C:\Users\EMART~1\AppData\Local\Temp/lcc123324.rel
                                          [ scene ]
C:\Users\EMART~1\AppData\Local\Temp/lcc123325.rel
                                          [ submap ]
C:\Users\EMART~1\AppData\Local\Temp/lcc123326.rel
                                          [ brick_wide_map ]
C:\Users\EMART~1\AppData\Local\Temp/lcc123327.rel
                                          [ brick_wide_tiles ]
C:\Users\EMART~1\AppData\Local\Temp/lcc123328.rel
                                          [ collision_wide_map ]
C:\Users\EMART~1\AppData\Local\Temp/lcc123329.rel
                                          [ detective_large ]
C:\Users\EMART~1\AppData\Local\Temp/lcc1233210.rel
                                          [ enemy_arrow ]
C:\Users\EMART~1\AppData\Local\Temp/lcc1233211.rel
                                          [ vertical_platform_V1 ]


Libraries Linked                          [ object file ]

C:\c_code\gbdk\lib/small/asxxxx/gb/gb.lib
                                          [ sfr.o ]
C:\c_code\gbdk\lib/small/asxxxx/gb/gb.lib
                                          [ metasprites_hide.o ]
C:\c_code\gbdk\lib/small/asxxxx/gbz80/gbz80.lib
                                          [ abs.o ]
C:\c_code\gbdk\lib/small/asxxxx/gb/gb.lib
                                          [ set_data.o ]
C:\c_code\gbdk\lib/small/asxxxx/gb/gb.lib
                                          [ set_tile_submap.o ]
C:\c_code\gbdk\lib/small/asxxxx/gb/gb.lib
                                          [ pad.o ]
C:\c_code\gbdk\lib/small/asxxxx/gb/gb.lib
                                          [ metasprites.o ]
C:\c_code\gbdk\lib/small/asxxxx/gbz80/gbz80.lib
                                          [ __sdcc_call_hl.o ]
C:\c_code\gbdk\lib/small/asxxxx/gbz80/gbz80.lib
                                          [ _memcpy.o ]
C:\c_code\gbdk\lib/small/asxxxx/gbz80/gbz80.lib
                                          [ puts.o ]
C:\c_code\gbdk\lib/small/asxxxx/gb/gb.lib
                                          [ metasprites_flip.o ]
C:\c_code\gbdk\lib/small/asxxxx/gbz80/gbz80.lib
                                          [ printf.o ]
C:\c_code\gbdk\lib/small/asxxxx/gb/gb.lib
                                          [ font.o ]
C:\c_code\gbdk\lib/small/asxxxx/gb/gb.lib
                                          [ color.o ]
C:\c_code\gbdk\lib/small/asxxxx/gb/gb.lib
                                          [ drawing_isr.o ]
C:\c_code\gbdk\lib/small/asxxxx/gb/gb.lib
                                          [ lcd.o ]
C:\c_code\gbdk\lib/small/asxxxx/gb/gb.lib
                                          [ f_ibm_sh.o ]
C:\c_code\gbdk\lib/small/asxxxx/gbz80/gbz80.lib
                                          [ sprintf.o ]
C:\c_code\gbdk\lib/small/asxxxx/gbz80/gbz80.lib
                                          [ itoa.o ]
C:\c_code\gbdk\lib/small/asxxxx/gb/gb.lib
                                          [ set_1bit_data.o ]

ASxxxx Linker V03.00 + NoICE + sdld,  page 32.

User Base Address Definitions

_DATA=0xC0A0
_CODE=0x0200
ASxxxx Linker V03.00 + NoICE + sdld,  page 33.

User Global Definitions

_shadow_OAM=0xC000
.STACK=0xE000
.refresh_OAM=0xFF80

