ASxxxx Linker V03.00 + NoICE + sdld,  page 1.
Hexadecimal  [32-Bits]

Area                       Addr        Size        Decimal Bytes (Attributes)
--------------------       ----        ----        ------- ----- ------------
.  .ABS.               00000000    00000000 =           0. bytes (ABS,CON)

        Value  Global            Value  Global            Value  Global    
        -----  ------            -----  ------            -----  ------    
     00000000  .__.ABS.  |    00000000  _rRAMG    |    00000000  l__BASE  
     00000000  l__BSS    |    00000000  l__CABS   |    00000000  l__CODE_0
     00000000  l__DABS   |    00000000  l__HEADER |    00000000  l__HEAP  
     00000000  l__HRAM   |    00000000  l__LIT    |    00000000  s__CABS  
     00000000  s__DABS   |    00000000  s__HEADER |    00000000  s__HEADER
     00000000  s__HEADER |    00000000  s__HEADER |    00000000  s__HEADER
     00000000  s__HEADER |    00000000  s__HEADER |    00000000  s__HEADER
     00000000  s__HEADER |    00000000  s__HEADER |    00000000  s__HEADER
     00000000  s__HEADER |    00000000  s__HEADER |    00000000  s__HEADER
     00000000  s__HEADER |    00000000  s__HEADER |    00000000  s__HEADER
     00000000  s__HEADER |    00000000  s__HEADER |    00000000  s__HRAM  
     00000000  s__HRAM12 |    00000001  l__GSFINA |    00000001  l__HEADER
     00000001  l__HEADER |    00000001  l__HEADER |    00000001  l__HEADER
     00000001  l__HEADER |    00000001  l__HEADER |    00000001  l__HEADER
     00000002  l__HEADER |    00000002  l__HEADER |    00000002  l__HEADER
     00000003  l__HEADER |    00000003  l__HRAM12 |    00000005  l__HEADER
     00000006  l__HEADER |    00000007  l__HEADER |    00000008  l__HEADER
     0000000C  l__GSINIT |    00000030  l__HEADER |    0000004F  l__HEADER
     00000082  l__HEADER |    00000200  s__CODE   |    0000025A  l__HOME  
     00000360  l__DATA   |    000010D4  l__INITIA |    000010D4  l__INITIA
     00002000  _rROMB0   |    000025A1  l__CODE   |    000027A1  s__HOME  
     0000283E  l__CODE_1 |    000029FB  s__BASE   |    000029FB  s__CODE_0
     000029FB  s__INITIA |    000029FB  s__LIT    |    00003000  _rROMB1  
     00003ACF  s__GSINIT |    00003ADB  s__GSFINA |    00004000  _rRAMB   
     00008000  __VRAM    |    00008000  __VRAM800 |    00008800  __VRAM880
     00009000  __VRAM900 |    00009800  __SCRN0   |    00009C00  __SCRN1  
     0000A000  __SRAM    |    0000C000  __RAM     |    0000C000  _shadow_O
     0000C0A0  s__DATA   |    0000C400  s__BSS    |    0000C400  s__INITIA
     0000D000  __RAMBANK |    0000D4D4  s__HEAP   |    0000E000  .STACK   
     0000FE00  __OAMRAM  |    0000FF00  _P1_REG   |    0000FF00  __IO     
     0000FF01  _SB_REG   |    0000FF02  _SC_REG   |    0000FF04  _DIV_REG 
     0000FF05  _TIMA_REG |    0000FF06  _TMA_REG  |    0000FF07  _TAC_REG 
     0000FF0F  _IF_REG   |    0000FF10  _NR10_REG |    0000FF11  _NR11_REG
     0000FF12  _NR12_REG |    0000FF13  _NR13_REG |    0000FF14  _NR14_REG
     0000FF16  _NR21_REG |    0000FF17  _NR22_REG |    0000FF18  _NR23_REG
     0000FF19  _NR24_REG |    0000FF1A  _NR30_REG |    0000FF1B  _NR31_REG
     0000FF1C  _NR32_REG |    0000FF1D  _NR33_REG |    0000FF1E  _NR34_REG
     0000FF20  _NR41_REG |    0000FF21  _NR42_REG |    0000FF22  _NR43_REG
     0000FF23  _NR44_REG |    0000FF24  _NR50_REG |    0000FF25  _NR51_REG
     0000FF26  _NR52_REG |    0000FF30  _PCM_SAMP |    0000FF30  __AUD3WAV
     0000FF40  _LCDC_REG |    0000FF41  _STAT_REG |    0000FF42  _SCY_REG 
     0000FF43  _SCX_REG  |    0000FF44  _LY_REG   |    0000FF45  _LYC_REG 
     0000FF46  _DMA_REG  |    0000FF47  _BGP_REG  |    0000FF48  _OBP0_REG
     0000FF49  _OBP1_REG |    0000FF4A  _WY_REG   |    0000FF4B  _WX_REG  
     0000FF4D  _KEY1_REG |    0000FF4F  _VBK_REG  |    0000FF51  _HDMA1_RE
     0000FF52  _HDMA2_RE |    0000FF53  _HDMA3_RE |    0000FF54  _HDMA4_RE
     0000FF55  _HDMA5_RE |    0000FF56  _RP_REG   |    0000FF68  _BCPS_REG
     0000FF69  _BCPD_REG |    0000FF6A  _OCPS_REG |    0000FF6B  _OCPD_REG
     0000FF70  _SVBK_REG |    0000FF76  _PCM12_RE |    0000FF77  _PCM34_RE
     0000FF80  .refresh_ |    0000FF80  __HRAM    |    0000FFFF  _IE_REG  
ASxxxx Linker V03.00 + NoICE + sdld,  page 2.
Hexadecimal  [32-Bits]

Area                       Addr        Size        Decimal Bytes (Attributes)
--------------------       ----        ----        ------- ----- ------------
.  .ABS.               00000000    00000000 =           0. bytes (ABS,CON)

        Value  Global            Value  Global            Value  Global    
        -----  ------            -----  ------            -----  ------    
     00014000  s__CODE_1
ASxxxx Linker V03.00 + NoICE + sdld,  page 3.
Hexadecimal  [32-Bits]

Area                       Addr        Size        Decimal Bytes (Attributes)
--------------------       ----        ----        ------- ----- ------------
_CODE                  00000200    000025A1 =        9633. bytes (REL,CON)

        Value  Global            Value  Global            Value  Global    
        -----  ------            -----  ------            -----  ------    
     00000200  _set_came |    00000503  _set_leve |    0000054C  _render_c
     00000637  _performa |    00000644  _main     |    00000D42  _load_sce
     00001002  _load_lev |    0000104B  _render_a |    000014C8  _switch_d
     0000150C  _switch_j |    00001590  _switch_i |    000015DA  _switch_o
     0000160F  _switch_o |    00001644  _switch_l |    000016F4  _switch_l
     00001737  _switch_c |    00001772  _LEFT_RIG |    000017AB  _jump    
     00001827  _land     |    00001886  _gameover |    000018E7  _bullet_d
     00001907  _bullet_m |    0000190F  _bullet_m |    00001911  _bullet_s
     00001915  _detectiv |    000023D5  _detectiv |    000023ED  _detectiv
     00002405  _detectiv |    00002421  _detectiv |    00002439  _detectiv
     00002455  _detectiv |    00002471  _detectiv |    0000248D  _detectiv
     000024A9  _detectiv |    000024C5  _detectiv |    000024E1  _detectiv
     000024FD  _detectiv |    00002519  _detectiv |    00002535  _detectiv
     00002551  _detectiv |    0000256D  _detectiv |    00002585  _detectiv
     000025A1  _detectiv |    000025BD  _detectiv |    000025E1  _detectiv
     000025F3  _detectiv |    000025F7  _detectiv |    00002601  _detectiv
     0000260B  _detectiv |    00002611  _detectiv |    00002615  _detectiv
     0000261D  _detectiv |    00002621  _detectiv |    00002629  _detectiv
     00002631  _elevator |    00002671  _elevator |    0000268D  _elevator
     0000268F  _elevator |    00002693  ___hide_m |    000026B3  ___move_m
     000026EB  ___move_m |    00002727  ___move_m |    00002763  ___move_m
ASxxxx Linker V03.00 + NoICE + sdld,  page 4.
Hexadecimal  [32-Bits]

Area                       Addr        Size        Decimal Bytes (Attributes)
--------------------       ----        ----        ------- ----- ------------
_HEADER0               00000000    00000001 =           1. bytes (ABS,CON)

        Value  Global            Value  Global            Value  Global    
        -----  ------            -----  ------            -----  ------    
     00000020  .call_hl 
ASxxxx Linker V03.00 + NoICE + sdld,  page 5.
Hexadecimal  [32-Bits]

Area                       Addr        Size        Decimal Bytes (Attributes)
--------------------       ----        ----        ------- ----- ------------
_HEADER1               00000000    00000005 =           5. bytes (ABS,CON)

        Value  Global            Value  Global            Value  Global    
        -----  ------            -----  ------            -----  ------    
     00000028  .MemsetSm
ASxxxx Linker V03.00 + NoICE + sdld,  page 6.
Hexadecimal  [32-Bits]

Area                       Addr        Size        Decimal Bytes (Attributes)
--------------------       ----        ----        ------- ----- ------------
_HEADER2               00000000    00000007 =           7. bytes (ABS,CON)

        Value  Global            Value  Global            Value  Global    
        -----  ------            -----  ------            -----  ------    
     00000030  .MemcpySm
ASxxxx Linker V03.00 + NoICE + sdld,  page 7.
Hexadecimal  [32-Bits]

Area                       Addr        Size        Decimal Bytes (Attributes)
--------------------       ----        ----        ------- ----- ------------
_HEADER3               00000000    00000008 =           8. bytes (ABS,CON)

        Value  Global            Value  Global            Value  Global    
        -----  ------            -----  ------            -----  ------    
ASxxxx Linker V03.00 + NoICE + sdld,  page 8.
Hexadecimal  [32-Bits]

Area                       Addr        Size        Decimal Bytes (Attributes)
--------------------       ----        ----        ------- ----- ------------
_HEADER4               00000000    0000004F =          79. bytes (ABS,CON)

        Value  Global            Value  Global            Value  Global    
        -----  ------            -----  ------            -----  ------    
     00000080  .int      |    0000008F  _wait_int |    0000009C  __standar
     000000AC  _refresh_
ASxxxx Linker V03.00 + NoICE + sdld,  page 9.
Hexadecimal  [32-Bits]

Area                       Addr        Size        Decimal Bytes (Attributes)
--------------------       ----        ----        ------- ----- ------------
_HEADER5               00000000    00000002 =           2. bytes (ABS,CON)

        Value  Global            Value  Global            Value  Global    
        -----  ------            -----  ------            -----  ------    
ASxxxx Linker V03.00 + NoICE + sdld,  page 10.
Hexadecimal  [32-Bits]

Area                       Addr        Size        Decimal Bytes (Attributes)
--------------------       ----        ----        ------- ----- ------------
_HEADER6               00000000    00000030 =          48. bytes (ABS,CON)

        Value  Global            Value  Global            Value  Global    
        -----  ------            -----  ------            -----  ------    
ASxxxx Linker V03.00 + NoICE + sdld,  page 11.
Hexadecimal  [32-Bits]

Area                       Addr        Size        Decimal Bytes (Attributes)
--------------------       ----        ----        ------- ----- ------------
_HEADER7               00000000    00000006 =           6. bytes (ABS,CON)

        Value  Global            Value  Global            Value  Global    
        -----  ------            -----  ------            -----  ------    
ASxxxx Linker V03.00 + NoICE + sdld,  page 12.
Hexadecimal  [32-Bits]

Area                       Addr        Size        Decimal Bytes (Attributes)
--------------------       ----        ----        ------- ----- ------------
_HEADER8               00000000    00000003 =           3. bytes (ABS,CON)

        Value  Global            Value  Global            Value  Global    
        -----  ------            -----  ------            -----  ------    
ASxxxx Linker V03.00 + NoICE + sdld,  page 13.
Hexadecimal  [32-Bits]

Area                       Addr        Size        Decimal Bytes (Attributes)
--------------------       ----        ----        ------- ----- ------------
_HEADER9               00000000    00000001 =           1. bytes (ABS,CON)

        Value  Global            Value  Global            Value  Global    
        -----  ------            -----  ------            -----  ------    
ASxxxx Linker V03.00 + NoICE + sdld,  page 14.
Hexadecimal  [32-Bits]

Area                       Addr        Size        Decimal Bytes (Attributes)
--------------------       ----        ----        ------- ----- ------------
_HEADERa               00000000    00000001 =           1. bytes (ABS,CON)

        Value  Global            Value  Global            Value  Global    
        -----  ------            -----  ------            -----  ------    
ASxxxx Linker V03.00 + NoICE + sdld,  page 15.
Hexadecimal  [32-Bits]

Area                       Addr        Size        Decimal Bytes (Attributes)
--------------------       ----        ----        ------- ----- ------------
_HEADERb               00000000    00000001 =           1. bytes (ABS,CON)

        Value  Global            Value  Global            Value  Global    
        -----  ------            -----  ------            -----  ------    
ASxxxx Linker V03.00 + NoICE + sdld,  page 16.
Hexadecimal  [32-Bits]

Area                       Addr        Size        Decimal Bytes (Attributes)
--------------------       ----        ----        ------- ----- ------------
_HEADERc               00000000    00000002 =           2. bytes (ABS,CON)

        Value  Global            Value  Global            Value  Global    
        -----  ------            -----  ------            -----  ------    
ASxxxx Linker V03.00 + NoICE + sdld,  page 17.
Hexadecimal  [32-Bits]

Area                       Addr        Size        Decimal Bytes (Attributes)
--------------------       ----        ----        ------- ----- ------------
_HEADERd               00000000    00000001 =           1. bytes (ABS,CON)

        Value  Global            Value  Global            Value  Global    
        -----  ------            -----  ------            -----  ------    
ASxxxx Linker V03.00 + NoICE + sdld,  page 18.
Hexadecimal  [32-Bits]

Area                       Addr        Size        Decimal Bytes (Attributes)
--------------------       ----        ----        ------- ----- ------------
_HEADERe               00000000    00000001 =           1. bytes (ABS,CON)

        Value  Global            Value  Global            Value  Global    
        -----  ------            -----  ------            -----  ------    
ASxxxx Linker V03.00 + NoICE + sdld,  page 19.
Hexadecimal  [32-Bits]

Area                       Addr        Size        Decimal Bytes (Attributes)
--------------------       ----        ----        ------- ----- ------------
_HEADERf               00000000    00000002 =           2. bytes (ABS,CON)

        Value  Global            Value  Global            Value  Global    
        -----  ------            -----  ------            -----  ------    
ASxxxx Linker V03.00 + NoICE + sdld,  page 20.
Hexadecimal  [32-Bits]

Area                       Addr        Size        Decimal Bytes (Attributes)
--------------------       ----        ----        ------- ----- ------------
_HEADER10              00000000    00000082 =         130. bytes (ABS,CON)

        Value  Global            Value  Global            Value  Global    
        -----  ------            -----  ------            -----  ------    
     00000150  .reset    |    00000150  _reset    |    00000157  .code_sta
     000001B7  _exit     |    000001BB  _set_inte
ASxxxx Linker V03.00 + NoICE + sdld,  page 21.
Hexadecimal  [32-Bits]

Area                       Addr        Size        Decimal Bytes (Attributes)
--------------------       ----        ----        ------- ----- ------------
_HEADER11              00000000    00000001 =           1. bytes (ABS,CON)

        Value  Global            Value  Global            Value  Global    
        -----  ------            -----  ------            -----  ------    
ASxxxx Linker V03.00 + NoICE + sdld,  page 22.
Hexadecimal  [32-Bits]

Area                       Addr        Size        Decimal Bytes (Attributes)
--------------------       ----        ----        ------- ----- ------------
_HOME                  000027A1    0000025A =         602. bytes (REL,CON)

        Value  Global            Value  Global            Value  Global    
        -----  ------            -----  ------            -----  ------    
     000027A1  .memset_s |    000027AA  .memcpy_s |    000027C7  .remove_V
     000027CA  .remove_i |    000027E7  .add_VBL  |    000027EA  .add_int 
     000027F5  .wait_vbl |    000027F5  _wait_vbl |    00002805  .display_
     00002805  _display_ |    0000281D  _remove_V |    00002828  _add_VBL 
     00002833  _set_bkg_ |    00002858  _set_bkg_ |    00002887  _abs     
     00002896  _set_tile |    0000289B  _set_bkg_ |    0000289B  _set_win_
     000028A3  _set_spri |    000028D3  _set_bkg_ |    00002917  .set_xy_w
     00002920  .set_xy_b |    0000292F  .set_xy_s |    00002975  .padup   
     00002975  _waitpadu |    00002985  .jpad     |    00002985  _joypad  
     000029AD  _waitpad  |    000029B0  .wait_pad |    000029B7  ___sdcc_c
     000029B8  ___memcpy |    000029B8  _memcpy  
ASxxxx Linker V03.00 + NoICE + sdld,  page 23.
Hexadecimal  [32-Bits]

Area                       Addr        Size        Decimal Bytes (Attributes)
--------------------       ----        ----        ------- ----- ------------
_INITIALIZER           000029FB    000010D4 =        4308. bytes (REL,CON)

        Value  Global            Value  Global            Value  Global    
        -----  ------            -----  ------            -----  ------    
ASxxxx Linker V03.00 + NoICE + sdld,  page 24.
Hexadecimal  [32-Bits]

Area                       Addr        Size        Decimal Bytes (Attributes)
--------------------       ----        ----        ------- ----- ------------
_GSINIT                00003ACF    0000000C =          12. bytes (REL,CON)

        Value  Global            Value  Global            Value  Global    
        -----  ------            -----  ------            -----  ------    
     00003ACF  gsinit   
ASxxxx Linker V03.00 + NoICE + sdld,  page 25.
Hexadecimal  [32-Bits]

Area                       Addr        Size        Decimal Bytes (Attributes)
--------------------       ----        ----        ------- ----- ------------
_GSFINAL               00003ADB    00000001 =           1. bytes (REL,CON)

        Value  Global            Value  Global            Value  Global    
        -----  ------            -----  ------            -----  ------    
ASxxxx Linker V03.00 + NoICE + sdld,  page 26.
Hexadecimal  [32-Bits]

Area                       Addr        Size        Decimal Bytes (Attributes)
--------------------       ----        ----        ------- ----- ------------
_DATA                  0000C0A0    00000360 =         864. bytes (REL,CON)

        Value  Global            Value  Global            Value  Global    
        -----  ------            -----  ------            -----  ------    
     0000C0A0  __cpu     |    0000C0A1  __is_GBA  |    0000C0A2  .mode    
     0000C0A3  .sys_time |    0000C0A3  _sys_time |    0000C0A5  .int_0x40
     0000C0B9  _bkg      |    0000C0D9  _SPAWN    |    0000C0DA  _Gravity 
     0000C0DB  _JUMP     |    0000C0DC  _CROUCH   |    0000C0DD  _canCROUC
     0000C0DE  _DROP     |    0000C0DF  _x_Adjust |    0000C0E0  _LEFT    
     0000C0E1  _RIGHT    |    0000C0E2  _canCROUC |    0000C0E3  _canCROUC
     0000C0E4  _DROP_tim |    0000C0E5  _LR_Offse |    0000C0E6  _LR_Offse
     0000C0E7  _UD_Offse |    0000C0E8  _UD_Offse |    0000C0E9  _UD_Offse
     0000C0EA  _ONTO_Lad |    0000C0EB  _DOWN_LAD |    0000C0EC  _UP_LADDE
     0000C0ED  _OFF_LADD |    0000C0EE  _LADDER   |    0000C0EF  _ONTO_Lad
     0000C0F0  _DOWN_LAD |    0000C0F1  _DOWN_LAD |    0000C0F2  _UP_LADDE
     0000C0F3  _OFF_LADD |    0000C0F4  _LADDER_R |    0000C0F5  _ATTACH  
     0000C0F6  _x_Collid |    0000C0F7  _y_Collid |    0000C0F8  _current_
     0000C0F9  _joy      |    0000C0FA  _last_joy |    0000C0FB  _px      
     0000C0FC  _py       |    0000C0FD  _GAMEOVER |    0000C0FE  _current_
     0000C100  _dir      |    0000C101  _last_dir |    0000C102  _active_a
     0000C3FA  _total_ac |    0000C3FB  _hiwater  |    0000C3FC  .image_ti
     0000C3FD  ___curren |    0000C3FF  ___curren
ASxxxx Linker V03.00 + NoICE + sdld,  page 27.
Hexadecimal  [32-Bits]

Area                       Addr        Size        Decimal Bytes (Attributes)
--------------------       ----        ----        ------- ----- ------------
_INITIALIZED           0000C400    000010D4 =        4308. bytes (REL,CON)

        Value  Global            Value  Global            Value  Global    
        -----  ------            -----  ------            -----  ------    
     0000C400  _render_a |    0000C401  _cam1_ren |    0000C405  _cam2_ren
     0000C408  _cam3_ren |    0000C40B  _cam4_ren |    0000C40D  _cam1    
     0000C410  _cam2     |    0000C412  _cam3     |    0000C414  _cam4    
     0000C415  _shadow_s |    0000C416  _shadow_s |    0000C417  _RENDERCA
     0000C418  _animate_ |    0000C41A  _collide_ |    0000C41C  _load_sub
     0000C41E  _animatio |    0000C41F  _STAGE_DR |    0000CD1B  _STAGE_DR
     0000D423  _STAGE_DR |    0000D4D3  ___render
ASxxxx Linker V03.00 + NoICE + sdld,  page 28.
Hexadecimal  [32-Bits]

Area                       Addr        Size        Decimal Bytes (Attributes)
--------------------       ----        ----        ------- ----- ------------
_HRAM12                00000000    00000003 =           3. bytes (ABS,CON)

        Value  Global            Value  Global            Value  Global    
        -----  ------            -----  ------            -----  ------    
     0000FF90  __current |    0000FF92  __shadow_
ASxxxx Linker V03.00 + NoICE + sdld,  page 29.
Hexadecimal  [32-Bits]

Area                       Addr        Size        Decimal Bytes (Attributes)
--------------------       ----        ----        ------- ----- ------------
_CODE_1                00014000    0000283E =       10302. bytes (REL,CON)

        Value  Global            Value  Global            Value  Global    
        -----  ------            -----  ------            -----  ------    
     00014000  _check_LR |    00014332  _check_J  |    00014978  _check_UD
     00014F0F  _check_Dr |    00014FE1  _check_C  |    000150A6  _overlap 
     00015172  _check_LA |    000159B0  _ladder   |    000159BB  _anim_lev
     00016150  _level1_a |    0001632B  _level1   |    00016334  _npc_coll
     00016686  _init_sub |    0001679C  _NPC_elec |    0001681C  _NPC_elec
     00016828  _NPC_elec |    00016834  _NPC_elec |    00016838  _NPC_elec
ASxxxx Linker V03.00 + NoICE + sdld,  page 30.

Files Linked                              [ module(s) ]

C:\c_code\gbdk\lib/small/asxxxx/gb/crt0.o
                                          [ Runtime ]
C:\Users\User\AppData\Local\Temp/lcc157560.rel
                                          [ camera ]
C:\Users\User\AppData\Local\Temp/lcc157561.rel
                                          [ collisions ]
C:\Users\User\AppData\Local\Temp/lcc157562.rel
                                          [ ladder ]
C:\Users\User\AppData\Local\Temp/lcc157563.rel
                                          [ level1 ]
C:\Users\User\AppData\Local\Temp/lcc157564.rel
                                          [ main ]
C:\Users\User\AppData\Local\Temp/lcc157565.rel
                                          [ scene ]
C:\Users\User\AppData\Local\Temp/lcc157566.rel
                                          [ submap ]
C:\Users\User\AppData\Local\Temp/lcc157567.rel
                                          [ bullet ]
C:\Users\User\AppData\Local\Temp/lcc157568.rel
                                          [ detective_large ]
C:\Users\User\AppData\Local\Temp/lcc157569.rel
                                          [ elevator ]
C:\Users\User\AppData\Local\Temp/lcc1575610.rel
                                          [ NPC_electric ]
C:\Users\User\AppData\Local\Temp/lcc1575611.rel
                                          [ stage_drop_collision ]
C:\Users\User\AppData\Local\Temp/lcc1575612.rel
                                          [ stage_drop_map ]
C:\Users\User\AppData\Local\Temp/lcc1575613.rel
                                          [ stage_drop_tiles ]


Libraries Linked                          [ object file ]

C:\c_code\gbdk\lib/small/asxxxx/gb/gb.lib
                                          [ sfr.o ]
C:\c_code\gbdk\lib/small/asxxxx/gb/gb.lib
                                          [ metasprites_hide.o ]
C:\c_code\gbdk\lib/small/asxxxx/gbz80/gbz80.lib
                                          [ abs.o ]
C:\c_code\gbdk\lib/small/asxxxx/gb/gb.lib
                                          [ set_data.o ]
C:\c_code\gbdk\lib/small/asxxxx/gb/gb.lib
                                          [ set_tile_submap.o ]
C:\c_code\gbdk\lib/small/asxxxx/gb/gb.lib
                                          [ pad.o ]
C:\c_code\gbdk\lib/small/asxxxx/gb/gb.lib
                                          [ metasprites.o ]
C:\c_code\gbdk\lib/small/asxxxx/gbz80/gbz80.lib
                                          [ __sdcc_call_hl.o ]
C:\c_code\gbdk\lib/small/asxxxx/gbz80/gbz80.lib
                                          [ _memcpy.o ]
C:\c_code\gbdk\lib/small/asxxxx/gb/gb.lib
                                          [ metasprites_flip.o ]

ASxxxx Linker V03.00 + NoICE + sdld,  page 31.

User Base Address Definitions

_DATA=0xC0A0
_CODE=0x0200
ASxxxx Linker V03.00 + NoICE + sdld,  page 32.

User Global Definitions

_shadow_OAM=0xC000
.STACK=0xE000
.refresh_OAM=0xFF80

