ASxxxx Linker V03.00 + NoICE + sdld,  page 1.
Hexadecimal  [32-Bits]

Area                       Addr        Size        Decimal Bytes (Attributes)
--------------------       ----        ----        ------- ----- ------------
.  .ABS.               00000000    00000000 =           0. bytes (ABS,CON)

        Value  Global            Value  Global            Value  Global    
        -----  ------            -----  ------            -----  ------    
     00000000  .__.ABS.  |    00000000  _rRAMG    |    00000000  l__BASE  
     00000000  l__BSS    |    00000000  l__CABS   |    00000000  l__CODE_0
     00000000  l__CODE_2 |    00000000  l__DABS   |    00000000  l__HEADER
     00000000  l__HEAP   |    00000000  l__HRAM   |    00000000  l__LIT   
     00000000  s__CABS   |    00000000  s__DABS   |    00000000  s__HEADER
     00000000  s__HEADER |    00000000  s__HEADER |    00000000  s__HEADER
     00000000  s__HEADER |    00000000  s__HEADER |    00000000  s__HEADER
     00000000  s__HEADER |    00000000  s__HEADER |    00000000  s__HEADER
     00000000  s__HEADER |    00000000  s__HEADER |    00000000  s__HEADER
     00000000  s__HEADER |    00000000  s__HEADER |    00000000  s__HEADER
     00000000  s__HEADER |    00000000  s__HEADER |    00000000  s__HEADER
     00000000  s__HRAM   |    00000000  s__HRAM12 |    00000001  l__GSFINA
     00000001  l__HEADER |    00000001  l__HEADER |    00000001  l__HEADER
     00000001  l__HEADER |    00000001  l__HEADER |    00000001  l__HEADER
     00000001  l__HEADER |    00000002  l__HEADER |    00000002  l__HEADER
     00000002  l__HEADER |    00000003  l__HEADER |    00000003  l__HRAM12
     00000005  l__HEADER |    00000006  l__HEADER |    00000007  l__HEADER
     00000008  l__HEADER |    0000000C  l__GSINIT |    00000030  l__HEADER
     0000004F  l__HEADER |    00000082  l__HEADER |    00000200  s__CODE  
     0000025A  l__HOME   |    00000901  l__DATA   |    000010A1  l__INITIA
     000010A1  l__INITIA |    00001BFA  l__CODE   |    00001DFA  s__HOME  
     00002000  _rROMB0   |    00002054  s__BASE   |    00002054  s__CODE_0
     00002054  s__INITIA |    00002054  s__LIT    |    00002FF9  l__CODE_1
     00003000  _rROMB1   |    000030F5  s__GSINIT |    00003101  s__GSFINA
     00004000  _rRAMB    |    00008000  __VRAM    |    00008000  __VRAM800
     00008800  __VRAM880 |    00009000  __VRAM900 |    00009800  __SCRN0  
     00009C00  __SCRN1   |    0000A000  __SRAM    |    0000C000  __RAM    
     0000C000  _shadow_O |    0000C0A0  s__DATA   |    0000C9A1  s__BSS   
     0000C9A1  s__INITIA |    0000D000  __RAMBANK |    0000DA42  s__HEAP  
     0000E000  .STACK    |    0000FE00  __OAMRAM  |    0000FF00  _P1_REG  
     0000FF00  __IO      |    0000FF01  _SB_REG   |    0000FF02  _SC_REG  
     0000FF04  _DIV_REG  |    0000FF05  _TIMA_REG |    0000FF06  _TMA_REG 
     0000FF07  _TAC_REG  |    0000FF0F  _IF_REG   |    0000FF10  _NR10_REG
     0000FF11  _NR11_REG |    0000FF12  _NR12_REG |    0000FF13  _NR13_REG
     0000FF14  _NR14_REG |    0000FF16  _NR21_REG |    0000FF17  _NR22_REG
     0000FF18  _NR23_REG |    0000FF19  _NR24_REG |    0000FF1A  _NR30_REG
     0000FF1B  _NR31_REG |    0000FF1C  _NR32_REG |    0000FF1D  _NR33_REG
     0000FF1E  _NR34_REG |    0000FF20  _NR41_REG |    0000FF21  _NR42_REG
     0000FF22  _NR43_REG |    0000FF23  _NR44_REG |    0000FF24  _NR50_REG
     0000FF25  _NR51_REG |    0000FF26  _NR52_REG |    0000FF30  _PCM_SAMP
     0000FF30  __AUD3WAV |    0000FF40  _LCDC_REG |    0000FF41  _STAT_REG
     0000FF42  _SCY_REG  |    0000FF43  _SCX_REG  |    0000FF44  _LY_REG  
     0000FF45  _LYC_REG  |    0000FF46  _DMA_REG  |    0000FF47  _BGP_REG 
     0000FF48  _OBP0_REG |    0000FF49  _OBP1_REG |    0000FF4A  _WY_REG  
     0000FF4B  _WX_REG   |    0000FF4D  _KEY1_REG |    0000FF4F  _VBK_REG 
     0000FF51  _HDMA1_RE |    0000FF52  _HDMA2_RE |    0000FF53  _HDMA3_RE
     0000FF54  _HDMA4_RE |    0000FF55  _HDMA5_RE |    0000FF56  _RP_REG  
     0000FF68  _BCPS_REG |    0000FF69  _BCPD_REG |    0000FF6A  _OCPS_REG
     0000FF6B  _OCPD_REG |    0000FF70  _SVBK_REG |    0000FF76  _PCM12_RE
     0000FF77  _PCM34_RE |    0000FF80  .refresh_ |    0000FF80  __HRAM   
ASxxxx Linker V03.00 + NoICE + sdld,  page 2.
Hexadecimal  [32-Bits]

Area                       Addr        Size        Decimal Bytes (Attributes)
--------------------       ----        ----        ------- ----- ------------
.  .ABS.               00000000    00000000 =           0. bytes (ABS,CON)

        Value  Global            Value  Global            Value  Global    
        -----  ------            -----  ------            -----  ------    
     0000FFFF  _IE_REG   |    00014000  s__CODE_1 |    00FF4000  s__CODE_2
ASxxxx Linker V03.00 + NoICE + sdld,  page 3.
Hexadecimal  [32-Bits]

Area                       Addr        Size        Decimal Bytes (Attributes)
--------------------       ----        ----        ------- ----- ------------
_CODE                  00000200    00001BFA =        7162. bytes (REL,CON)

        Value  Global            Value  Global            Value  Global    
        -----  ------            -----  ------            -----  ------    
     00000200  _set_came |    00000500  _set_leve |    00000549  _render_c
     0000064F  _performa |    0000065C  _animate_ |    000007C6  _level2_a
     00000C1A  _level2   |    00000C23  _main     |    000013F4  _load_sce
     000016B0  _load_lev |    000016F9  _render_a |    00001AC4  _switch_d
     00001B08  _switch_j |    00001B86  _jump     |    00001C02  _switch_i
     00001C42  _switch_l |    00001C7D  _switch_c |    00001CB8  _gameover
     00001CEC  ___hide_m |    00001D0C  ___move_m |    00001D44  ___move_m
     00001D80  ___move_m |    00001DBC  ___move_m
ASxxxx Linker V03.00 + NoICE + sdld,  page 4.
Hexadecimal  [32-Bits]

Area                       Addr        Size        Decimal Bytes (Attributes)
--------------------       ----        ----        ------- ----- ------------
_HEADER0               00000000    00000001 =           1. bytes (ABS,CON)

        Value  Global            Value  Global            Value  Global    
        -----  ------            -----  ------            -----  ------    
     00000020  .call_hl 
ASxxxx Linker V03.00 + NoICE + sdld,  page 5.
Hexadecimal  [32-Bits]

Area                       Addr        Size        Decimal Bytes (Attributes)
--------------------       ----        ----        ------- ----- ------------
_HEADER1               00000000    00000005 =           5. bytes (ABS,CON)

        Value  Global            Value  Global            Value  Global    
        -----  ------            -----  ------            -----  ------    
     00000028  .MemsetSm
ASxxxx Linker V03.00 + NoICE + sdld,  page 6.
Hexadecimal  [32-Bits]

Area                       Addr        Size        Decimal Bytes (Attributes)
--------------------       ----        ----        ------- ----- ------------
_HEADER2               00000000    00000007 =           7. bytes (ABS,CON)

        Value  Global            Value  Global            Value  Global    
        -----  ------            -----  ------            -----  ------    
     00000030  .MemcpySm
ASxxxx Linker V03.00 + NoICE + sdld,  page 7.
Hexadecimal  [32-Bits]

Area                       Addr        Size        Decimal Bytes (Attributes)
--------------------       ----        ----        ------- ----- ------------
_HEADER3               00000000    00000008 =           8. bytes (ABS,CON)

        Value  Global            Value  Global            Value  Global    
        -----  ------            -----  ------            -----  ------    
ASxxxx Linker V03.00 + NoICE + sdld,  page 8.
Hexadecimal  [32-Bits]

Area                       Addr        Size        Decimal Bytes (Attributes)
--------------------       ----        ----        ------- ----- ------------
_HEADER4               00000000    0000004F =          79. bytes (ABS,CON)

        Value  Global            Value  Global            Value  Global    
        -----  ------            -----  ------            -----  ------    
     00000080  .int      |    0000008F  _wait_int |    0000009C  __standar
     000000AC  _refresh_
ASxxxx Linker V03.00 + NoICE + sdld,  page 9.
Hexadecimal  [32-Bits]

Area                       Addr        Size        Decimal Bytes (Attributes)
--------------------       ----        ----        ------- ----- ------------
_HEADER5               00000000    00000002 =           2. bytes (ABS,CON)

        Value  Global            Value  Global            Value  Global    
        -----  ------            -----  ------            -----  ------    
ASxxxx Linker V03.00 + NoICE + sdld,  page 10.
Hexadecimal  [32-Bits]

Area                       Addr        Size        Decimal Bytes (Attributes)
--------------------       ----        ----        ------- ----- ------------
_HEADER6               00000000    00000030 =          48. bytes (ABS,CON)

        Value  Global            Value  Global            Value  Global    
        -----  ------            -----  ------            -----  ------    
ASxxxx Linker V03.00 + NoICE + sdld,  page 11.
Hexadecimal  [32-Bits]

Area                       Addr        Size        Decimal Bytes (Attributes)
--------------------       ----        ----        ------- ----- ------------
_HEADER7               00000000    00000006 =           6. bytes (ABS,CON)

        Value  Global            Value  Global            Value  Global    
        -----  ------            -----  ------            -----  ------    
ASxxxx Linker V03.00 + NoICE + sdld,  page 12.
Hexadecimal  [32-Bits]

Area                       Addr        Size        Decimal Bytes (Attributes)
--------------------       ----        ----        ------- ----- ------------
_HEADER8               00000000    00000003 =           3. bytes (ABS,CON)

        Value  Global            Value  Global            Value  Global    
        -----  ------            -----  ------            -----  ------    
ASxxxx Linker V03.00 + NoICE + sdld,  page 13.
Hexadecimal  [32-Bits]

Area                       Addr        Size        Decimal Bytes (Attributes)
--------------------       ----        ----        ------- ----- ------------
_HEADER9               00000000    00000001 =           1. bytes (ABS,CON)

        Value  Global            Value  Global            Value  Global    
        -----  ------            -----  ------            -----  ------    
ASxxxx Linker V03.00 + NoICE + sdld,  page 14.
Hexadecimal  [32-Bits]

Area                       Addr        Size        Decimal Bytes (Attributes)
--------------------       ----        ----        ------- ----- ------------
_HEADERa               00000000    00000001 =           1. bytes (ABS,CON)

        Value  Global            Value  Global            Value  Global    
        -----  ------            -----  ------            -----  ------    
ASxxxx Linker V03.00 + NoICE + sdld,  page 15.
Hexadecimal  [32-Bits]

Area                       Addr        Size        Decimal Bytes (Attributes)
--------------------       ----        ----        ------- ----- ------------
_HEADERb               00000000    00000001 =           1. bytes (ABS,CON)

        Value  Global            Value  Global            Value  Global    
        -----  ------            -----  ------            -----  ------    
ASxxxx Linker V03.00 + NoICE + sdld,  page 16.
Hexadecimal  [32-Bits]

Area                       Addr        Size        Decimal Bytes (Attributes)
--------------------       ----        ----        ------- ----- ------------
_HEADERc               00000000    00000002 =           2. bytes (ABS,CON)

        Value  Global            Value  Global            Value  Global    
        -----  ------            -----  ------            -----  ------    
ASxxxx Linker V03.00 + NoICE + sdld,  page 17.
Hexadecimal  [32-Bits]

Area                       Addr        Size        Decimal Bytes (Attributes)
--------------------       ----        ----        ------- ----- ------------
_HEADERd               00000000    00000001 =           1. bytes (ABS,CON)

        Value  Global            Value  Global            Value  Global    
        -----  ------            -----  ------            -----  ------    
ASxxxx Linker V03.00 + NoICE + sdld,  page 18.
Hexadecimal  [32-Bits]

Area                       Addr        Size        Decimal Bytes (Attributes)
--------------------       ----        ----        ------- ----- ------------
_HEADERe               00000000    00000001 =           1. bytes (ABS,CON)

        Value  Global            Value  Global            Value  Global    
        -----  ------            -----  ------            -----  ------    
ASxxxx Linker V03.00 + NoICE + sdld,  page 19.
Hexadecimal  [32-Bits]

Area                       Addr        Size        Decimal Bytes (Attributes)
--------------------       ----        ----        ------- ----- ------------
_HEADERf               00000000    00000002 =           2. bytes (ABS,CON)

        Value  Global            Value  Global            Value  Global    
        -----  ------            -----  ------            -----  ------    
ASxxxx Linker V03.00 + NoICE + sdld,  page 20.
Hexadecimal  [32-Bits]

Area                       Addr        Size        Decimal Bytes (Attributes)
--------------------       ----        ----        ------- ----- ------------
_HEADER10              00000000    00000082 =         130. bytes (ABS,CON)

        Value  Global            Value  Global            Value  Global    
        -----  ------            -----  ------            -----  ------    
     00000150  .reset    |    00000150  _reset    |    00000157  .code_sta
     000001B7  _exit     |    000001BB  _set_inte
ASxxxx Linker V03.00 + NoICE + sdld,  page 21.
Hexadecimal  [32-Bits]

Area                       Addr        Size        Decimal Bytes (Attributes)
--------------------       ----        ----        ------- ----- ------------
_HEADER11              00000000    00000001 =           1. bytes (ABS,CON)

        Value  Global            Value  Global            Value  Global    
        -----  ------            -----  ------            -----  ------    
ASxxxx Linker V03.00 + NoICE + sdld,  page 22.
Hexadecimal  [32-Bits]

Area                       Addr        Size        Decimal Bytes (Attributes)
--------------------       ----        ----        ------- ----- ------------
_HOME                  00001DFA    0000025A =         602. bytes (REL,CON)

        Value  Global            Value  Global            Value  Global    
        -----  ------            -----  ------            -----  ------    
     00001DFA  .memset_s |    00001E03  .memcpy_s |    00001E20  .remove_V
     00001E23  .remove_i |    00001E40  .add_VBL  |    00001E43  .add_int 
     00001E4E  .wait_vbl |    00001E4E  _wait_vbl |    00001E5E  .display_
     00001E5E  _display_ |    00001E76  _remove_V |    00001E81  _add_VBL 
     00001E8C  _set_bkg_ |    00001EB1  _set_bkg_ |    00001EE0  _abs     
     00001EEF  _set_tile |    00001EF4  _set_bkg_ |    00001EF4  _set_win_
     00001EFC  _set_spri |    00001F2C  _set_bkg_ |    00001F70  .set_xy_w
     00001F79  .set_xy_b |    00001F88  .set_xy_s |    00001FCE  .padup   
     00001FCE  _waitpadu |    00001FDE  .jpad     |    00001FDE  _joypad  
     00002006  _waitpad  |    00002009  .wait_pad |    00002010  ___sdcc_c
     00002011  ___memcpy |    00002011  _memcpy  
ASxxxx Linker V03.00 + NoICE + sdld,  page 23.
Hexadecimal  [32-Bits]

Area                       Addr        Size        Decimal Bytes (Attributes)
--------------------       ----        ----        ------- ----- ------------
_INITIALIZER           00002054    000010A1 =        4257. bytes (REL,CON)

        Value  Global            Value  Global            Value  Global    
        -----  ------            -----  ------            -----  ------    
ASxxxx Linker V03.00 + NoICE + sdld,  page 24.
Hexadecimal  [32-Bits]

Area                       Addr        Size        Decimal Bytes (Attributes)
--------------------       ----        ----        ------- ----- ------------
_GSINIT                000030F5    0000000C =          12. bytes (REL,CON)

        Value  Global            Value  Global            Value  Global    
        -----  ------            -----  ------            -----  ------    
     000030F5  gsinit   
ASxxxx Linker V03.00 + NoICE + sdld,  page 25.
Hexadecimal  [32-Bits]

Area                       Addr        Size        Decimal Bytes (Attributes)
--------------------       ----        ----        ------- ----- ------------
_GSFINAL               00003101    00000001 =           1. bytes (REL,CON)

        Value  Global            Value  Global            Value  Global    
        -----  ------            -----  ------            -----  ------    
ASxxxx Linker V03.00 + NoICE + sdld,  page 26.
Hexadecimal  [32-Bits]

Area                       Addr        Size        Decimal Bytes (Attributes)
--------------------       ----        ----        ------- ----- ------------
_DATA                  0000C0A0    00000901 =        2305. bytes (REL,CON)

        Value  Global            Value  Global            Value  Global    
        -----  ------            -----  ------            -----  ------    
     0000C0A0  __cpu     |    0000C0A1  __is_GBA  |    0000C0A2  .mode    
     0000C0A3  .sys_time |    0000C0A3  _sys_time |    0000C0A5  .int_0x40
     0000C0B9  _bkg      |    0000C0D9  _Spawn    |    0000C0DA  _Ladder  
     0000C0DB  _Ladder_R |    0000C0DC  _Gravity  |    0000C0DD  _Jump    
     0000C0DE  _Crouch   |    0000C0DF  _canCrouc |    0000C0E0  _Drop    
     0000C0E1  _x_Adjust |    0000C0E2  _Launch   |    0000C0E3  _Shooting
     0000C0E4  _canCrouc |    0000C0E5  _canCrouc |    0000C0E6  _Drop_tim
     0000C0E7  _Attach   |    0000C0E8  _x_Collid |    0000C0E9  _y_Collid
     0000C0EA  _current_ |    0000C0EB  _joy      |    0000C0EC  _last_joy
     0000C0ED  _px       |    0000C0EE  _py       |    0000C0EF  _GAMEOVER
     0000C0F0  _current_ |    0000C0F2  _dir      |    0000C0F3  _last_dir
     0000C0F4  _active_a |    0000C99C  _total_ac |    0000C99D  .image_ti
     0000C99E  ___curren |    0000C9A0  ___curren
ASxxxx Linker V03.00 + NoICE + sdld,  page 27.
Hexadecimal  [32-Bits]

Area                       Addr        Size        Decimal Bytes (Attributes)
--------------------       ----        ----        ------- ----- ------------
_INITIALIZED           0000C9A1    000010A1 =        4257. bytes (REL,CON)

        Value  Global            Value  Global            Value  Global    
        -----  ------            -----  ------            -----  ------    
     0000C9A1  _cam1     |    0000C9A4  _cam2     |    0000C9A7  _cam3    
     0000C9A9  _cam4     |    0000C9AA  _animate_ |    0000C9AC  _collide_
     0000C9AE  _load_sub |    0000C9B0  _animatio |    0000C9B1  _BRICK_WI
     0000D0B9  _BRICK_WI |    0000D0F9  _COLLISIO |    0000D991  _STAGE_DR
     0000DA41  ___render
ASxxxx Linker V03.00 + NoICE + sdld,  page 28.
Hexadecimal  [32-Bits]

Area                       Addr        Size        Decimal Bytes (Attributes)
--------------------       ----        ----        ------- ----- ------------
_HRAM12                00000000    00000003 =           3. bytes (ABS,CON)

        Value  Global            Value  Global            Value  Global    
        -----  ------            -----  ------            -----  ------    
     0000FF90  __current |    0000FF92  __shadow_
ASxxxx Linker V03.00 + NoICE + sdld,  page 29.
Hexadecimal  [32-Bits]

Area                       Addr        Size        Decimal Bytes (Attributes)
--------------------       ----        ----        ------- ----- ------------
_CODE_1                00014000    00002FF9 =       12281. bytes (REL,CON)

        Value  Global            Value  Global            Value  Global    
        -----  ------            -----  ------            -----  ------    
     00014000  _check_LR |    000144E4  _check_UD |    00014AC3  _check_J 
     00014F9E  _check_Dr |    00015070  _check_C  |    00015135  _overlap 
     00015201  _anim_lev |    000157AE  _level1_a |    00015E2C  _level1  
     00015E35  _npc_coll |    00016187  _init_sub |    0001629B  _detectiv
     00016BFB  _detectiv |    00016C13  _detectiv |    00016C2B  _detectiv
     00016C47  _detectiv |    00016C5F  _detectiv |    00016C7B  _detectiv
     00016C97  _detectiv |    00016CB3  _detectiv |    00016CCF  _detectiv
     00016CEB  _detectiv |    00016D07  _detectiv |    00016D23  _detectiv
     00016D3F  _detectiv |    00016D5B  _detectiv |    00016D77  _detectiv
     00016D93  _detectiv |    00016DAB  _detectiv |    00016DCB  _detectiv
     00016DDD  _detectiv |    00016DE1  _detectiv |    00016DEB  _detectiv
     00016DF5  _detectiv |    00016DFB  _detectiv |    00016DFF  _detectiv
     00016E07  _enemy_ar |    00016EC7  _enemy_ar |    00016ED3  _enemy_ar
     00016EDF  _enemy_ar |    00016EEB  _enemy_ar |    00016EEF  _enemy_ar
     00016EF5  _NPC_elec |    00016F75  _NPC_elec |    00016F81  _NPC_elec
     00016F8D  _NPC_elec |    00016F91  _NPC_elec |    00016F97  _vertical
     00016FD7  _vertical |    00016FF3  _vertical |    00016FF5  _elevator
ASxxxx Linker V03.00 + NoICE + sdld,  page 30.

Files Linked                              [ module(s) ]

C:\c_code\gbdk\lib/small/asxxxx/gb/crt0.o
                                          [ Runtime ]
C:\Users\EMART~1\AppData\Local\Temp/lcc136960.rel
                                          [ camera ]
C:\Users\EMART~1\AppData\Local\Temp/lcc136961.rel
                                          [ collisions ]
C:\Users\EMART~1\AppData\Local\Temp/lcc136962.rel
                                          [ level1 ]
C:\Users\EMART~1\AppData\Local\Temp/lcc136963.rel
                                          [ level2 ]
C:\Users\EMART~1\AppData\Local\Temp/lcc136964.rel
                                          [ main ]
C:\Users\EMART~1\AppData\Local\Temp/lcc136965.rel
                                          [ scene ]
C:\Users\EMART~1\AppData\Local\Temp/lcc136966.rel
                                          [ submap ]
C:\Users\EMART~1\AppData\Local\Temp/lcc136967.rel
                                          [ brick_wide_map ]
C:\Users\EMART~1\AppData\Local\Temp/lcc136968.rel
                                          [ brick_wide_tiles ]
C:\Users\EMART~1\AppData\Local\Temp/lcc136969.rel
                                          [ collision_wide_map ]
C:\Users\EMART~1\AppData\Local\Temp/lcc1369610.rel
                                          [ detective_large ]
C:\Users\EMART~1\AppData\Local\Temp/lcc1369611.rel
                                          [ enemy_arrow ]
C:\Users\EMART~1\AppData\Local\Temp/lcc1369612.rel
                                          [ NPC_electric ]
C:\Users\EMART~1\AppData\Local\Temp/lcc1369613.rel
                                          [ stage_drop_tiles ]
C:\Users\EMART~1\AppData\Local\Temp/lcc1369614.rel
                                          [ vertical_platform_V1 ]


Libraries Linked                          [ object file ]

C:\c_code\gbdk\lib/small/asxxxx/gb/gb.lib
                                          [ sfr.o ]
C:\c_code\gbdk\lib/small/asxxxx/gb/gb.lib
                                          [ metasprites_hide.o ]
C:\c_code\gbdk\lib/small/asxxxx/gbz80/gbz80.lib
                                          [ abs.o ]
C:\c_code\gbdk\lib/small/asxxxx/gb/gb.lib
                                          [ set_data.o ]
C:\c_code\gbdk\lib/small/asxxxx/gb/gb.lib
                                          [ set_tile_submap.o ]
C:\c_code\gbdk\lib/small/asxxxx/gb/gb.lib
                                          [ pad.o ]
C:\c_code\gbdk\lib/small/asxxxx/gb/gb.lib
                                          [ metasprites.o ]
C:\c_code\gbdk\lib/small/asxxxx/gbz80/gbz80.lib
                                          [ __sdcc_call_hl.o ]
C:\c_code\gbdk\lib/small/asxxxx/gbz80/gbz80.lib
                                          [ _memcpy.o ]
C:\c_code\gbdk\lib/small/asxxxx/gb/gb.lib
                                          [ metasprites_flip.o ]

ASxxxx Linker V03.00 + NoICE + sdld,  page 31.

User Base Address Definitions

_DATA=0xC0A0
_CODE=0x0200
ASxxxx Linker V03.00 + NoICE + sdld,  page 32.

User Global Definitions

_shadow_OAM=0xC000
.STACK=0xE000
.refresh_OAM=0xFF80

