ASxxxx Linker V03.00 + NoICE + sdld,  page 1.
Hexadecimal  [32-Bits]

Area                       Addr        Size        Decimal Bytes (Attributes)
--------------------       ----        ----        ------- ----- ------------
.  .ABS.               00000000    00000000 =           0. bytes (ABS,CON)

        Value  Global            Value  Global            Value  Global    
        -----  ------            -----  ------            -----  ------    
     00000000  .__.ABS.  |    00000000  _rRAMG    |    00000000  l__BASE  
     00000000  l__BSS    |    00000000  l__CABS   |    00000000  l__CODE_0
     00000000  l__CODE_2 |    00000000  l__DABS   |    00000000  l__HEADER
     00000000  l__HEAP   |    00000000  l__HRAM   |    00000000  l__LIT   
     00000000  s__CABS   |    00000000  s__DABS   |    00000000  s__HEADER
     00000000  s__HEADER |    00000000  s__HEADER |    00000000  s__HEADER
     00000000  s__HEADER |    00000000  s__HEADER |    00000000  s__HEADER
     00000000  s__HEADER |    00000000  s__HEADER |    00000000  s__HEADER
     00000000  s__HEADER |    00000000  s__HEADER |    00000000  s__HEADER
     00000000  s__HEADER |    00000000  s__HEADER |    00000000  s__HEADER
     00000000  s__HEADER |    00000000  s__HEADER |    00000000  s__HEADER
     00000000  s__HRAM   |    00000000  s__HRAM12 |    00000001  l__GSFINA
     00000001  l__HEADER |    00000001  l__HEADER |    00000001  l__HEADER
     00000001  l__HEADER |    00000001  l__HEADER |    00000001  l__HEADER
     00000001  l__HEADER |    00000002  l__HEADER |    00000002  l__HEADER
     00000002  l__HEADER |    00000003  l__HEADER |    00000003  l__HRAM12
     00000005  l__HEADER |    00000006  l__HEADER |    00000007  l__HEADER
     00000008  l__HEADER |    0000000C  l__GSINIT |    00000030  l__HEADER
     0000004F  l__HEADER |    00000082  l__HEADER |    000000FF  ___bank_B
     00000200  s__CODE   |    00000219  l__DATA   |    0000025A  l__HOME  
     00000E48  l__INITIA |    00000E48  l__INITIA |    00002000  _rROMB0  
     00003000  _rROMB1   |    000033C5  l__CODE   |    000035C5  s__HOME  
     0000381F  s__BASE   |    0000381F  s__CODE_0 |    0000381F  s__INITIA
     0000381F  s__LIT    |    00004000  _rRAMB    |    00004667  s__GSINIT
     00004673  s__GSFINA |    00008000  __VRAM    |    00008000  __VRAM800
     00008800  __VRAM880 |    00009000  __VRAM900 |    00009800  __SCRN0  
     00009C00  __SCRN1   |    0000A000  __SRAM    |    0000C000  __RAM    
     0000C000  _shadow_O |    0000C0A0  s__DATA   |    0000C2B9  s__BSS   
     0000C2B9  s__INITIA |    0000D000  __RAMBANK |    0000D101  s__HEAP  
     0000E000  .STACK    |    0000FE00  __OAMRAM  |    0000FF00  _P1_REG  
     0000FF00  __IO      |    0000FF01  _SB_REG   |    0000FF02  _SC_REG  
     0000FF04  _DIV_REG  |    0000FF05  _TIMA_REG |    0000FF06  _TMA_REG 
     0000FF07  _TAC_REG  |    0000FF0F  _IF_REG   |    0000FF10  _NR10_REG
     0000FF11  _NR11_REG |    0000FF12  _NR12_REG |    0000FF13  _NR13_REG
     0000FF14  _NR14_REG |    0000FF16  _NR21_REG |    0000FF17  _NR22_REG
     0000FF18  _NR23_REG |    0000FF19  _NR24_REG |    0000FF1A  _NR30_REG
     0000FF1B  _NR31_REG |    0000FF1C  _NR32_REG |    0000FF1D  _NR33_REG
     0000FF1E  _NR34_REG |    0000FF20  _NR41_REG |    0000FF21  _NR42_REG
     0000FF22  _NR43_REG |    0000FF23  _NR44_REG |    0000FF24  _NR50_REG
     0000FF25  _NR51_REG |    0000FF26  _NR52_REG |    0000FF30  _PCM_SAMP
     0000FF30  __AUD3WAV |    0000FF40  _LCDC_REG |    0000FF41  _STAT_REG
     0000FF42  _SCY_REG  |    0000FF43  _SCX_REG  |    0000FF44  _LY_REG  
     0000FF45  _LYC_REG  |    0000FF46  _DMA_REG  |    0000FF47  _BGP_REG 
     0000FF48  _OBP0_REG |    0000FF49  _OBP1_REG |    0000FF4A  _WY_REG  
     0000FF4B  _WX_REG   |    0000FF4D  _KEY1_REG |    0000FF4F  _VBK_REG 
     0000FF51  _HDMA1_RE |    0000FF52  _HDMA2_RE |    0000FF53  _HDMA3_RE
     0000FF54  _HDMA4_RE |    0000FF55  _HDMA5_RE |    0000FF56  _RP_REG  
     0000FF68  _BCPS_REG |    0000FF69  _BCPD_REG |    0000FF6A  _OCPS_REG
     0000FF6B  _OCPD_REG |    0000FF70  _SVBK_REG |    0000FF76  _PCM12_RE
     0000FF77  _PCM34_RE |    0000FF80  .refresh_ |    0000FF80  __HRAM   
ASxxxx Linker V03.00 + NoICE + sdld,  page 2.
Hexadecimal  [32-Bits]

Area                       Addr        Size        Decimal Bytes (Attributes)
--------------------       ----        ----        ------- ----- ------------
.  .ABS.               00000000    00000000 =           0. bytes (ABS,CON)

        Value  Global            Value  Global            Value  Global    
        -----  ------            -----  ------            -----  ------    
     0000FFFF  _IE_REG   |    00FF4000  s__CODE_2
ASxxxx Linker V03.00 + NoICE + sdld,  page 3.
Hexadecimal  [32-Bits]

Area                       Addr        Size        Decimal Bytes (Attributes)
--------------------       ----        ----        ------- ----- ------------
_CODE                  00000200    000033C5 =       13253. bytes (REL,CON)

        Value  Global            Value  Global            Value  Global    
        -----  ------            -----  ------            -----  ------    
     00000200  _render_l |    00000548  _level1_a |    0000066A  _level1  
     0000066F  _animate_ |    000007D9  _level2_a |    000008C1  _level2  
     000008C6  _set_came |    00000BC6  _set_leve |    00000C0F  _performa
     00000C1C  _check_LR |    00000EC4  _blankmap |    00000EC6  _check_UD
     00001052  _check_J  |    00001262  _check_C  |    0000141E  _overlap 
     000014EA  _main     |    00001D96  _load_sce |    00002051  _load_lev
     0000208C  _render_a |    0000237A  _switch_d |    0000244B  _switch_j
     0000251C  _switch_i |    00002780  _switch_i |    000027BB  _switch_c
     000027F6  _init_sub |    0000290B  _detectiv |    0000314B  _detectiv
     00003167  _detectiv |    0000317F  _detectiv |    00003197  _detectiv
     000031B3  _detectiv |    000031CB  _detectiv |    000031E7  _detectiv
     00003203  _detectiv |    0000321F  _detectiv |    0000323B  _detectiv
     00003257  _detectiv |    00003273  _detectiv |    0000328B  _detectiv
     000032A7  _detectiv |    000032C3  _detectiv |    000032DF  _detectiv
     000032F7  _detectiv |    00003313  _detectiv |    00003335  _detectiv
     00003347  _detectiv |    0000334B  _detectiv |    00003355  _detectiv
     00003363  _detectiv |    00003367  _enemy_ar |    00003427  _enemy_ar
     00003433  _enemy_ar |    0000343F  _enemy_ar |    0000344B  _enemy_ar
     0000344F  _enemy_ar |    00003455  _vertical |    00003495  _vertical
     000034B1  _vertical |    000034B3  _elevator |    000034B7  ___hide_m
     000034D7  ___move_m |    0000350F  ___move_m |    0000354B  ___move_m
     00003587  ___move_m
ASxxxx Linker V03.00 + NoICE + sdld,  page 4.
Hexadecimal  [32-Bits]

Area                       Addr        Size        Decimal Bytes (Attributes)
--------------------       ----        ----        ------- ----- ------------
_HEADER0               00000000    00000001 =           1. bytes (ABS,CON)

        Value  Global            Value  Global            Value  Global    
        -----  ------            -----  ------            -----  ------    
     00000020  .call_hl 
ASxxxx Linker V03.00 + NoICE + sdld,  page 5.
Hexadecimal  [32-Bits]

Area                       Addr        Size        Decimal Bytes (Attributes)
--------------------       ----        ----        ------- ----- ------------
_HEADER1               00000000    00000005 =           5. bytes (ABS,CON)

        Value  Global            Value  Global            Value  Global    
        -----  ------            -----  ------            -----  ------    
     00000028  .MemsetSm
ASxxxx Linker V03.00 + NoICE + sdld,  page 6.
Hexadecimal  [32-Bits]

Area                       Addr        Size        Decimal Bytes (Attributes)
--------------------       ----        ----        ------- ----- ------------
_HEADER2               00000000    00000007 =           7. bytes (ABS,CON)

        Value  Global            Value  Global            Value  Global    
        -----  ------            -----  ------            -----  ------    
     00000030  .MemcpySm
ASxxxx Linker V03.00 + NoICE + sdld,  page 7.
Hexadecimal  [32-Bits]

Area                       Addr        Size        Decimal Bytes (Attributes)
--------------------       ----        ----        ------- ----- ------------
_HEADER3               00000000    00000008 =           8. bytes (ABS,CON)

        Value  Global            Value  Global            Value  Global    
        -----  ------            -----  ------            -----  ------    
ASxxxx Linker V03.00 + NoICE + sdld,  page 8.
Hexadecimal  [32-Bits]

Area                       Addr        Size        Decimal Bytes (Attributes)
--------------------       ----        ----        ------- ----- ------------
_HEADER4               00000000    0000004F =          79. bytes (ABS,CON)

        Value  Global            Value  Global            Value  Global    
        -----  ------            -----  ------            -----  ------    
     00000080  .int      |    0000008F  _wait_int |    0000009C  __standar
     000000AC  _refresh_
ASxxxx Linker V03.00 + NoICE + sdld,  page 9.
Hexadecimal  [32-Bits]

Area                       Addr        Size        Decimal Bytes (Attributes)
--------------------       ----        ----        ------- ----- ------------
_HEADER5               00000000    00000002 =           2. bytes (ABS,CON)

        Value  Global            Value  Global            Value  Global    
        -----  ------            -----  ------            -----  ------    
ASxxxx Linker V03.00 + NoICE + sdld,  page 10.
Hexadecimal  [32-Bits]

Area                       Addr        Size        Decimal Bytes (Attributes)
--------------------       ----        ----        ------- ----- ------------
_HEADER6               00000000    00000030 =          48. bytes (ABS,CON)

        Value  Global            Value  Global            Value  Global    
        -----  ------            -----  ------            -----  ------    
ASxxxx Linker V03.00 + NoICE + sdld,  page 11.
Hexadecimal  [32-Bits]

Area                       Addr        Size        Decimal Bytes (Attributes)
--------------------       ----        ----        ------- ----- ------------
_HEADER7               00000000    00000006 =           6. bytes (ABS,CON)

        Value  Global            Value  Global            Value  Global    
        -----  ------            -----  ------            -----  ------    
ASxxxx Linker V03.00 + NoICE + sdld,  page 12.
Hexadecimal  [32-Bits]

Area                       Addr        Size        Decimal Bytes (Attributes)
--------------------       ----        ----        ------- ----- ------------
_HEADER8               00000000    00000003 =           3. bytes (ABS,CON)

        Value  Global            Value  Global            Value  Global    
        -----  ------            -----  ------            -----  ------    
ASxxxx Linker V03.00 + NoICE + sdld,  page 13.
Hexadecimal  [32-Bits]

Area                       Addr        Size        Decimal Bytes (Attributes)
--------------------       ----        ----        ------- ----- ------------
_HEADER9               00000000    00000001 =           1. bytes (ABS,CON)

        Value  Global            Value  Global            Value  Global    
        -----  ------            -----  ------            -----  ------    
ASxxxx Linker V03.00 + NoICE + sdld,  page 14.
Hexadecimal  [32-Bits]

Area                       Addr        Size        Decimal Bytes (Attributes)
--------------------       ----        ----        ------- ----- ------------
_HEADERa               00000000    00000001 =           1. bytes (ABS,CON)

        Value  Global            Value  Global            Value  Global    
        -----  ------            -----  ------            -----  ------    
ASxxxx Linker V03.00 + NoICE + sdld,  page 15.
Hexadecimal  [32-Bits]

Area                       Addr        Size        Decimal Bytes (Attributes)
--------------------       ----        ----        ------- ----- ------------
_HEADERb               00000000    00000001 =           1. bytes (ABS,CON)

        Value  Global            Value  Global            Value  Global    
        -----  ------            -----  ------            -----  ------    
ASxxxx Linker V03.00 + NoICE + sdld,  page 16.
Hexadecimal  [32-Bits]

Area                       Addr        Size        Decimal Bytes (Attributes)
--------------------       ----        ----        ------- ----- ------------
_HEADERc               00000000    00000002 =           2. bytes (ABS,CON)

        Value  Global            Value  Global            Value  Global    
        -----  ------            -----  ------            -----  ------    
ASxxxx Linker V03.00 + NoICE + sdld,  page 17.
Hexadecimal  [32-Bits]

Area                       Addr        Size        Decimal Bytes (Attributes)
--------------------       ----        ----        ------- ----- ------------
_HEADERd               00000000    00000001 =           1. bytes (ABS,CON)

        Value  Global            Value  Global            Value  Global    
        -----  ------            -----  ------            -----  ------    
ASxxxx Linker V03.00 + NoICE + sdld,  page 18.
Hexadecimal  [32-Bits]

Area                       Addr        Size        Decimal Bytes (Attributes)
--------------------       ----        ----        ------- ----- ------------
_HEADERe               00000000    00000001 =           1. bytes (ABS,CON)

        Value  Global            Value  Global            Value  Global    
        -----  ------            -----  ------            -----  ------    
ASxxxx Linker V03.00 + NoICE + sdld,  page 19.
Hexadecimal  [32-Bits]

Area                       Addr        Size        Decimal Bytes (Attributes)
--------------------       ----        ----        ------- ----- ------------
_HEADERf               00000000    00000002 =           2. bytes (ABS,CON)

        Value  Global            Value  Global            Value  Global    
        -----  ------            -----  ------            -----  ------    
ASxxxx Linker V03.00 + NoICE + sdld,  page 20.
Hexadecimal  [32-Bits]

Area                       Addr        Size        Decimal Bytes (Attributes)
--------------------       ----        ----        ------- ----- ------------
_HEADER10              00000000    00000082 =         130. bytes (ABS,CON)

        Value  Global            Value  Global            Value  Global    
        -----  ------            -----  ------            -----  ------    
     00000150  .reset    |    00000150  _reset    |    00000157  .code_sta
     000001B7  _exit     |    000001BB  _set_inte
ASxxxx Linker V03.00 + NoICE + sdld,  page 21.
Hexadecimal  [32-Bits]

Area                       Addr        Size        Decimal Bytes (Attributes)
--------------------       ----        ----        ------- ----- ------------
_HEADER11              00000000    00000001 =           1. bytes (ABS,CON)

        Value  Global            Value  Global            Value  Global    
        -----  ------            -----  ------            -----  ------    
ASxxxx Linker V03.00 + NoICE + sdld,  page 22.
Hexadecimal  [32-Bits]

Area                       Addr        Size        Decimal Bytes (Attributes)
--------------------       ----        ----        ------- ----- ------------
_HOME                  000035C5    0000025A =         602. bytes (REL,CON)

        Value  Global            Value  Global            Value  Global    
        -----  ------            -----  ------            -----  ------    
     000035C5  .memset_s |    000035CE  .memcpy_s |    000035EB  .remove_V
     000035EE  .remove_i |    0000360B  .add_VBL  |    0000360E  .add_int 
     00003619  .wait_vbl |    00003619  _wait_vbl |    00003629  .display_
     00003629  _display_ |    00003641  _remove_V |    0000364C  _add_VBL 
     00003657  _set_bkg_ |    0000367C  _set_bkg_ |    000036AB  _abs     
     000036BA  _set_tile |    000036BF  _set_bkg_ |    000036BF  _set_win_
     000036C7  _set_spri |    000036F7  _set_bkg_ |    0000373B  .set_xy_w
     00003744  .set_xy_b |    00003753  .set_xy_s |    00003799  .padup   
     00003799  _waitpadu |    000037A9  .jpad     |    000037A9  _joypad  
     000037D1  _waitpad  |    000037D4  .wait_pad |    000037DB  ___sdcc_c
     000037DC  ___memcpy |    000037DC  _memcpy  
ASxxxx Linker V03.00 + NoICE + sdld,  page 23.
Hexadecimal  [32-Bits]

Area                       Addr        Size        Decimal Bytes (Attributes)
--------------------       ----        ----        ------- ----- ------------
_INITIALIZER           0000381F    00000E48 =        3656. bytes (REL,CON)

        Value  Global            Value  Global            Value  Global    
        -----  ------            -----  ------            -----  ------    
ASxxxx Linker V03.00 + NoICE + sdld,  page 24.
Hexadecimal  [32-Bits]

Area                       Addr        Size        Decimal Bytes (Attributes)
--------------------       ----        ----        ------- ----- ------------
_GSINIT                00004667    0000000C =          12. bytes (REL,CON)

        Value  Global            Value  Global            Value  Global    
        -----  ------            -----  ------            -----  ------    
     00004667  gsinit   
ASxxxx Linker V03.00 + NoICE + sdld,  page 25.
Hexadecimal  [32-Bits]

Area                       Addr        Size        Decimal Bytes (Attributes)
--------------------       ----        ----        ------- ----- ------------
_GSFINAL               00004673    00000001 =           1. bytes (REL,CON)

        Value  Global            Value  Global            Value  Global    
        -----  ------            -----  ------            -----  ------    
ASxxxx Linker V03.00 + NoICE + sdld,  page 26.
Hexadecimal  [32-Bits]

Area                       Addr        Size        Decimal Bytes (Attributes)
--------------------       ----        ----        ------- ----- ------------
_DATA                  0000C0A0    00000219 =         537. bytes (REL,CON)

        Value  Global            Value  Global            Value  Global    
        -----  ------            -----  ------            -----  ------    
     0000C0A0  __cpu     |    0000C0A1  __is_GBA  |    0000C0A2  .mode    
     0000C0A3  .sys_time |    0000C0A3  _sys_time |    0000C0A5  .int_0x40
     0000C0B9  _bkg      |    0000C0D9  _joy      |    0000C0DA  _last_joy
     0000C0DB  _floorYpo |    0000C0DC  _Spawn    |    0000C0DD  _Jump    
     0000C0DE  _Crouch   |    0000C0DF  _canCrouc |    0000C0E0  _Launch  
     0000C0E1  _Shooting |    0000C0E2  _canCrouc |    0000C0E3  _canCrouc
     0000C0E4  _active_a |    0000C2B4  _active_a |    0000C2B5  .image_ti
     0000C2B6  ___curren |    0000C2B8  ___curren
ASxxxx Linker V03.00 + NoICE + sdld,  page 27.
Hexadecimal  [32-Bits]

Area                       Addr        Size        Decimal Bytes (Attributes)
--------------------       ----        ----        ------- ----- ------------
_INITIALIZED           0000C2B9    00000E48 =        3656. bytes (REL,CON)

        Value  Global            Value  Global            Value  Global    
        -----  ------            -----  ------            -----  ------    
     0000C2B9  _launchDe |    0000C2BA  _shooting |    0000C2BB  _shadow_s
     0000C2BC  _shadow_s |    0000C2BD  _animate_ |    0000C2C0  _BRICK_WI
     0000C9C8  _BRICK_WI |    0000C9F8  _COLLISIO |    0000D100  ___render
ASxxxx Linker V03.00 + NoICE + sdld,  page 28.
Hexadecimal  [32-Bits]

Area                       Addr        Size        Decimal Bytes (Attributes)
--------------------       ----        ----        ------- ----- ------------
_HRAM12                00000000    00000003 =           3. bytes (ABS,CON)

        Value  Global            Value  Global            Value  Global    
        -----  ------            -----  ------            -----  ------    
     0000FF90  __current |    0000FF92  __shadow_
ASxxxx Linker V03.00 + NoICE + sdld,  page 29.

Files Linked                              [ module(s) ]

C:\c_code\gbdk\lib/small/asxxxx/gb/crt0.o
                                          [ Runtime ]
C:\Users\User\AppData\Local\Temp/lcc85800.rel
                                          [ level1 ]
C:\Users\User\AppData\Local\Temp/lcc85801.rel
                                          [ level2 ]
C:\Users\User\AppData\Local\Temp/lcc85802.rel
                                          [ macros ]
C:\Users\User\AppData\Local\Temp/lcc85803.rel
                                          [ main ]
C:\Users\User\AppData\Local\Temp/lcc85804.rel
                                          [ scene ]
C:\Users\User\AppData\Local\Temp/lcc85805.rel
                                          [ submap ]
C:\Users\User\AppData\Local\Temp/lcc85806.rel
                                          [ brick_wide_map ]
C:\Users\User\AppData\Local\Temp/lcc85807.rel
                                          [ brick_wide_tiles ]
C:\Users\User\AppData\Local\Temp/lcc85808.rel
                                          [ collision_wide_map ]
C:\Users\User\AppData\Local\Temp/lcc85809.rel
                                          [ detective_large ]
C:\Users\User\AppData\Local\Temp/lcc858010.rel
                                          [ enemy_arrow ]
C:\Users\User\AppData\Local\Temp/lcc858011.rel
                                          [ vertical_platform_V1 ]


Libraries Linked                          [ object file ]

C:\c_code\gbdk\lib/small/asxxxx/gb/gb.lib
                                          [ sfr.o ]
C:\c_code\gbdk\lib/small/asxxxx/gb/gb.lib
                                          [ metasprites_hide.o ]
C:\c_code\gbdk\lib/small/asxxxx/gbz80/gbz80.lib
                                          [ abs.o ]
C:\c_code\gbdk\lib/small/asxxxx/gb/gb.lib
                                          [ set_data.o ]
C:\c_code\gbdk\lib/small/asxxxx/gb/gb.lib
                                          [ set_tile_submap.o ]
C:\c_code\gbdk\lib/small/asxxxx/gb/gb.lib
                                          [ pad.o ]
C:\c_code\gbdk\lib/small/asxxxx/gb/gb.lib
                                          [ metasprites.o ]
C:\c_code\gbdk\lib/small/asxxxx/gbz80/gbz80.lib
                                          [ __sdcc_call_hl.o ]
C:\c_code\gbdk\lib/small/asxxxx/gbz80/gbz80.lib
                                          [ _memcpy.o ]
C:\c_code\gbdk\lib/small/asxxxx/gb/gb.lib
                                          [ metasprites_flip.o ]

ASxxxx Linker V03.00 + NoICE + sdld,  page 30.

User Base Address Definitions

_DATA=0xC0A0
_CODE=0x0200
ASxxxx Linker V03.00 + NoICE + sdld,  page 31.

User Global Definitions

_shadow_OAM=0xC000
.STACK=0xE000
.refresh_OAM=0xFF80

