ASxxxx Linker V03.00 + NoICE + sdld,  page 1.
Hexadecimal  [32-Bits]

Area                       Addr        Size        Decimal Bytes (Attributes)
--------------------       ----        ----        ------- ----- ------------
.  .ABS.               00000000    00000000 =           0. bytes (ABS,CON)

        Value  Global            Value  Global            Value  Global    
        -----  ------            -----  ------            -----  ------    
     00000000  .__.ABS.  |    00000000  _rRAMG    |    00000000  l__BASE  
     00000000  l__BSS    |    00000000  l__CABS   |    00000000  l__CODE_1
     00000000  l__DABS   |    00000000  l__HEADER |    00000000  l__HEAP  
     00000000  l__HRAM   |    00000000  l__LIT    |    00000000  s__CABS  
     00000000  s__DABS   |    00000000  s__HEADER |    00000000  s__HEADER
     00000000  s__HEADER |    00000000  s__HEADER |    00000000  s__HEADER
     00000000  s__HEADER |    00000000  s__HEADER |    00000000  s__HEADER
     00000000  s__HEADER |    00000000  s__HEADER |    00000000  s__HEADER
     00000000  s__HEADER |    00000000  s__HEADER |    00000000  s__HEADER
     00000000  s__HEADER |    00000000  s__HEADER |    00000000  s__HEADER
     00000000  s__HEADER |    00000000  s__HEADER |    00000000  s__HRAM  
     00000000  s__HRAM12 |    00000001  l__GSFINA |    00000001  l__HEADER
     00000001  l__HEADER |    00000001  l__HEADER |    00000001  l__HEADER
     00000001  l__HEADER |    00000001  l__HEADER |    00000001  l__HEADER
     00000002  l__HEADER |    00000002  l__HEADER |    00000002  l__HEADER
     00000003  l__HEADER |    00000003  l__HRAM12 |    00000004  ___bank_L
     00000004  ___bank_S |    00000005  ___bank_L |    00000005  l__HEADER
     00000006  ___bank_L |    00000006  l__HEADER |    00000007  ___bank_L
     00000007  l__HEADER |    00000008  ___bank_L |    00000008  l__HEADER
     0000000C  l__GSINIT |    0000002E  l__CODE_2 |    00000030  l__HEADER
     0000004F  l__HEADER |    00000064  ___bank_W |    00000065  ___bank_W
     00000082  l__HEADER |    00000088  l__INITIA |    00000088  l__INITIA
     000001A0  l__CODE_4 |    00000200  s__CODE   |    0000031A  l__DATA  
     000005A0  l__CODE_1 |    00000708  l__CODE_8 |    00000E10  l__CODE_6
     0000110A  l__CODE_2 |    00001234  l__HOME   |    00001514  l__CODE_0
     000015B3  l__CODE_1 |    0000165B  l__CODE   |    00001795  l__CODE_5
     00001796  l__CODE_7 |    0000185B  s__HOME   |    00002000  _rROMB0  
     00002094  l__CODE_9 |    00002A8F  s__BASE   |    00002A8F  s__CODE_0
     00003000  _rROMB1   |    00003FA3  s__INITIA |    00003FA3  s__LIT   
     00004000  _rRAMB    |    0000402B  s__GSINIT |    00004037  s__GSFINA
     00008000  __VRAM    |    00008000  __VRAM800 |    00008800  __VRAM880
     00009000  __VRAM900 |    00009800  __SCRN0   |    00009C00  __SCRN1  
     0000A000  __SRAM    |    0000C000  __RAM     |    0000C000  _shadow_O
     0000C0A0  s__DATA   |    0000C3BA  s__BSS    |    0000C3BA  s__INITIA
     0000C442  s__HEAP   |    0000D000  __RAMBANK |    0000E000  .STACK   
     0000FE00  __OAMRAM  |    0000FF00  _P1_REG   |    0000FF00  __IO     
     0000FF01  _SB_REG   |    0000FF02  _SC_REG   |    0000FF04  _DIV_REG 
     0000FF05  _TIMA_REG |    0000FF06  _TMA_REG  |    0000FF07  _TAC_REG 
     0000FF0F  _IF_REG   |    0000FF10  _NR10_REG |    0000FF11  _NR11_REG
     0000FF12  _NR12_REG |    0000FF13  _NR13_REG |    0000FF14  _NR14_REG
     0000FF16  _NR21_REG |    0000FF17  _NR22_REG |    0000FF18  _NR23_REG
     0000FF19  _NR24_REG |    0000FF1A  _NR30_REG |    0000FF1B  _NR31_REG
     0000FF1C  _NR32_REG |    0000FF1D  _NR33_REG |    0000FF1E  _NR34_REG
     0000FF20  _NR41_REG |    0000FF21  _NR42_REG |    0000FF22  _NR43_REG
     0000FF23  _NR44_REG |    0000FF24  _NR50_REG |    0000FF25  _NR51_REG
     0000FF26  _NR52_REG |    0000FF30  _PCM_SAMP |    0000FF30  __AUD3WAV
     0000FF40  _LCDC_REG |    0000FF41  _STAT_REG |    0000FF42  _SCY_REG 
     0000FF43  _SCX_REG  |    0000FF44  _LY_REG   |    0000FF45  _LYC_REG 
     0000FF46  _DMA_REG  |    0000FF47  _BGP_REG  |    0000FF48  _OBP0_REG
     0000FF49  _OBP1_REG |    0000FF4A  _WY_REG   |    0000FF4B  _WX_REG  
ASxxxx Linker V03.00 + NoICE + sdld,  page 2.
Hexadecimal  [32-Bits]

Area                       Addr        Size        Decimal Bytes (Attributes)
--------------------       ----        ----        ------- ----- ------------
.  .ABS.               00000000    00000000 =           0. bytes (ABS,CON)

        Value  Global            Value  Global            Value  Global    
        -----  ------            -----  ------            -----  ------    
     0000FF4D  _KEY1_REG |    0000FF4F  _VBK_REG  |    0000FF51  _HDMA1_RE
     0000FF52  _HDMA2_RE |    0000FF53  _HDMA3_RE |    0000FF54  _HDMA4_RE
     0000FF55  _HDMA5_RE |    0000FF56  _RP_REG   |    0000FF68  _BCPS_REG
     0000FF69  _BCPD_REG |    0000FF6A  _OCPS_REG |    0000FF6B  _OCPD_REG
     0000FF70  _SVBK_REG |    0000FF76  _PCM12_RE |    0000FF77  _PCM34_RE
     0000FF80  .refresh_ |    0000FF80  __HRAM    |    0000FFFF  _IE_REG  
     00044000  s__CODE_4 |    00054000  s__CODE_5 |    00064000  s__CODE_6
     00074000  s__CODE_7 |    00084000  s__CODE_8 |    000A4000  s__CODE_1
     00634000  s__CODE_9 |    00644000  s__CODE_1 |    00654000  s__CODE_1
     00C84000  s__CODE_2 |    00C94000  s__CODE_2
ASxxxx Linker V03.00 + NoICE + sdld,  page 3.
Hexadecimal  [32-Bits]

Area                       Addr        Size        Decimal Bytes (Attributes)
--------------------       ----        ----        ------- ----- ------------
_CODE                  00000200    0000165B =        5723. bytes (REL,CON)

        Value  Global            Value  Global            Value  Global    
        -----  ------            -----  ------            -----  ------    
     00000200  _set_came |    00000503  _set_worl |    0000082A  _set_leve
     00000873  _render_c |    0000095E  _performa |    0000096B  _check_LA
     000011AA  _ladder   |    000011B5  _main     |    0000129D  _load_lev
     00001323  _switch_d |    00001367  _switch_j |    000013EB  _switch_i
     00001435  _switch_o |    0000146A  _switch_o |    0000149F  _switch_l
     0000154F  _switch_l |    00001592  _switch_c |    000015CD  _LEFT_RIG
     00001606  _jump     |    00001682  _land     |    000016E1  _setGameB
     000016EC  _gameover |    0000174D  ___hide_m |    0000176D  ___move_m
     000017A5  ___move_m |    000017E1  ___move_m |    0000181D  ___move_m
ASxxxx Linker V03.00 + NoICE + sdld,  page 4.
Hexadecimal  [32-Bits]

Area                       Addr        Size        Decimal Bytes (Attributes)
--------------------       ----        ----        ------- ----- ------------
_HEADER0               00000000    00000001 =           1. bytes (ABS,CON)

        Value  Global            Value  Global            Value  Global    
        -----  ------            -----  ------            -----  ------    
     00000020  .call_hl 
ASxxxx Linker V03.00 + NoICE + sdld,  page 5.
Hexadecimal  [32-Bits]

Area                       Addr        Size        Decimal Bytes (Attributes)
--------------------       ----        ----        ------- ----- ------------
_HEADER1               00000000    00000005 =           5. bytes (ABS,CON)

        Value  Global            Value  Global            Value  Global    
        -----  ------            -----  ------            -----  ------    
     00000028  .MemsetSm
ASxxxx Linker V03.00 + NoICE + sdld,  page 6.
Hexadecimal  [32-Bits]

Area                       Addr        Size        Decimal Bytes (Attributes)
--------------------       ----        ----        ------- ----- ------------
_HEADER2               00000000    00000007 =           7. bytes (ABS,CON)

        Value  Global            Value  Global            Value  Global    
        -----  ------            -----  ------            -----  ------    
     00000030  .MemcpySm
ASxxxx Linker V03.00 + NoICE + sdld,  page 7.
Hexadecimal  [32-Bits]

Area                       Addr        Size        Decimal Bytes (Attributes)
--------------------       ----        ----        ------- ----- ------------
_HEADER3               00000000    00000008 =           8. bytes (ABS,CON)

        Value  Global            Value  Global            Value  Global    
        -----  ------            -----  ------            -----  ------    
ASxxxx Linker V03.00 + NoICE + sdld,  page 8.
Hexadecimal  [32-Bits]

Area                       Addr        Size        Decimal Bytes (Attributes)
--------------------       ----        ----        ------- ----- ------------
_HEADER4               00000000    0000004F =          79. bytes (ABS,CON)

        Value  Global            Value  Global            Value  Global    
        -----  ------            -----  ------            -----  ------    
     00000080  .int      |    0000008F  _wait_int |    0000009C  __standar
     000000AC  _refresh_
ASxxxx Linker V03.00 + NoICE + sdld,  page 9.
Hexadecimal  [32-Bits]

Area                       Addr        Size        Decimal Bytes (Attributes)
--------------------       ----        ----        ------- ----- ------------
_HEADER5               00000000    00000002 =           2. bytes (ABS,CON)

        Value  Global            Value  Global            Value  Global    
        -----  ------            -----  ------            -----  ------    
ASxxxx Linker V03.00 + NoICE + sdld,  page 10.
Hexadecimal  [32-Bits]

Area                       Addr        Size        Decimal Bytes (Attributes)
--------------------       ----        ----        ------- ----- ------------
_HEADER6               00000000    00000030 =          48. bytes (ABS,CON)

        Value  Global            Value  Global            Value  Global    
        -----  ------            -----  ------            -----  ------    
ASxxxx Linker V03.00 + NoICE + sdld,  page 11.
Hexadecimal  [32-Bits]

Area                       Addr        Size        Decimal Bytes (Attributes)
--------------------       ----        ----        ------- ----- ------------
_HEADER7               00000000    00000006 =           6. bytes (ABS,CON)

        Value  Global            Value  Global            Value  Global    
        -----  ------            -----  ------            -----  ------    
ASxxxx Linker V03.00 + NoICE + sdld,  page 12.
Hexadecimal  [32-Bits]

Area                       Addr        Size        Decimal Bytes (Attributes)
--------------------       ----        ----        ------- ----- ------------
_HEADER8               00000000    00000003 =           3. bytes (ABS,CON)

        Value  Global            Value  Global            Value  Global    
        -----  ------            -----  ------            -----  ------    
ASxxxx Linker V03.00 + NoICE + sdld,  page 13.
Hexadecimal  [32-Bits]

Area                       Addr        Size        Decimal Bytes (Attributes)
--------------------       ----        ----        ------- ----- ------------
_HEADER9               00000000    00000001 =           1. bytes (ABS,CON)

        Value  Global            Value  Global            Value  Global    
        -----  ------            -----  ------            -----  ------    
ASxxxx Linker V03.00 + NoICE + sdld,  page 14.
Hexadecimal  [32-Bits]

Area                       Addr        Size        Decimal Bytes (Attributes)
--------------------       ----        ----        ------- ----- ------------
_HEADERa               00000000    00000001 =           1. bytes (ABS,CON)

        Value  Global            Value  Global            Value  Global    
        -----  ------            -----  ------            -----  ------    
ASxxxx Linker V03.00 + NoICE + sdld,  page 15.
Hexadecimal  [32-Bits]

Area                       Addr        Size        Decimal Bytes (Attributes)
--------------------       ----        ----        ------- ----- ------------
_HEADERb               00000000    00000001 =           1. bytes (ABS,CON)

        Value  Global            Value  Global            Value  Global    
        -----  ------            -----  ------            -----  ------    
ASxxxx Linker V03.00 + NoICE + sdld,  page 16.
Hexadecimal  [32-Bits]

Area                       Addr        Size        Decimal Bytes (Attributes)
--------------------       ----        ----        ------- ----- ------------
_HEADERc               00000000    00000002 =           2. bytes (ABS,CON)

        Value  Global            Value  Global            Value  Global    
        -----  ------            -----  ------            -----  ------    
ASxxxx Linker V03.00 + NoICE + sdld,  page 17.
Hexadecimal  [32-Bits]

Area                       Addr        Size        Decimal Bytes (Attributes)
--------------------       ----        ----        ------- ----- ------------
_HEADERd               00000000    00000001 =           1. bytes (ABS,CON)

        Value  Global            Value  Global            Value  Global    
        -----  ------            -----  ------            -----  ------    
ASxxxx Linker V03.00 + NoICE + sdld,  page 18.
Hexadecimal  [32-Bits]

Area                       Addr        Size        Decimal Bytes (Attributes)
--------------------       ----        ----        ------- ----- ------------
_HEADERe               00000000    00000001 =           1. bytes (ABS,CON)

        Value  Global            Value  Global            Value  Global    
        -----  ------            -----  ------            -----  ------    
ASxxxx Linker V03.00 + NoICE + sdld,  page 19.
Hexadecimal  [32-Bits]

Area                       Addr        Size        Decimal Bytes (Attributes)
--------------------       ----        ----        ------- ----- ------------
_HEADERf               00000000    00000002 =           2. bytes (ABS,CON)

        Value  Global            Value  Global            Value  Global    
        -----  ------            -----  ------            -----  ------    
ASxxxx Linker V03.00 + NoICE + sdld,  page 20.
Hexadecimal  [32-Bits]

Area                       Addr        Size        Decimal Bytes (Attributes)
--------------------       ----        ----        ------- ----- ------------
_HEADER10              00000000    00000082 =         130. bytes (ABS,CON)

        Value  Global            Value  Global            Value  Global    
        -----  ------            -----  ------            -----  ------    
     00000150  .reset    |    00000150  _reset    |    00000157  .code_sta
     000001B7  _exit     |    000001BB  _set_inte
ASxxxx Linker V03.00 + NoICE + sdld,  page 21.
Hexadecimal  [32-Bits]

Area                       Addr        Size        Decimal Bytes (Attributes)
--------------------       ----        ----        ------- ----- ------------
_HEADER11              00000000    00000001 =           1. bytes (ABS,CON)

        Value  Global            Value  Global            Value  Global    
        -----  ------            -----  ------            -----  ------    
ASxxxx Linker V03.00 + NoICE + sdld,  page 22.
Hexadecimal  [32-Bits]

Area                       Addr        Size        Decimal Bytes (Attributes)
--------------------       ----        ----        ------- ----- ------------
_HOME                  0000185B    00001234 =        4660. bytes (REL,CON)

        Value  Global            Value  Global            Value  Global    
        -----  ------            -----  ------            -----  ------    
     0000185B  .memset_s |    00001864  .memcpy_s |    00001881  .remove_V
     00001884  .remove_i |    000018A1  .add_VBL  |    000018A4  .add_int 
     000018AF  .wait_vbl |    000018AF  _wait_vbl |    000018BF  .display_
     000018BF  _display_ |    000018D7  _remove_V |    000018E2  _add_VBL 
     000018ED  _set_bkg_ |    00001912  _set_bkg_ |    00001941  _load_sce
     00001CB0  _load_bul |    00001E69  _render_p |    000023AB  _render_w
     0000279C  _abs      |    000027AB  __mulsuch |    000027B5  __mulusch
     000027BF  __mulscha |    000027D1  __mulucha |    000027DD  __mulint 
     00002803  _set_tile |    00002808  _set_bkg_ |    00002808  _set_win_
     00002810  _set_spri |    00002840  _set_bkg_ |    00002884  .set_xy_w
     0000288D  .set_xy_b |    0000289C  .set_xy_s |    000028E2  .padup   
     000028E2  _waitpadu |    000028F2  .jpad     |    000028F2  _joypad  
     0000291A  _waitpad  |    0000291D  .wait_pad |    00002924  ___sdcc_c
     00002925  ___memcpy |    00002925  _memcpy   |    00002968  __divsuch
     00002975  __modsuch |    0000297F  __divusch |    00002991  __modusch
     000029A1  __divscha |    000029AD  __modscha |    000029B7  __divsint
     000029C8  __modsint |    000029D7  __divucha |    000029E3  __moducha
     000029ED  __divuint |    000029FE  __moduint |    00002A0D  .div8    
     00002A0D  .mod8     |    00002A15  .div16    |    00002A15  .mod16   
     00002A4B  .divu8    |    00002A4B  .modu8    |    00002A4E  .divu16  
     00002A4E  .modu16  
ASxxxx Linker V03.00 + NoICE + sdld,  page 23.
Hexadecimal  [32-Bits]

Area                       Addr        Size        Decimal Bytes (Attributes)
--------------------       ----        ----        ------- ----- ------------
_CODE_0                00002A8F    00001514 =        5396. bytes (REL,CON)

        Value  Global            Value  Global            Value  Global    
        -----  ------            -----  ------            -----  ------    
     00002A8F  _check_LR |    00002E6C  _check_J  |    0000350D  _check_UD
     00003B2C  _check_Dr |    00003C2A  _check_C  |    00003D19  _check_wo
     00003ED7  _overlap 
ASxxxx Linker V03.00 + NoICE + sdld,  page 24.
Hexadecimal  [32-Bits]

Area                       Addr        Size        Decimal Bytes (Attributes)
--------------------       ----        ----        ------- ----- ------------
_INITIALIZER           00003FA3    00000088 =         136. bytes (REL,CON)

        Value  Global            Value  Global            Value  Global    
        -----  ------            -----  ------            -----  ------    
ASxxxx Linker V03.00 + NoICE + sdld,  page 25.
Hexadecimal  [32-Bits]

Area                       Addr        Size        Decimal Bytes (Attributes)
--------------------       ----        ----        ------- ----- ------------
_GSINIT                0000402B    0000000C =          12. bytes (REL,CON)

        Value  Global            Value  Global            Value  Global    
        -----  ------            -----  ------            -----  ------    
     0000402B  gsinit   
ASxxxx Linker V03.00 + NoICE + sdld,  page 26.
Hexadecimal  [32-Bits]

Area                       Addr        Size        Decimal Bytes (Attributes)
--------------------       ----        ----        ------- ----- ------------
_GSFINAL               00004037    00000001 =           1. bytes (REL,CON)

        Value  Global            Value  Global            Value  Global    
        -----  ------            -----  ------            -----  ------    
ASxxxx Linker V03.00 + NoICE + sdld,  page 27.
Hexadecimal  [32-Bits]

Area                       Addr        Size        Decimal Bytes (Attributes)
--------------------       ----        ----        ------- ----- ------------
_DATA                  0000C0A0    0000031A =         794. bytes (REL,CON)

        Value  Global            Value  Global            Value  Global    
        -----  ------            -----  ------            -----  ------    
     0000C0A0  __cpu     |    0000C0A1  __is_GBA  |    0000C0A2  .mode    
     0000C0A3  .sys_time |    0000C0A3  _sys_time |    0000C0A5  .int_0x40
     0000C0B9  _bkg      |    0000C0DB  _SPAWN    |    0000C0DC  _Gravity 
     0000C0DD  _JUMP     |    0000C0DE  _CROUCH   |    0000C0DF  _canCROUC
     0000C0E0  _DROP     |    0000C0E1  _x_Adjust |    0000C0E2  _L_LEFT  
     0000C0E3  _L_RIGHT  |    0000C0E4  _canCROUC |    0000C0E5  _canCROUC
     0000C0E6  _DROP_tim |    0000C0E7  _LR_Offse |    0000C0E8  _LR_Offse
     0000C0E9  _UD_Offse |    0000C0EA  _UD_Offse |    0000C0EB  _UD_Offse
     0000C0EC  _COLLISIO |    0000C0EE  _COLLISIO |    0000C0EF  _COLLISIO
     0000C0F0  _ONTO_Lad |    0000C0F1  _DOWN_LAD |    0000C0F2  _UP_LADDE
     0000C0F3  _OFF_LADD |    0000C0F4  _LADDER   |    0000C0F5  _ONTO_Lad
     0000C0F6  _DOWN_LAD |    0000C0F7  _DOWN_LAD |    0000C0F8  _UP_LADDE
     0000C0F9  _OFF_LADD |    0000C0FA  _LADDER_R |    0000C0FB  _joy     
     0000C0FC  _last_joy |    0000C0FD  _px       |    0000C0FE  _py      
     0000C0FF  _GAMEOVER |    0000C100  _EXIT1    |    0000C101  _EXIT2   
     0000C102  _JOYLOCK  |    0000C103  _ANIMATIO |    0000C104  _gamestat
     0000C105  _current_ |    0000C107  _ATTACH   |    0000C108  _x_Collid
     0000C109  _y_Collid |    0000C10A  _current_ |    0000C10B  _dir     
     0000C10C  _last_dir |    0000C10D  _active_a |    0000C353  _active_b
     0000C3B4  _total_ac |    0000C3B5  _hiwater  |    0000C3B6  .image_ti
     0000C3B7  ___curren |    0000C3B9  ___curren
ASxxxx Linker V03.00 + NoICE + sdld,  page 28.
Hexadecimal  [32-Bits]

Area                       Addr        Size        Decimal Bytes (Attributes)
--------------------       ----        ----        ------- ----- ------------
_INITIALIZED           0000C3BA    00000088 =         136. bytes (REL,CON)

        Value  Global            Value  Global            Value  Global    
        -----  ------            -----  ------            -----  ------    
     0000C3BA  _lvl1_cam |    0000C3BE  _lvl1_cam |    0000C3C1  _lvl1_cam
     0000C3C4  _lvl1_cam |    0000C3C6  _cam1     |    0000C3C9  _cam2    
     0000C3CB  _cam3     |    0000C3CD  _cam4     |    0000C3CE  _lvl2_cam
     0000C3D2  _lvl2_cam |    0000C3D5  _lvl2_cam |    0000C3D8  _lvl2_cam
     0000C3DA  _lvl2_cam |    0000C3DD  _lvl2_cam |    0000C3DF  _lvl2_cam
     0000C3E1  _lvl2_cam |    0000C3E2  _shadow_s |    0000C3E3  _shadow_s
     0000C3E4  _cam_ptr  |    0000C3E6  _render_a |    0000C3E7  _bullet_t
     0000C3E8  _animate_ |    0000C3EA  _collide_ |    0000C3EC  _load_sub
     0000C3EE  _animatio |    0000C3EF  _worldtes |    0000C3F2  _worldtes
     0000C3F5  _worldtes |    0000C3F8  _worldtes |    0000C3FA  _worldtes
     0000C3FC  _worldtes |    0000C3FE  _worldtes |    0000C400  _worldtes
     0000C401  _WORLD1_T |    0000C441  ___render
ASxxxx Linker V03.00 + NoICE + sdld,  page 29.
Hexadecimal  [32-Bits]

Area                       Addr        Size        Decimal Bytes (Attributes)
--------------------       ----        ----        ------- ----- ------------
_HRAM12                00000000    00000003 =           3. bytes (ABS,CON)

        Value  Global            Value  Global            Value  Global    
        -----  ------            -----  ------            -----  ------    
     0000FF90  __current |    0000FF92  __shadow_
ASxxxx Linker V03.00 + NoICE + sdld,  page 30.
Hexadecimal  [32-Bits]

Area                       Addr        Size        Decimal Bytes (Attributes)
--------------------       ----        ----        ------- ----- ------------
_CODE_5                00054000    00001795 =        6037. bytes (REL,CON)

        Value  Global            Value  Global            Value  Global    
        -----  ------            -----  ------            -----  ------    
     00054000  _anim_lev |    000548AF  _level1   |    000548BB  _level1_a
     00054AA0  _level1_b |    00054B01  _spawn_bu |    00054C31  _npc_coll
     00054F8D  _init_sub |    000550B7  _setup_lv |    00055106  _enter_lv
ASxxxx Linker V03.00 + NoICE + sdld,  page 31.
Hexadecimal  [32-Bits]

Area                       Addr        Size        Decimal Bytes (Attributes)
--------------------       ----        ----        ------- ----- ------------
_CODE_7                00074000    00001796 =        6038. bytes (REL,CON)

        Value  Global            Value  Global            Value  Global    
        -----  ------            -----  ------            -----  ------    
     00074000  _anim_lev |    000748AF  _level2   |    000748BB  _level2_a
     00074AA0  _level2_b |    00074B01  _spawn_bu |    00074C31  _npc_coll
     00074F8D  _init_sub |    000750B7  _setup_lv |    00075106  _enter_lv
ASxxxx Linker V03.00 + NoICE + sdld,  page 32.
Hexadecimal  [32-Bits]

Area                       Addr        Size        Decimal Bytes (Attributes)
--------------------       ----        ----        ------- ----- ------------
_CODE_100              00644000    000015B3 =        5555. bytes (REL,CON)

        Value  Global            Value  Global            Value  Global    
        -----  ------            -----  ------            -----  ------    
     00644000  _anim_wor |    006446EB  _worldtes |    006446F7  _worldtes
     006448DC  _worldtes |    0064493D  _spawn_bu |    00644A6D  _npc_coll
     00644D7D  _init_sub |    00644EBE  _setup_wo |    00644F17  _enter_wo
ASxxxx Linker V03.00 + NoICE + sdld,  page 33.
Hexadecimal  [32-Bits]

Area                       Addr        Size        Decimal Bytes (Attributes)
--------------------       ----        ----        ------- ----- ------------
_CODE_201              00C94000    0000002E =          46. bytes (REL,CON)

        Value  Global            Value  Global            Value  Global    
        -----  ------            -----  ------            -----  ------    
     00C94000  _bullet_d |    00C94020  _bullet_m |    00C94028  _bullet_m
     00C9402A  _bullet_s
ASxxxx Linker V03.00 + NoICE + sdld,  page 34.
Hexadecimal  [32-Bits]

Area                       Addr        Size        Decimal Bytes (Attributes)
--------------------       ----        ----        ------- ----- ------------
_CODE_200              00C84000    0000110A =        4362. bytes (REL,CON)

        Value  Global            Value  Global            Value  Global    
        -----  ------            -----  ------            -----  ------    
     00C84000  _detectiv |    00C84220  _detectiv |    00C8422C  _detectiv
     00C84238  _detectiv |    00C84244  _detectiv |    00C84250  _detectiv
     00C8425C  _detectiv |    00C84268  _detectiv |    00C84274  _detectiv
     00C84280  _detectiv |    00C8428C  _detectiv |    00C84298  _detectiv
     00C842A4  _detectiv |    00C842B0  _detectiv |    00C842C8  _detectiv
     00C842D2  _detectiv |    00C842DC  _detectiv |    00C842E6  _detectiv
     00C842EA  _detectiv |    00C84DAA  _detectiv |    00C84DC2  _detectiv
     00C84DDA  _detectiv |    00C84DF6  _detectiv |    00C84E0E  _detectiv
     00C84E2A  _detectiv |    00C84E46  _detectiv |    00C84E62  _detectiv
     00C84E7E  _detectiv |    00C84E9A  _detectiv |    00C84EB6  _detectiv
     00C84ED2  _detectiv |    00C84EEE  _detectiv |    00C84F0A  _detectiv
     00C84F26  _detectiv |    00C84F42  _detectiv |    00C84F5A  _detectiv
     00C84F76  _detectiv |    00C84F92  _detectiv |    00C84FB6  _detectiv
     00C84FC8  _detectiv |    00C84FCC  _detectiv |    00C84FD6  _detectiv
     00C84FE0  _detectiv |    00C84FE6  _detectiv |    00C84FEA  _detectiv
     00C84FF2  _detectiv |    00C84FF6  _detectiv |    00C84FFE  _detectiv
     00C85006  _elevator |    00C85046  _elevator |    00C85062  _elevator
     00C85064  _elevator |    00C85068  _NPC_elec |    00C850E8  _NPC_elec
     00C850F4  _NPC_elec |    00C85100  _NPC_elec |    00C85104  _NPC_elec
ASxxxx Linker V03.00 + NoICE + sdld,  page 35.
Hexadecimal  [32-Bits]

Area                       Addr        Size        Decimal Bytes (Attributes)
--------------------       ----        ----        ------- ----- ------------
_CODE_99               00634000    00002094 =        8340. bytes (REL,CON)

        Value  Global            Value  Global            Value  Global    
        -----  ------            -----  ------            -----  ------    
     00634000  _LEVEL_1_ |    006348FC  _LEVEL_2_ |    006351F8  _STAGE_DR
     00635AF4  _WORLD1_C
ASxxxx Linker V03.00 + NoICE + sdld,  page 36.
Hexadecimal  [32-Bits]

Area                       Addr        Size        Decimal Bytes (Attributes)
--------------------       ----        ----        ------- ----- ------------
_CODE_6                00064000    00000E10 =        3600. bytes (REL,CON)

        Value  Global            Value  Global            Value  Global    
        -----  ------            -----  ------            -----  ------    
     00064000  _LEVEL_1_ |    00064708  _STAGE_DR
ASxxxx Linker V03.00 + NoICE + sdld,  page 37.
Hexadecimal  [32-Bits]

Area                       Addr        Size        Decimal Bytes (Attributes)
--------------------       ----        ----        ------- ----- ------------
_CODE_8                00084000    00000708 =        1800. bytes (REL,CON)

        Value  Global            Value  Global            Value  Global    
        -----  ------            -----  ------            -----  ------    
     00084000  _LEVEL_2_
ASxxxx Linker V03.00 + NoICE + sdld,  page 38.
Hexadecimal  [32-Bits]

Area                       Addr        Size        Decimal Bytes (Attributes)
--------------------       ----        ----        ------- ----- ------------
_CODE_4                00044000    000001A0 =         416. bytes (REL,CON)

        Value  Global            Value  Global            Value  Global    
        -----  ------            -----  ------            -----  ------    
     00044000  _LEVEL_TI |    000440D0  _STAGE_DR
ASxxxx Linker V03.00 + NoICE + sdld,  page 39.
Hexadecimal  [32-Bits]

Area                       Addr        Size        Decimal Bytes (Attributes)
--------------------       ----        ----        ------- ----- ------------
_CODE_101              00654000    000005A0 =        1440. bytes (REL,CON)

        Value  Global            Value  Global            Value  Global    
        -----  ------            -----  ------            -----  ------    
     00654000  _WORLD1_M
ASxxxx Linker V03.00 + NoICE + sdld,  page 40.

Files Linked                              [ module(s) ]

C:\c_code\gbdk\lib/small/asxxxx/gb/crt0.o
                                          [ Runtime ]
C:\Users\EMART~1\AppData\Local\Temp/lcc186080.rel
                                          [ camera ]
C:\Users\EMART~1\AppData\Local\Temp/lcc186081.rel
                                          [ collisions ]
C:\Users\EMART~1\AppData\Local\Temp/lcc186082.rel
                                          [ ladder ]
C:\Users\EMART~1\AppData\Local\Temp/lcc186083.rel
                                          [ level1 ]
C:\Users\EMART~1\AppData\Local\Temp/lcc186084.rel
                                          [ level2 ]
C:\Users\EMART~1\AppData\Local\Temp/lcc186085.rel
                                          [ main ]
C:\Users\EMART~1\AppData\Local\Temp/lcc186086.rel
                                          [ scene ]
C:\Users\EMART~1\AppData\Local\Temp/lcc186087.rel
                                          [ worldtest ]
C:\Users\EMART~1\AppData\Local\Temp/lcc186088.rel
                                          [ bullet ]
C:\Users\EMART~1\AppData\Local\Temp/lcc186089.rel
                                          [ detective_16 ]
C:\Users\EMART~1\AppData\Local\Temp/lcc1860810.rel
                                          [ detective_large ]
C:\Users\EMART~1\AppData\Local\Temp/lcc1860811.rel
                                          [ elevator ]
C:\Users\EMART~1\AppData\Local\Temp/lcc1860812.rel
                                          [ level_1_collision ]
C:\Users\EMART~1\AppData\Local\Temp/lcc1860813.rel
                                          [ level_1_map ]
C:\Users\EMART~1\AppData\Local\Temp/lcc1860814.rel
                                          [ level_2_collision ]
C:\Users\EMART~1\AppData\Local\Temp/lcc1860815.rel
                                          [ level_2_map ]
C:\Users\EMART~1\AppData\Local\Temp/lcc1860816.rel
                                          [ level_tileset ]
C:\Users\EMART~1\AppData\Local\Temp/lcc1860817.rel
                                          [ NPC_electric ]
C:\Users\EMART~1\AppData\Local\Temp/lcc1860818.rel
                                          [ stage_drop_collision ]
C:\Users\EMART~1\AppData\Local\Temp/lcc1860819.rel
                                          [ stage_drop_map ]
C:\Users\EMART~1\AppData\Local\Temp/lcc1860820.rel
                                          [ stage_drop_tiles ]
C:\Users\EMART~1\AppData\Local\Temp/lcc1860821.rel
                                          [ world1_collision ]
C:\Users\EMART~1\AppData\Local\Temp/lcc1860822.rel
                                          [ world1_map ]
C:\Users\EMART~1\AppData\Local\Temp/lcc1860823.rel
                                          [ world1_tiles ]


Libraries Linked                          [ object file ]

C:\c_code\gbdk\lib/small/asxxxx/gb/gb.lib
                                          [ sfr.o ]
C:\c_code\gbdk\lib/small/asxxxx/gb/gb.lib
                                          [ metasprites_hide.o ]
C:\c_code\gbdk\lib/small/asxxxx/gbz80/gbz80.lib
                                          [ abs.o ]
C:\c_code\gbdk\lib/small/asxxxx/gbz80/gbz80.lib
                                          [ mul.o ]
C:\c_code\gbdk\lib/small/asxxxx/gb/gb.lib
                                          [ set_data.o ]
C:\c_code\gbdk\lib/small/asxxxx/gb/gb.lib
                                          [ set_tile_submap.o ]
C:\c_code\gbdk\lib/small/asxxxx/gb/gb.lib
                                          [ pad.o ]
C:\c_code\gbdk\lib/small/asxxxx/gb/gb.lib
                                          [ metasprites.o ]
C:\c_code\gbdk\lib/small/asxxxx/gbz80/gbz80.lib
                                          [ __sdcc_call_hl.o ]
C:\c_code\gbdk\lib/small/asxxxx/gbz80/gbz80.lib
                                          [ _memcpy.o ]
C:\c_code\gbdk\lib/small/asxxxx/gb/gb.lib
                                          [ metasprites_flip.o ]
C:\c_code\gbdk\lib/small/asxxxx/gbz80/gbz80.lib
                                          [ div.o ]

ASxxxx Linker V03.00 + NoICE + sdld,  page 41.

User Base Address Definitions

_DATA=0xC0A0
_CODE=0x0200
ASxxxx Linker V03.00 + NoICE + sdld,  page 42.

User Global Definitions

_shadow_OAM=0xC000
.STACK=0xE000
.refresh_OAM=0xFF80

