ASxxxx Linker V03.00 + NoICE + sdld,  page 1.
Hexadecimal  [32-Bits]

Area                       Addr        Size        Decimal Bytes (Attributes)
--------------------       ----        ----        ------- ----- ------------
.  .ABS.               00000000    00000000 =           0. bytes (ABS,CON)

        Value  Global            Value  Global            Value  Global    
        -----  ------            -----  ------            -----  ------    
     00000000  .__.ABS.  |    00000000  _rRAMG    |    00000000  l__BASE  
     00000000  l__BSS    |    00000000  l__CABS   |    00000000  l__CODE_0
     00000000  l__CODE_6 |    00000000  l__DABS   |    00000000  l__HEADER
     00000000  l__HEAP   |    00000000  l__HRAM   |    00000000  l__LIT   
     00000000  s__CABS   |    00000000  s__DABS   |    00000000  s__HEADER
     00000000  s__HEADER |    00000000  s__HEADER |    00000000  s__HEADER
     00000000  s__HEADER |    00000000  s__HEADER |    00000000  s__HEADER
     00000000  s__HEADER |    00000000  s__HEADER |    00000000  s__HEADER
     00000000  s__HEADER |    00000000  s__HEADER |    00000000  s__HEADER
     00000000  s__HEADER |    00000000  s__HEADER |    00000000  s__HEADER
     00000000  s__HEADER |    00000000  s__HEADER |    00000000  s__HEADER
     00000000  s__HRAM   |    00000000  s__HRAM12 |    00000001  l__GSFINA
     00000001  l__HEADER |    00000001  l__HEADER |    00000001  l__HEADER
     00000001  l__HEADER |    00000001  l__HEADER |    00000001  l__HEADER
     00000001  l__HEADER |    00000002  l__HEADER |    00000002  l__HEADER
     00000002  l__HEADER |    00000003  l__HEADER |    00000003  l__HRAM12
     00000005  l__HEADER |    00000006  l__HEADER |    00000007  l__HEADER
     00000008  l__HEADER |    0000000C  l__GSINIT |    00000030  l__HEADER
     0000004F  l__HEADER |    00000082  l__HEADER |    00000200  s__CODE  
     0000027F  l__HOME   |    0000030A  l__DATA   |    0000108E  l__CODE_1
     0000110B  l__INITIA |    0000110B  l__INITIA |    00001546  l__CODE_5
     0000176C  l__CODE_7 |    00002000  _rROMB0   |    00002DBF  l__CODE  
     00002FBF  s__HOME   |    00003000  _rROMB1   |    0000323E  s__BASE  
     0000323E  s__CODE_0 |    0000323E  s__INITIA |    0000323E  s__LIT   
     00004000  _rRAMB    |    00004349  s__GSINIT |    00004355  s__GSFINA
     00008000  __VRAM    |    00008000  __VRAM800 |    00008800  __VRAM880
     00009000  __VRAM900 |    00009800  __SCRN0   |    00009C00  __SCRN1  
     0000A000  __SRAM    |    0000C000  __RAM     |    0000C000  _shadow_O
     0000C0A0  s__DATA   |    0000C3AA  s__BSS    |    0000C3AA  s__INITIA
     0000D000  __RAMBANK |    0000D4B5  s__HEAP   |    0000E000  .STACK   
     0000FE00  __OAMRAM  |    0000FF00  _P1_REG   |    0000FF00  __IO     
     0000FF01  _SB_REG   |    0000FF02  _SC_REG   |    0000FF04  _DIV_REG 
     0000FF05  _TIMA_REG |    0000FF06  _TMA_REG  |    0000FF07  _TAC_REG 
     0000FF0F  _IF_REG   |    0000FF10  _NR10_REG |    0000FF11  _NR11_REG
     0000FF12  _NR12_REG |    0000FF13  _NR13_REG |    0000FF14  _NR14_REG
     0000FF16  _NR21_REG |    0000FF17  _NR22_REG |    0000FF18  _NR23_REG
     0000FF19  _NR24_REG |    0000FF1A  _NR30_REG |    0000FF1B  _NR31_REG
     0000FF1C  _NR32_REG |    0000FF1D  _NR33_REG |    0000FF1E  _NR34_REG
     0000FF20  _NR41_REG |    0000FF21  _NR42_REG |    0000FF22  _NR43_REG
     0000FF23  _NR44_REG |    0000FF24  _NR50_REG |    0000FF25  _NR51_REG
     0000FF26  _NR52_REG |    0000FF30  _PCM_SAMP |    0000FF30  __AUD3WAV
     0000FF40  _LCDC_REG |    0000FF41  _STAT_REG |    0000FF42  _SCY_REG 
     0000FF43  _SCX_REG  |    0000FF44  _LY_REG   |    0000FF45  _LYC_REG 
     0000FF46  _DMA_REG  |    0000FF47  _BGP_REG  |    0000FF48  _OBP0_REG
     0000FF49  _OBP1_REG |    0000FF4A  _WY_REG   |    0000FF4B  _WX_REG  
     0000FF4D  _KEY1_REG |    0000FF4F  _VBK_REG  |    0000FF51  _HDMA1_RE
     0000FF52  _HDMA2_RE |    0000FF53  _HDMA3_RE |    0000FF54  _HDMA4_RE
     0000FF55  _HDMA5_RE |    0000FF56  _RP_REG   |    0000FF68  _BCPS_REG
     0000FF69  _BCPD_REG |    0000FF6A  _OCPS_REG |    0000FF6B  _OCPD_REG
     0000FF70  _SVBK_REG |    0000FF76  _PCM12_RE |    0000FF77  _PCM34_RE
ASxxxx Linker V03.00 + NoICE + sdld,  page 2.
Hexadecimal  [32-Bits]

Area                       Addr        Size        Decimal Bytes (Attributes)
--------------------       ----        ----        ------- ----- ------------
.  .ABS.               00000000    00000000 =           0. bytes (ABS,CON)

        Value  Global            Value  Global            Value  Global    
        -----  ------            -----  ------            -----  ------    
     0000FF80  .refresh_ |    0000FF80  __HRAM    |    0000FFFF  _IE_REG  
     00054000  s__CODE_5 |    00064000  s__CODE_6 |    00074000  s__CODE_7
     000A4000  s__CODE_1
ASxxxx Linker V03.00 + NoICE + sdld,  page 3.
Hexadecimal  [32-Bits]

Area                       Addr        Size        Decimal Bytes (Attributes)
--------------------       ----        ----        ------- ----- ------------
_CODE                  00000200    00002DBF =       11711. bytes (REL,CON)

        Value  Global            Value  Global            Value  Global    
        -----  ------            -----  ------            -----  ------    
     00000200  _set_came |    00000503  _set_leve |    0000054C  _render_c
     00000637  _performa |    00000644  _check_LR |    00000978  _check_J 
     00000FBE  _check_UD |    00001558  _check_Dr |    0000162A  _check_C 
     000016EF  _overlap  |    000017BB  _check_LA |    00001FFA  _ladder  
     00002005  _NPC_memc |    0000202D  _main     |    000020F1  _load_lev
     0000217D  _load_sce |    00002458  _load_bul |    0000258B  _render_a
     00002A87  _switch_d |    00002ACB  _switch_j |    00002B4F  _switch_i
     00002B99  _switch_o |    00002BCE  _switch_o |    00002C03  _switch_l
     00002CB3  _switch_l |    00002CF6  _switch_c |    00002D31  _LEFT_RIG
     00002D6A  _jump     |    00002DE6  _land     |    00002E45  _setGameB
     00002E50  _gameover |    00002EB1  ___hide_m |    00002ED1  ___move_m
     00002F09  ___move_m |    00002F45  ___move_m |    00002F81  ___move_m
ASxxxx Linker V03.00 + NoICE + sdld,  page 4.
Hexadecimal  [32-Bits]

Area                       Addr        Size        Decimal Bytes (Attributes)
--------------------       ----        ----        ------- ----- ------------
_HEADER0               00000000    00000001 =           1. bytes (ABS,CON)

        Value  Global            Value  Global            Value  Global    
        -----  ------            -----  ------            -----  ------    
     00000020  .call_hl 
ASxxxx Linker V03.00 + NoICE + sdld,  page 5.
Hexadecimal  [32-Bits]

Area                       Addr        Size        Decimal Bytes (Attributes)
--------------------       ----        ----        ------- ----- ------------
_HEADER1               00000000    00000005 =           5. bytes (ABS,CON)

        Value  Global            Value  Global            Value  Global    
        -----  ------            -----  ------            -----  ------    
     00000028  .MemsetSm
ASxxxx Linker V03.00 + NoICE + sdld,  page 6.
Hexadecimal  [32-Bits]

Area                       Addr        Size        Decimal Bytes (Attributes)
--------------------       ----        ----        ------- ----- ------------
_HEADER2               00000000    00000007 =           7. bytes (ABS,CON)

        Value  Global            Value  Global            Value  Global    
        -----  ------            -----  ------            -----  ------    
     00000030  .MemcpySm
ASxxxx Linker V03.00 + NoICE + sdld,  page 7.
Hexadecimal  [32-Bits]

Area                       Addr        Size        Decimal Bytes (Attributes)
--------------------       ----        ----        ------- ----- ------------
_HEADER3               00000000    00000008 =           8. bytes (ABS,CON)

        Value  Global            Value  Global            Value  Global    
        -----  ------            -----  ------            -----  ------    
ASxxxx Linker V03.00 + NoICE + sdld,  page 8.
Hexadecimal  [32-Bits]

Area                       Addr        Size        Decimal Bytes (Attributes)
--------------------       ----        ----        ------- ----- ------------
_HEADER4               00000000    0000004F =          79. bytes (ABS,CON)

        Value  Global            Value  Global            Value  Global    
        -----  ------            -----  ------            -----  ------    
     00000080  .int      |    0000008F  _wait_int |    0000009C  __standar
     000000AC  _refresh_
ASxxxx Linker V03.00 + NoICE + sdld,  page 9.
Hexadecimal  [32-Bits]

Area                       Addr        Size        Decimal Bytes (Attributes)
--------------------       ----        ----        ------- ----- ------------
_HEADER5               00000000    00000002 =           2. bytes (ABS,CON)

        Value  Global            Value  Global            Value  Global    
        -----  ------            -----  ------            -----  ------    
ASxxxx Linker V03.00 + NoICE + sdld,  page 10.
Hexadecimal  [32-Bits]

Area                       Addr        Size        Decimal Bytes (Attributes)
--------------------       ----        ----        ------- ----- ------------
_HEADER6               00000000    00000030 =          48. bytes (ABS,CON)

        Value  Global            Value  Global            Value  Global    
        -----  ------            -----  ------            -----  ------    
ASxxxx Linker V03.00 + NoICE + sdld,  page 11.
Hexadecimal  [32-Bits]

Area                       Addr        Size        Decimal Bytes (Attributes)
--------------------       ----        ----        ------- ----- ------------
_HEADER7               00000000    00000006 =           6. bytes (ABS,CON)

        Value  Global            Value  Global            Value  Global    
        -----  ------            -----  ------            -----  ------    
ASxxxx Linker V03.00 + NoICE + sdld,  page 12.
Hexadecimal  [32-Bits]

Area                       Addr        Size        Decimal Bytes (Attributes)
--------------------       ----        ----        ------- ----- ------------
_HEADER8               00000000    00000003 =           3. bytes (ABS,CON)

        Value  Global            Value  Global            Value  Global    
        -----  ------            -----  ------            -----  ------    
ASxxxx Linker V03.00 + NoICE + sdld,  page 13.
Hexadecimal  [32-Bits]

Area                       Addr        Size        Decimal Bytes (Attributes)
--------------------       ----        ----        ------- ----- ------------
_HEADER9               00000000    00000001 =           1. bytes (ABS,CON)

        Value  Global            Value  Global            Value  Global    
        -----  ------            -----  ------            -----  ------    
ASxxxx Linker V03.00 + NoICE + sdld,  page 14.
Hexadecimal  [32-Bits]

Area                       Addr        Size        Decimal Bytes (Attributes)
--------------------       ----        ----        ------- ----- ------------
_HEADERa               00000000    00000001 =           1. bytes (ABS,CON)

        Value  Global            Value  Global            Value  Global    
        -----  ------            -----  ------            -----  ------    
ASxxxx Linker V03.00 + NoICE + sdld,  page 15.
Hexadecimal  [32-Bits]

Area                       Addr        Size        Decimal Bytes (Attributes)
--------------------       ----        ----        ------- ----- ------------
_HEADERb               00000000    00000001 =           1. bytes (ABS,CON)

        Value  Global            Value  Global            Value  Global    
        -----  ------            -----  ------            -----  ------    
ASxxxx Linker V03.00 + NoICE + sdld,  page 16.
Hexadecimal  [32-Bits]

Area                       Addr        Size        Decimal Bytes (Attributes)
--------------------       ----        ----        ------- ----- ------------
_HEADERc               00000000    00000002 =           2. bytes (ABS,CON)

        Value  Global            Value  Global            Value  Global    
        -----  ------            -----  ------            -----  ------    
ASxxxx Linker V03.00 + NoICE + sdld,  page 17.
Hexadecimal  [32-Bits]

Area                       Addr        Size        Decimal Bytes (Attributes)
--------------------       ----        ----        ------- ----- ------------
_HEADERd               00000000    00000001 =           1. bytes (ABS,CON)

        Value  Global            Value  Global            Value  Global    
        -----  ------            -----  ------            -----  ------    
ASxxxx Linker V03.00 + NoICE + sdld,  page 18.
Hexadecimal  [32-Bits]

Area                       Addr        Size        Decimal Bytes (Attributes)
--------------------       ----        ----        ------- ----- ------------
_HEADERe               00000000    00000001 =           1. bytes (ABS,CON)

        Value  Global            Value  Global            Value  Global    
        -----  ------            -----  ------            -----  ------    
ASxxxx Linker V03.00 + NoICE + sdld,  page 19.
Hexadecimal  [32-Bits]

Area                       Addr        Size        Decimal Bytes (Attributes)
--------------------       ----        ----        ------- ----- ------------
_HEADERf               00000000    00000002 =           2. bytes (ABS,CON)

        Value  Global            Value  Global            Value  Global    
        -----  ------            -----  ------            -----  ------    
ASxxxx Linker V03.00 + NoICE + sdld,  page 20.
Hexadecimal  [32-Bits]

Area                       Addr        Size        Decimal Bytes (Attributes)
--------------------       ----        ----        ------- ----- ------------
_HEADER10              00000000    00000082 =         130. bytes (ABS,CON)

        Value  Global            Value  Global            Value  Global    
        -----  ------            -----  ------            -----  ------    
     00000150  .reset    |    00000150  _reset    |    00000157  .code_sta
     000001B7  _exit     |    000001BB  _set_inte
ASxxxx Linker V03.00 + NoICE + sdld,  page 21.
Hexadecimal  [32-Bits]

Area                       Addr        Size        Decimal Bytes (Attributes)
--------------------       ----        ----        ------- ----- ------------
_HEADER11              00000000    00000001 =           1. bytes (ABS,CON)

        Value  Global            Value  Global            Value  Global    
        -----  ------            -----  ------            -----  ------    
ASxxxx Linker V03.00 + NoICE + sdld,  page 22.
Hexadecimal  [32-Bits]

Area                       Addr        Size        Decimal Bytes (Attributes)
--------------------       ----        ----        ------- ----- ------------
_HOME                  00002FBF    0000027F =         639. bytes (REL,CON)

        Value  Global            Value  Global            Value  Global    
        -----  ------            -----  ------            -----  ------    
     00002FBF  .memset_s |    00002FC8  .memcpy_s |    00002FE5  .remove_V
     00002FE8  .remove_i |    00003005  .add_VBL  |    00003008  .add_int 
     00003013  .wait_vbl |    00003013  _wait_vbl |    00003023  .display_
     00003023  _display_ |    0000303B  _remove_V |    00003046  _add_VBL 
     00003051  _set_spri |    00003076  _set_bkg_ |    0000309B  _set_bkg_
     000030CA  _abs      |    000030D9  _set_tile |    000030DE  _set_bkg_
     000030DE  _set_win_ |    000030E6  _set_spri |    00003116  _set_bkg_
     0000315A  .set_xy_w |    00003163  .set_xy_b |    00003172  .set_xy_s
     000031B8  .padup    |    000031B8  _waitpadu |    000031C8  .jpad    
     000031C8  _joypad   |    000031F0  _waitpad  |    000031F3  .wait_pad
     000031FA  ___sdcc_c |    000031FB  ___memcpy |    000031FB  _memcpy  
ASxxxx Linker V03.00 + NoICE + sdld,  page 23.
Hexadecimal  [32-Bits]

Area                       Addr        Size        Decimal Bytes (Attributes)
--------------------       ----        ----        ------- ----- ------------
_INITIALIZER           0000323E    0000110B =        4363. bytes (REL,CON)

        Value  Global            Value  Global            Value  Global    
        -----  ------            -----  ------            -----  ------    
ASxxxx Linker V03.00 + NoICE + sdld,  page 24.
Hexadecimal  [32-Bits]

Area                       Addr        Size        Decimal Bytes (Attributes)
--------------------       ----        ----        ------- ----- ------------
_GSINIT                00004349    0000000C =          12. bytes (REL,CON)

        Value  Global            Value  Global            Value  Global    
        -----  ------            -----  ------            -----  ------    
     00004349  gsinit   
ASxxxx Linker V03.00 + NoICE + sdld,  page 25.
Hexadecimal  [32-Bits]

Area                       Addr        Size        Decimal Bytes (Attributes)
--------------------       ----        ----        ------- ----- ------------
_GSFINAL               00004355    00000001 =           1. bytes (REL,CON)

        Value  Global            Value  Global            Value  Global    
        -----  ------            -----  ------            -----  ------    
ASxxxx Linker V03.00 + NoICE + sdld,  page 26.
Hexadecimal  [32-Bits]

Area                       Addr        Size        Decimal Bytes (Attributes)
--------------------       ----        ----        ------- ----- ------------
_DATA                  0000C0A0    0000030A =         778. bytes (REL,CON)

        Value  Global            Value  Global            Value  Global    
        -----  ------            -----  ------            -----  ------    
     0000C0A0  __cpu     |    0000C0A1  __is_GBA  |    0000C0A2  .mode    
     0000C0A3  .sys_time |    0000C0A3  _sys_time |    0000C0A5  .int_0x40
     0000C0B9  _bkg      |    0000C0D9  _SPAWN    |    0000C0DA  _Gravity 
     0000C0DB  _JUMP     |    0000C0DC  _CROUCH   |    0000C0DD  _canCROUC
     0000C0DE  _DROP     |    0000C0DF  _x_Adjust |    0000C0E0  _L_LEFT  
     0000C0E1  _L_RIGHT  |    0000C0E2  _canCROUC |    0000C0E3  _canCROUC
     0000C0E4  _DROP_tim |    0000C0E5  _LR_Offse |    0000C0E6  _LR_Offse
     0000C0E7  _UD_Offse |    0000C0E8  _UD_Offse |    0000C0E9  _UD_Offse
     0000C0EA  _ONTO_Lad |    0000C0EB  _DOWN_LAD |    0000C0EC  _UP_LADDE
     0000C0ED  _OFF_LADD |    0000C0EE  _LADDER   |    0000C0EF  _ONTO_Lad
     0000C0F0  _DOWN_LAD |    0000C0F1  _DOWN_LAD |    0000C0F2  _UP_LADDE
     0000C0F3  _OFF_LADD |    0000C0F4  _LADDER_R |    0000C0F5  _joy     
     0000C0F6  _last_joy |    0000C0F7  _px       |    0000C0F8  _py      
     0000C0F9  _GAMEOVER |    0000C0FA  _WINNER   |    0000C0FB  _gamestat
     0000C0FC  _current_ |    0000C0FE  _ATTACH   |    0000C0FF  _x_Collid
     0000C100  _y_Collid |    0000C101  _current_ |    0000C102  _dir     
     0000C103  _last_dir |    0000C104  _active_a |    0000C344  _active_b
     0000C3A4  _total_ac |    0000C3A5  _hiwater  |    0000C3A6  .image_ti
     0000C3A7  ___curren |    0000C3A9  ___curren
ASxxxx Linker V03.00 + NoICE + sdld,  page 27.
Hexadecimal  [32-Bits]

Area                       Addr        Size        Decimal Bytes (Attributes)
--------------------       ----        ----        ------- ----- ------------
_INITIALIZED           0000C3AA    0000110B =        4363. bytes (REL,CON)

        Value  Global            Value  Global            Value  Global    
        -----  ------            -----  ------            -----  ------    
     0000C3AA  _lvl1_cam |    0000C3AE  _lvl1_cam |    0000C3B1  _lvl1_cam
     0000C3B4  _lvl1_cam |    0000C3B6  _cam1     |    0000C3B9  _cam2    
     0000C3BB  _cam3     |    0000C3BD  _cam4     |    0000C3BE  _lvl2_cam
     0000C3C2  _lvl2_cam |    0000C3C5  _lvl2_cam |    0000C3C8  _lvl2_cam
     0000C3CA  _lvl2_cam |    0000C3CD  _lvl2_cam |    0000C3CF  _lvl2_cam
     0000C3D1  _lvl2_cam |    0000C3D2  _shadow_s |    0000C3D3  _shadow_s
     0000C3D4  _cam_ptr  |    0000C3D6  _render_a |    0000C3D7  _bullet_t
     0000C3D8  _RENDERCA |    0000C3D9  _animate_ |    0000C3DB  _collide_
     0000C3DD  _load_sub |    0000C3DF  _animatio |    0000C3E0  _STAGE_DR
     0000CCDC  _STAGE_DR |    0000D3E4  _STAGE_DR |    0000D4B4  ___render
ASxxxx Linker V03.00 + NoICE + sdld,  page 28.
Hexadecimal  [32-Bits]

Area                       Addr        Size        Decimal Bytes (Attributes)
--------------------       ----        ----        ------- ----- ------------
_HRAM12                00000000    00000003 =           3. bytes (ABS,CON)

        Value  Global            Value  Global            Value  Global    
        -----  ------            -----  ------            -----  ------    
     0000FF90  __current |    0000FF92  __shadow_
ASxxxx Linker V03.00 + NoICE + sdld,  page 29.
Hexadecimal  [32-Bits]

Area                       Addr        Size        Decimal Bytes (Attributes)
--------------------       ----        ----        ------- ----- ------------
_CODE_5                00054000    00001546 =        5446. bytes (REL,CON)

        Value  Global            Value  Global            Value  Global    
        -----  ------            -----  ------            -----  ------    
     00054000  _anim_lev |    000548AA  _level1   |    000548B6  _spawn_bu
     000549E6  _npc_coll |    00054D34  _init_sub |    00054E4C  _setup_lv
     00054EB5  _enter_lv
ASxxxx Linker V03.00 + NoICE + sdld,  page 30.
Hexadecimal  [32-Bits]

Area                       Addr        Size        Decimal Bytes (Attributes)
--------------------       ----        ----        ------- ----- ------------
_CODE_7                00074000    0000176C =        5996. bytes (REL,CON)

        Value  Global            Value  Global            Value  Global    
        -----  ------            -----  ------            -----  ------    
     00074000  _anim_lev |    000748AA  _level2   |    000748B6  _level2_a
     00074A96  _level2_b |    00074AF6  _spawn_bu |    00074C26  _npc_coll
     00074F74  _init_sub |    0007508C  _setup_lv |    000750ED  _enter_lv
ASxxxx Linker V03.00 + NoICE + sdld,  page 31.
Hexadecimal  [32-Bits]

Area                       Addr        Size        Decimal Bytes (Attributes)
--------------------       ----        ----        ------- ----- ------------
_CODE_10               000A4000    0000108E =        4238. bytes (REL,CON)

        Value  Global            Value  Global            Value  Global    
        -----  ------            -----  ------            -----  ------    
     000A4000  _bullet_d |    000A4020  _bullet_m |    000A4028  _bullet_m
     000A402A  _bullet_s |    000A402E  _detectiv |    000A4AEE  _detectiv
     000A4B06  _detectiv |    000A4B1E  _detectiv |    000A4B3A  _detectiv
     000A4B52  _detectiv |    000A4B6E  _detectiv |    000A4B8A  _detectiv
     000A4BA6  _detectiv |    000A4BC2  _detectiv |    000A4BDE  _detectiv
     000A4BFA  _detectiv |    000A4C16  _detectiv |    000A4C32  _detectiv
     000A4C4E  _detectiv |    000A4C6A  _detectiv |    000A4C86  _detectiv
     000A4C9E  _detectiv |    000A4CBA  _detectiv |    000A4CD6  _detectiv
     000A4CFA  _detectiv |    000A4D0C  _detectiv |    000A4D10  _detectiv
     000A4D1A  _detectiv |    000A4D24  _detectiv |    000A4D2A  _detectiv
     000A4D2E  _detectiv |    000A4D36  _detectiv |    000A4D3A  _detectiv
     000A4D42  _detectiv |    000A4D4A  _elevator |    000A4D8A  _elevator
     000A4DA6  _elevator |    000A4DA8  _elevator |    000A4DAC  _NPC_elec
     000A4E2C  _NPC_elec |    000A4E38  _NPC_elec |    000A4E44  _NPC_elec
     000A4E48  _NPC_elec |    000A4E4E  _level1_a |    000A502E  _level1_b
ASxxxx Linker V03.00 + NoICE + sdld,  page 32.

Files Linked                              [ module(s) ]

C:\c_code\gbdk\lib/small/asxxxx/gb/crt0.o
                                          [ Runtime ]
C:\Users\User\AppData\Local\Temp/lcc180840.rel
                                          [ camera ]
C:\Users\User\AppData\Local\Temp/lcc180841.rel
                                          [ collisions ]
C:\Users\User\AppData\Local\Temp/lcc180842.rel
                                          [ ladder ]
C:\Users\User\AppData\Local\Temp/lcc180843.rel
                                          [ level1 ]
C:\Users\User\AppData\Local\Temp/lcc180844.rel
                                          [ level2 ]
C:\Users\User\AppData\Local\Temp/lcc180845.rel
                                          [ main ]
C:\Users\User\AppData\Local\Temp/lcc180846.rel
                                          [ scene ]
C:\Users\User\AppData\Local\Temp/lcc180847.rel
                                          [ bullet ]
C:\Users\User\AppData\Local\Temp/lcc180848.rel
                                          [ detective_large ]
C:\Users\User\AppData\Local\Temp/lcc180849.rel
                                          [ elevator ]
C:\Users\User\AppData\Local\Temp/lcc1808410.rel
                                          [ NPC_electric ]
C:\Users\User\AppData\Local\Temp/lcc1808411.rel
                                          [ stage_drop_collision ]
C:\Users\User\AppData\Local\Temp/lcc1808412.rel
                                          [ stage_drop_map ]
C:\Users\User\AppData\Local\Temp/lcc1808413.rel
                                          [ stage_drop_tiles ]
C:\Users\User\AppData\Local\Temp/lcc1808414.rel
                                          [ lvl1_actors ]


Libraries Linked                          [ object file ]

C:\c_code\gbdk\lib/small/asxxxx/gb/gb.lib
                                          [ sfr.o ]
C:\c_code\gbdk\lib/small/asxxxx/gb/gb.lib
                                          [ metasprites_hide.o ]
C:\c_code\gbdk\lib/small/asxxxx/gbz80/gbz80.lib
                                          [ abs.o ]
C:\c_code\gbdk\lib/small/asxxxx/gb/gb.lib
                                          [ set_data.o ]
C:\c_code\gbdk\lib/small/asxxxx/gb/gb.lib
                                          [ set_tile_submap.o ]
C:\c_code\gbdk\lib/small/asxxxx/gb/gb.lib
                                          [ pad.o ]
C:\c_code\gbdk\lib/small/asxxxx/gb/gb.lib
                                          [ metasprites.o ]
C:\c_code\gbdk\lib/small/asxxxx/gbz80/gbz80.lib
                                          [ __sdcc_call_hl.o ]
C:\c_code\gbdk\lib/small/asxxxx/gbz80/gbz80.lib
                                          [ _memcpy.o ]
C:\c_code\gbdk\lib/small/asxxxx/gb/gb.lib
                                          [ metasprites_flip.o ]

ASxxxx Linker V03.00 + NoICE + sdld,  page 33.

User Base Address Definitions

_DATA=0xC0A0
_CODE=0x0200
ASxxxx Linker V03.00 + NoICE + sdld,  page 34.

User Global Definitions

_shadow_OAM=0xC000
.STACK=0xE000
.refresh_OAM=0xFF80

